<?xml version="1.0" encoding="utf-8"?>
<TestRun id="4cf55024-81fc-4938-a91d-a375aacd2ab5" name="@yunMacBook-Pro 2026-09-27 21:52:30" xmlns="http://microsoft.com/schemas/VisualStudio/TeamTest/2010">
  <Times creation="2026-09-27T21:52:30.2356510+08:00" queuing="2026-09-27T21:52:30.2356510+08:00" start="2026-09-27T21:52:27.2081460+08:00" finish="2026-09-27T21:52:30.3095770+08:00" />
  <TestSettings name="default" id="74b51277-e3ed-4197-b005-a76e3114de13">
    <Deployment runDeploymentRoot="_yunMacBook-Pro_2026-09-27_21_52_30" />
  </TestSettings>
  <Results>
    <UnitTestResult executionId="e4fe2f01-728c-42bf-a4e5-518a75d6bff4" testId="10f8b8ad-c723-580e-d7bf-23bd2ef3a683" testName="A11 Reset does not alter independent EditingSession" computerName="yunMacBook-Pro" duration="00:00:00.0000792" startTime="2026-09-27T21:52:30.2105780+08:00" endTime="2026-09-27T21:52:30.2106630+08:00" testType="13cdc9d9-ddb5-4fa4-a97d-d965ccfc6d4b" outcome="Passed" testListId="8c84fa94-04c1-424b-9868-57a2d4851a1d" relativeResultsDirectory="e4fe2f01-728c-42bf-a4e5-518a75d6bff4" />
    <UnitTestResult executionId="096805be-661f-4313-8a53-9e00f7f538db" testId="8d32fdc8-d8b4-3294-0b24-f91cd1200a6f" testName="A06 invalid visitor/search arguments do not visit" computerName="yunMacBook-Pro" duration="00:00:00.0003232" startTime="2026-09-27T21:52:30.2777420+08:00" endTime="2026-09-27T21:52:30.2780830+08:00" testType="13cdc9d9-ddb5-4fa4-a97d-d965ccfc6d4b" outcome="Passed" testListId="8c84fa94-04c1-424b-9868-57a2d4851a1d" relativeResultsDirectory="096805be-661f-4313-8a53-9e00f7f538db" />
    <UnitTestResult executionId="6639d5c6-c415-4fe2-b814-89127539f34d" testId="f6a380b1-5c9d-47eb-6f04-00e65595169f" testName="A08 invalid Reset preserves root clipboard and both histories" computerName="yunMacBook-Pro" duration="00:00:00.0019187" startTime="2026-09-27T21:52:30.2075730+08:00" endTime="2026-09-27T21:52:30.2095050+08:00" testType="13cdc9d9-ddb5-4fa4-a97d-d965ccfc6d4b" outcome="Passed" testListId="8c84fa94-04c1-424b-9868-57a2d4851a1d" relativeResultsDirectory="6639d5c6-c415-4fe2-b814-89127539f34d" />
    <UnitTestResult executionId="e7ac2cfc-23d4-4472-85a9-a2fc3f73d3ef" testId="1f9f3f54-f1d1-5e1b-daa3-0f6e262105df" testName="L02 Domain has no Console TextWriter or XML presentation dependencies" computerName="yunMacBook-Pro" duration="00:00:00.0010872" startTime="2026-09-27T21:52:30.2204290+08:00" endTime="2026-09-27T21:52:30.2215370+08:00" testType="13cdc9d9-ddb5-4fa4-a97d-d965ccfc6d4b" outcome="Passed" testListId="8c84fa94-04c1-424b-9868-57a2d4851a1d" relativeResultsDirectory="e7ac2cfc-23d4-4472-85a9-a2fc3f73d3ef" />
    <UnitTestResult executionId="42f3228c-8bd0-47f8-a4ce-f0cacc807b7b" testId="e7efc74a-1cd0-66b5-90a3-26630f166bc5" testName="A09 same Root Reset cleans session without clearing domain" computerName="yunMacBook-Pro" duration="00:00:00.0030727" startTime="2026-09-27T21:52:30.2040640+08:00" endTime="2026-09-27T21:52:30.2073570+08:00" testType="13cdc9d9-ddb5-4fa4-a97d-d965ccfc6d4b" outcome="Passed" testListId="8c84fa94-04c1-424b-9868-57a2d4851a1d" relativeResultsDirectory="42f3228c-8bd0-47f8-a4ce-f0cacc807b7b" />
    <UnitTestResult executionId="9c92199e-008e-4225-994f-af22dd3a2689" testId="46338258-5bcb-d275-9cd2-0f434bc2afa2" testName="A10 shared references use one Command history and preserve failure/noop" computerName="yunMacBook-Pro" duration="00:00:00.0003219" startTime="2026-09-27T21:52:30.2096360+08:00" endTime="2026-09-27T21:52:30.2099680+08:00" testType="13cdc9d9-ddb5-4fa4-a97d-d965ccfc6d4b" outcome="Passed" testListId="8c84fa94-04c1-424b-9868-57a2d4851a1d" relativeResultsDirectory="9c92199e-008e-4225-994f-af22dd3a2689" />
    <UnitTestResult executionId="b4c0b07f-44af-4a81-8c68-8dac88b702cc" testId="b0c0cce7-8d26-f7fe-cd5b-538608b46ada" testName="A05 visitor deep traversal and checked overflow" computerName="yunMacBook-Pro" duration="00:00:00.0446780" startTime="2026-09-27T21:52:30.2324240+08:00" endTime="2026-09-27T21:52:30.2771260+08:00" testType="13cdc9d9-ddb5-4fa4-a97d-d965ccfc6d4b" outcome="Passed" testListId="8c84fa94-04c1-424b-9868-57a2d4851a1d" relativeResultsDirectory="b4c0b07f-44af-4a81-8c68-8dac88b702cc" />
    <UnitTestResult executionId="ec3eb77c-5fb2-4e0a-a71d-ea9a6b18570c" testId="0357f55c-8212-063f-2c8f-033590b47d5f" testName="A01 singleton identity private construction explicit initialization" computerName="yunMacBook-Pro" duration="00:00:00.1426779" startTime="2026-09-27T21:52:30.0456500+08:00" endTime="2026-09-27T21:52:30.2008300+08:00" testType="13cdc9d9-ddb5-4fa4-a97d-d965ccfc6d4b" outcome="Failed" testListId="8c84fa94-04c1-424b-9868-57a2d4851a1d" relativeResultsDirectory="ec3eb77c-5fb2-4e0a-a71d-ea9a6b18570c">
      <Output>
        <ErrorInfo>
          <Message>Cold-start probe exit 1: realpath(/Users/juyunho/Documents/Code/winbond/CloudFileManager/tests/CloudFileManager.ArchitectureTests/bin/Release/net10.0/ColdStartProbe/ColdStartProbe.dll) failed: Not a directory
Could not execute because the specified command or file was not found.
</Message>
          <StackTrace>   at CloudFileManager.ArchitectureTests.SessionLifecycleTests.A01() in /Users/juyunho/Documents/Code/winbond/CloudFileManager/tests/CloudFileManager.ArchitectureTests/Behavior/SessionLifecycleTests.cs:line 31
--- End of stack trace from previous location ---</StackTrace>
        </ErrorInfo>
      </Output>
    </UnitTestResult>
    <UnitTestResult executionId="05047565-9728-43a7-ae1e-6493cfa530c2" testId="2ea4866e-7868-b878-1ab9-23f863a998d7" testName="A12 serial Reset cycles prevent previous case state leaks" computerName="yunMacBook-Pro" duration="00:00:00.0001057" startTime="2026-09-27T21:52:30.2100510+08:00" endTime="2026-09-27T21:52:30.2101650+08:00" testType="13cdc9d9-ddb5-4fa4-a97d-d965ccfc6d4b" outcome="Passed" testListId="8c84fa94-04c1-424b-9868-57a2d4851a1d" relativeResultsDirectory="05047565-9728-43a7-ae1e-6493cfa530c2" />
    <UnitTestResult executionId="6634270f-788c-4f75-b16f-b2b8107022b6" testId="97ebc00a-3a2f-5498-b1d3-c1685ed6e842" testName="L04 negative control detects fully qualified Application reference in method body" computerName="yunMacBook-Pro" duration="00:00:00.0007625" startTime="2026-09-27T21:52:30.2216930+08:00" endTime="2026-09-27T21:52:30.2224650+08:00" testType="13cdc9d9-ddb5-4fa4-a97d-d965ccfc6d4b" outcome="Passed" testListId="8c84fa94-04c1-424b-9868-57a2d4851a1d" relativeResultsDirectory="6634270f-788c-4f75-b16f-b2b8107022b6" />
    <UnitTestResult executionId="8a104451-60a6-4180-bdbf-90a06b0565dc" testId="d14c67ab-5098-337d-ec32-70b10be4b6b3" testName="L05 negative control detects Application nested generic and signature dependency" computerName="yunMacBook-Pro" duration="00:00:00.0053566" startTime="2026-09-27T21:52:30.2138000+08:00" endTime="2026-09-27T21:52:30.2191850+08:00" testType="13cdc9d9-ddb5-4fa4-a97d-d965ccfc6d4b" outcome="Passed" testListId="8c84fa94-04c1-424b-9868-57a2d4851a1d" relativeResultsDirectory="8a104451-60a6-4180-bdbf-90a06b0565dc" />
    <UnitTestResult executionId="01883fd8-b972-480a-ab3c-d9790cc9676d" testId="d22702e2-8176-82f8-e7cb-387f5c5dcd6e" testName="A07 reset replaces Root clears populated clipboard undo redo" computerName="yunMacBook-Pro" duration="00:00:00.0001928" startTime="2026-09-27T21:52:30.2102710+08:00" endTime="2026-09-27T21:52:30.2104700+08:00" testType="13cdc9d9-ddb5-4fa4-a97d-d965ccfc6d4b" outcome="Passed" testListId="8c84fa94-04c1-424b-9868-57a2d4851a1d" relativeResultsDirectory="01883fd8-b972-480a-ab3c-d9790cc9676d" />
    <UnitTestResult executionId="58592ab6-f407-4cd4-a760-09a62967e1be" testId="ce27e6cb-3f10-c749-125f-30d31638844b" testName="L01 Domain compiled metadata and IL depend only on Domain or BCL" computerName="yunMacBook-Pro" duration="00:00:00.0009252" startTime="2026-09-27T21:52:30.2193630+08:00" endTime="2026-09-27T21:52:30.2203030+08:00" testType="13cdc9d9-ddb5-4fa4-a97d-d965ccfc6d4b" outcome="Passed" testListId="8c84fa94-04c1-424b-9868-57a2d4851a1d" relativeResultsDirectory="58592ab6-f407-4cd4-a760-09a62967e1be" />
    <UnitTestResult executionId="e4fd1f11-3cf5-45f0-b027-d616b6f14b91" testId="68a525fc-0f0b-0be4-8cc5-dd3bdb095a0b" testName="L03 all production types classified; Application stays inward" computerName="yunMacBook-Pro" duration="00:00:00.0052338" startTime="2026-09-27T21:52:30.2225850+08:00" endTime="2026-09-27T21:52:30.2278430+08:00" testType="13cdc9d9-ddb5-4fa4-a97d-d965ccfc6d4b" outcome="Passed" testListId="8c84fa94-04c1-424b-9868-57a2d4851a1d" relativeResultsDirectory="e4fd1f11-3cf5-45f0-b027-d616b6f14b91" />
    <UnitTestResult executionId="87bd5fd0-a9ed-4408-be00-50d2bbc9309c" testId="a1bdec1d-4f85-05be-26f3-e57d3fc6e19a" testName="A03 production size visitor all types and repeated call isolation" computerName="yunMacBook-Pro" duration="00:00:00.0001492" startTime="2026-09-27T21:52:30.2782150+08:00" endTime="2026-09-27T21:52:30.2783730+08:00" testType="13cdc9d9-ddb5-4fa4-a97d-d965ccfc6d4b" outcome="Passed" testListId="8c84fa94-04c1-424b-9868-57a2d4851a1d" relativeResultsDirectory="87bd5fd0-a9ed-4408-be00-50d2bbc9309c" />
    <UnitTestResult executionId="145903ff-002b-42bb-af37-5580bb4bedf9" testId="fcb1aa50-5d63-f854-3b0b-9e3a524f8b73" testName="L06 Application mutation access limited to approved commands bootstrap and revision reader" computerName="yunMacBook-Pro" duration="00:00:00.0027846" startTime="2026-09-27T21:52:30.2280910+08:00" endTime="2026-09-27T21:52:30.2309020+08:00" testType="13cdc9d9-ddb5-4fa4-a97d-d965ccfc6d4b" outcome="Passed" testListId="8c84fa94-04c1-424b-9868-57a2d4851a1d" relativeResultsDirectory="145903ff-002b-42bb-af37-5580bb4bedf9" />
    <UnitTestResult executionId="436a9142-540e-4078-8c9f-ead8a08062a2" testId="b7728d61-757c-127b-2ef4-c2549c467b48" testName="A04 production search visitor type filtering normalization readonly" computerName="yunMacBook-Pro" duration="00:00:00.0010971" startTime="2026-09-27T21:52:30.2311970+08:00" endTime="2026-09-27T21:52:30.2323070+08:00" testType="13cdc9d9-ddb5-4fa4-a97d-d965ccfc6d4b" outcome="Passed" testListId="8c84fa94-04c1-424b-9868-57a2d4851a1d" relativeResultsDirectory="436a9142-540e-4078-8c9f-ead8a08062a2" />
    <UnitTestResult executionId="9e44d7f5-73c9-481f-bca7-2b3f6568e574" testId="6a317b73-4df6-c26b-5acb-c57e84477b4f" testName="A02 typed Accept dispatch is one node, traversal owns DFS" computerName="yunMacBook-Pro" duration="00:00:00.0003111" startTime="2026-09-27T21:52:30.2784770+08:00" endTime="2026-09-27T21:52:30.2787950+08:00" testType="13cdc9d9-ddb5-4fa4-a97d-d965ccfc6d4b" outcome="Passed" testListId="8c84fa94-04c1-424b-9868-57a2d4851a1d" relativeResultsDirectory="9e44d7f5-73c9-481f-bca7-2b3f6568e574" />
  </Results>
  <TestDefinitions>
    <UnitTest name="A01 singleton identity private construction explicit initialization" storage="/users/juyunho/documents/code/winbond/cloudfilemanager/tests/cloudfilemanager.architecturetests/bin/release/net10.0/cloudfilemanager.architecturetests.dll" id="0357f55c-8212-063f-2c8f-033590b47d5f">
      <Execution id="ec3eb77c-5fb2-4e0a-a71d-ea9a6b18570c" />
      <TestMethod codeBase="/Users/juyunho/Documents/Code/winbond/CloudFileManager/tests/CloudFileManager.ArchitectureTests/bin/Release/net10.0/CloudFileManager.ArchitectureTests.dll" adapterTypeName="executor://xunit/VsTestRunner3/netcore/" className="CloudFileManager.ArchitectureTests.SessionLifecycleTests" name="A01" />
    </UnitTest>
    <UnitTest name="A05 visitor deep traversal and checked overflow" storage="/users/juyunho/documents/code/winbond/cloudfilemanager/tests/cloudfilemanager.architecturetests/bin/release/net10.0/cloudfilemanager.architecturetests.dll" id="b0c0cce7-8d26-f7fe-cd5b-538608b46ada">
      <Execution id="b4c0b07f-44af-4a81-8c68-8dac88b702cc" />
      <TestMethod codeBase="/Users/juyunho/Documents/Code/winbond/CloudFileManager/tests/CloudFileManager.ArchitectureTests/bin/Release/net10.0/CloudFileManager.ArchitectureTests.dll" adapterTypeName="executor://xunit/VsTestRunner3/netcore/" className="CloudFileManager.ArchitectureTests.VisitorBehaviorTests" name="A05" />
    </UnitTest>
    <UnitTest name="L03 all production types classified; Application stays inward" storage="/users/juyunho/documents/code/winbond/cloudfilemanager/tests/cloudfilemanager.architecturetests/bin/release/net10.0/cloudfilemanager.architecturetests.dll" id="68a525fc-0f0b-0be4-8cc5-dd3bdb095a0b">
      <Execution id="e4fd1f11-3cf5-45f0-b027-d616b6f14b91" />
      <TestMethod codeBase="/Users/juyunho/Documents/Code/winbond/CloudFileManager/tests/CloudFileManager.ArchitectureTests/bin/Release/net10.0/CloudFileManager.ArchitectureTests.dll" adapterTypeName="executor://xunit/VsTestRunner3/netcore/" className="CloudFileManager.ArchitectureTests.LayerDependencyTests" name="L03" />
    </UnitTest>
    <UnitTest name="A12 serial Reset cycles prevent previous case state leaks" storage="/users/juyunho/documents/code/winbond/cloudfilemanager/tests/cloudfilemanager.architecturetests/bin/release/net10.0/cloudfilemanager.architecturetests.dll" id="2ea4866e-7868-b878-1ab9-23f863a998d7">
      <Execution id="05047565-9728-43a7-ae1e-6493cfa530c2" />
      <TestMethod codeBase="/Users/juyunho/Documents/Code/winbond/CloudFileManager/tests/CloudFileManager.ArchitectureTests/bin/Release/net10.0/CloudFileManager.ArchitectureTests.dll" adapterTypeName="executor://xunit/VsTestRunner3/netcore/" className="CloudFileManager.ArchitectureTests.SessionLifecycleTests" name="A12" />
    </UnitTest>
    <UnitTest name="A04 production search visitor type filtering normalization readonly" storage="/users/juyunho/documents/code/winbond/cloudfilemanager/tests/cloudfilemanager.architecturetests/bin/release/net10.0/cloudfilemanager.architecturetests.dll" id="b7728d61-757c-127b-2ef4-c2549c467b48">
      <Execution id="436a9142-540e-4078-8c9f-ead8a08062a2" />
      <TestMethod codeBase="/Users/juyunho/Documents/Code/winbond/CloudFileManager/tests/CloudFileManager.ArchitectureTests/bin/Release/net10.0/CloudFileManager.ArchitectureTests.dll" adapterTypeName="executor://xunit/VsTestRunner3/netcore/" className="CloudFileManager.ArchitectureTests.VisitorBehaviorTests" name="A04" />
    </UnitTest>
    <UnitTest name="A03 production size visitor all types and repeated call isolation" storage="/users/juyunho/documents/code/winbond/cloudfilemanager/tests/cloudfilemanager.architecturetests/bin/release/net10.0/cloudfilemanager.architecturetests.dll" id="a1bdec1d-4f85-05be-26f3-e57d3fc6e19a">
      <Execution id="87bd5fd0-a9ed-4408-be00-50d2bbc9309c" />
      <TestMethod codeBase="/Users/juyunho/Documents/Code/winbond/CloudFileManager/tests/CloudFileManager.ArchitectureTests/bin/Release/net10.0/CloudFileManager.ArchitectureTests.dll" adapterTypeName="executor://xunit/VsTestRunner3/netcore/" className="CloudFileManager.ArchitectureTests.VisitorBehaviorTests" name="A03" />
    </UnitTest>
    <UnitTest name="L05 negative control detects Application nested generic and signature dependency" storage="/users/juyunho/documents/code/winbond/cloudfilemanager/tests/cloudfilemanager.architecturetests/bin/release/net10.0/cloudfilemanager.architecturetests.dll" id="d14c67ab-5098-337d-ec32-70b10be4b6b3">
      <Execution id="8a104451-60a6-4180-bdbf-90a06b0565dc" />
      <TestMethod codeBase="/Users/juyunho/Documents/Code/winbond/CloudFileManager/tests/CloudFileManager.ArchitectureTests/bin/Release/net10.0/CloudFileManager.ArchitectureTests.dll" adapterTypeName="executor://xunit/VsTestRunner3/netcore/" className="CloudFileManager.ArchitectureTests.LayerDependencyTests" name="L05" />
    </UnitTest>
    <UnitTest name="A09 same Root Reset cleans session without clearing domain" storage="/users/juyunho/documents/code/winbond/cloudfilemanager/tests/cloudfilemanager.architecturetests/bin/release/net10.0/cloudfilemanager.architecturetests.dll" id="e7efc74a-1cd0-66b5-90a3-26630f166bc5">
      <Execution id="42f3228c-8bd0-47f8-a4ce-f0cacc807b7b" />
      <TestMethod codeBase="/Users/juyunho/Documents/Code/winbond/CloudFileManager/tests/CloudFileManager.ArchitectureTests/bin/Release/net10.0/CloudFileManager.ArchitectureTests.dll" adapterTypeName="executor://xunit/VsTestRunner3/netcore/" className="CloudFileManager.ArchitectureTests.SessionLifecycleTests" name="A09" />
    </UnitTest>
    <UnitTest name="A06 invalid visitor/search arguments do not visit" storage="/users/juyunho/documents/code/winbond/cloudfilemanager/tests/cloudfilemanager.architecturetests/bin/release/net10.0/cloudfilemanager.architecturetests.dll" id="8d32fdc8-d8b4-3294-0b24-f91cd1200a6f">
      <Execution id="096805be-661f-4313-8a53-9e00f7f538db" />
      <TestMethod codeBase="/Users/juyunho/Documents/Code/winbond/CloudFileManager/tests/CloudFileManager.ArchitectureTests/bin/Release/net10.0/CloudFileManager.ArchitectureTests.dll" adapterTypeName="executor://xunit/VsTestRunner3/netcore/" className="CloudFileManager.ArchitectureTests.VisitorBehaviorTests" name="A06" />
    </UnitTest>
    <UnitTest name="A08 invalid Reset preserves root clipboard and both histories" storage="/users/juyunho/documents/code/winbond/cloudfilemanager/tests/cloudfilemanager.architecturetests/bin/release/net10.0/cloudfilemanager.architecturetests.dll" id="f6a380b1-5c9d-47eb-6f04-00e65595169f">
      <Execution id="6639d5c6-c415-4fe2-b814-89127539f34d" />
      <TestMethod codeBase="/Users/juyunho/Documents/Code/winbond/CloudFileManager/tests/CloudFileManager.ArchitectureTests/bin/Release/net10.0/CloudFileManager.ArchitectureTests.dll" adapterTypeName="executor://xunit/VsTestRunner3/netcore/" className="CloudFileManager.ArchitectureTests.SessionLifecycleTests" name="A08" />
    </UnitTest>
    <UnitTest name="L04 negative control detects fully qualified Application reference in method body" storage="/users/juyunho/documents/code/winbond/cloudfilemanager/tests/cloudfilemanager.architecturetests/bin/release/net10.0/cloudfilemanager.architecturetests.dll" id="97ebc00a-3a2f-5498-b1d3-c1685ed6e842">
      <Execution id="6634270f-788c-4f75-b16f-b2b8107022b6" />
      <TestMethod codeBase="/Users/juyunho/Documents/Code/winbond/CloudFileManager/tests/CloudFileManager.ArchitectureTests/bin/Release/net10.0/CloudFileManager.ArchitectureTests.dll" adapterTypeName="executor://xunit/VsTestRunner3/netcore/" className="CloudFileManager.ArchitectureTests.LayerDependencyTests" name="L04" />
    </UnitTest>
    <UnitTest name="L06 Application mutation access limited to approved commands bootstrap and revision reader" storage="/users/juyunho/documents/code/winbond/cloudfilemanager/tests/cloudfilemanager.architecturetests/bin/release/net10.0/cloudfilemanager.architecturetests.dll" id="fcb1aa50-5d63-f854-3b0b-9e3a524f8b73">
      <Execution id="145903ff-002b-42bb-af37-5580bb4bedf9" />
      <TestMethod codeBase="/Users/juyunho/Documents/Code/winbond/CloudFileManager/tests/CloudFileManager.ArchitectureTests/bin/Release/net10.0/CloudFileManager.ArchitectureTests.dll" adapterTypeName="executor://xunit/VsTestRunner3/netcore/" className="CloudFileManager.ArchitectureTests.LayerDependencyTests" name="L06" />
    </UnitTest>
    <UnitTest name="A11 Reset does not alter independent EditingSession" storage="/users/juyunho/documents/code/winbond/cloudfilemanager/tests/cloudfilemanager.architecturetests/bin/release/net10.0/cloudfilemanager.architecturetests.dll" id="10f8b8ad-c723-580e-d7bf-23bd2ef3a683">
      <Execution id="e4fe2f01-728c-42bf-a4e5-518a75d6bff4" />
      <TestMethod codeBase="/Users/juyunho/Documents/Code/winbond/CloudFileManager/tests/CloudFileManager.ArchitectureTests/bin/Release/net10.0/CloudFileManager.ArchitectureTests.dll" adapterTypeName="executor://xunit/VsTestRunner3/netcore/" className="CloudFileManager.ArchitectureTests.SessionLifecycleTests" name="A11" />
    </UnitTest>
    <UnitTest name="L02 Domain has no Console TextWriter or XML presentation dependencies" storage="/users/juyunho/documents/code/winbond/cloudfilemanager/tests/cloudfilemanager.architecturetests/bin/release/net10.0/cloudfilemanager.architecturetests.dll" id="1f9f3f54-f1d1-5e1b-daa3-0f6e262105df">
      <Execution id="e7ac2cfc-23d4-4472-85a9-a2fc3f73d3ef" />
      <TestMethod codeBase="/Users/juyunho/Documents/Code/winbond/CloudFileManager/tests/CloudFileManager.ArchitectureTests/bin/Release/net10.0/CloudFileManager.ArchitectureTests.dll" adapterTypeName="executor://xunit/VsTestRunner3/netcore/" className="CloudFileManager.ArchitectureTests.LayerDependencyTests" name="L02" />
    </UnitTest>
    <UnitTest name="A10 shared references use one Command history and preserve failure/noop" storage="/users/juyunho/documents/code/winbond/cloudfilemanager/tests/cloudfilemanager.architecturetests/bin/release/net10.0/cloudfilemanager.architecturetests.dll" id="46338258-5bcb-d275-9cd2-0f434bc2afa2">
      <Execution id="9c92199e-008e-4225-994f-af22dd3a2689" />
      <TestMethod codeBase="/Users/juyunho/Documents/Code/winbond/CloudFileManager/tests/CloudFileManager.ArchitectureTests/bin/Release/net10.0/CloudFileManager.ArchitectureTests.dll" adapterTypeName="executor://xunit/VsTestRunner3/netcore/" className="CloudFileManager.ArchitectureTests.SessionLifecycleTests" name="A10" />
    </UnitTest>
    <UnitTest name="A02 typed Accept dispatch is one node, traversal owns DFS" storage="/users/juyunho/documents/code/winbond/cloudfilemanager/tests/cloudfilemanager.architecturetests/bin/release/net10.0/cloudfilemanager.architecturetests.dll" id="6a317b73-4df6-c26b-5acb-c57e84477b4f">
      <Execution id="9e44d7f5-73c9-481f-bca7-2b3f6568e574" />
      <TestMethod codeBase="/Users/juyunho/Documents/Code/winbond/CloudFileManager/tests/CloudFileManager.ArchitectureTests/bin/Release/net10.0/CloudFileManager.ArchitectureTests.dll" adapterTypeName="executor://xunit/VsTestRunner3/netcore/" className="CloudFileManager.ArchitectureTests.VisitorBehaviorTests" name="A02" />
    </UnitTest>
    <UnitTest name="L01 Domain compiled metadata and IL depend only on Domain or BCL" storage="/users/juyunho/documents/code/winbond/cloudfilemanager/tests/cloudfilemanager.architecturetests/bin/release/net10.0/cloudfilemanager.architecturetests.dll" id="ce27e6cb-3f10-c749-125f-30d31638844b">
      <Execution id="58592ab6-f407-4cd4-a760-09a62967e1be" />
      <TestMethod codeBase="/Users/juyunho/Documents/Code/winbond/CloudFileManager/tests/CloudFileManager.ArchitectureTests/bin/Release/net10.0/CloudFileManager.ArchitectureTests.dll" adapterTypeName="executor://xunit/VsTestRunner3/netcore/" className="CloudFileManager.ArchitectureTests.LayerDependencyTests" name="L01" />
    </UnitTest>
    <UnitTest name="A07 reset replaces Root clears populated clipboard undo redo" storage="/users/juyunho/documents/code/winbond/cloudfilemanager/tests/cloudfilemanager.architecturetests/bin/release/net10.0/cloudfilemanager.architecturetests.dll" id="d22702e2-8176-82f8-e7cb-387f5c5dcd6e">
      <Execution id="01883fd8-b972-480a-ab3c-d9790cc9676d" />
      <TestMethod codeBase="/Users/juyunho/Documents/Code/winbond/CloudFileManager/tests/CloudFileManager.ArchitectureTests/bin/Release/net10.0/CloudFileManager.ArchitectureTests.dll" adapterTypeName="executor://xunit/VsTestRunner3/netcore/" className="CloudFileManager.ArchitectureTests.SessionLifecycleTests" name="A07" />
    </UnitTest>
  </TestDefinitions>
  <TestEntries>
    <TestEntry testId="10f8b8ad-c723-580e-d7bf-23bd2ef3a683" executionId="e4fe2f01-728c-42bf-a4e5-518a75d6bff4" testListId="8c84fa94-04c1-424b-9868-57a2d4851a1d" />
    <TestEntry testId="8d32fdc8-d8b4-3294-0b24-f91cd1200a6f" executionId="096805be-661f-4313-8a53-9e00f7f538db" testListId="8c84fa94-04c1-424b-9868-57a2d4851a1d" />
    <TestEntry testId="f6a380b1-5c9d-47eb-6f04-00e65595169f" executionId="6639d5c6-c415-4fe2-b814-89127539f34d" testListId="8c84fa94-04c1-424b-9868-57a2d4851a1d" />
    <TestEntry testId="1f9f3f54-f1d1-5e1b-daa3-0f6e262105df" executionId="e7ac2cfc-23d4-4472-85a9-a2fc3f73d3ef" testListId="8c84fa94-04c1-424b-9868-57a2d4851a1d" />
    <TestEntry testId="e7efc74a-1cd0-66b5-90a3-26630f166bc5" executionId="42f3228c-8bd0-47f8-a4ce-f0cacc807b7b" testListId="8c84fa94-04c1-424b-9868-57a2d4851a1d" />
    <TestEntry testId="46338258-5bcb-d275-9cd2-0f434bc2afa2" executionId="9c92199e-008e-4225-994f-af22dd3a2689" testListId="8c84fa94-04c1-424b-9868-57a2d4851a1d" />
    <TestEntry testId="b0c0cce7-8d26-f7fe-cd5b-538608b46ada" executionId="b4c0b07f-44af-4a81-8c68-8dac88b702cc" testListId="8c84fa94-04c1-424b-9868-57a2d4851a1d" />
    <TestEntry testId="0357f55c-8212-063f-2c8f-033590b47d5f" executionId="ec3eb77c-5fb2-4e0a-a71d-ea9a6b18570c" testListId="8c84fa94-04c1-424b-9868-57a2d4851a1d" />
    <TestEntry testId="2ea4866e-7868-b878-1ab9-23f863a998d7" executionId="05047565-9728-43a7-ae1e-6493cfa530c2" testListId="8c84fa94-04c1-424b-9868-57a2d4851a1d" />
    <TestEntry testId="97ebc00a-3a2f-5498-b1d3-c1685ed6e842" executionId="6634270f-788c-4f75-b16f-b2b8107022b6" testListId="8c84fa94-04c1-424b-9868-57a2d4851a1d" />
    <TestEntry testId="d14c67ab-5098-337d-ec32-70b10be4b6b3" executionId="8a104451-60a6-4180-bdbf-90a06b0565dc" testListId="8c84fa94-04c1-424b-9868-57a2d4851a1d" />
    <TestEntry testId="d22702e2-8176-82f8-e7cb-387f5c5dcd6e" executionId="01883fd8-b972-480a-ab3c-d9790cc9676d" testListId="8c84fa94-04c1-424b-9868-57a2d4851a1d" />
    <TestEntry testId="ce27e6cb-3f10-c749-125f-30d31638844b" executionId="58592ab6-f407-4cd4-a760-09a62967e1be" testListId="8c84fa94-04c1-424b-9868-57a2d4851a1d" />
    <TestEntry testId="68a525fc-0f0b-0be4-8cc5-dd3bdb095a0b" executionId="e4fd1f11-3cf5-45f0-b027-d616b6f14b91" testListId="8c84fa94-04c1-424b-9868-57a2d4851a1d" />
    <TestEntry testId="a1bdec1d-4f85-05be-26f3-e57d3fc6e19a" executionId="87bd5fd0-a9ed-4408-be00-50d2bbc9309c" testListId="8c84fa94-04c1-424b-9868-57a2d4851a1d" />
    <TestEntry testId="fcb1aa50-5d63-f854-3b0b-9e3a524f8b73" executionId="145903ff-002b-42bb-af37-5580bb4bedf9" testListId="8c84fa94-04c1-424b-9868-57a2d4851a1d" />
    <TestEntry testId="b7728d61-757c-127b-2ef4-c2549c467b48" executionId="436a9142-540e-4078-8c9f-ead8a08062a2" testListId="8c84fa94-04c1-424b-9868-57a2d4851a1d" />
    <TestEntry testId="6a317b73-4df6-c26b-5acb-c57e84477b4f" executionId="9e44d7f5-73c9-481f-bca7-2b3f6568e574" testListId="8c84fa94-04c1-424b-9868-57a2d4851a1d" />
  </TestEntries>
  <TestLists>
    <TestList name="Results Not in a List" id="8c84fa94-04c1-424b-9868-57a2d4851a1d" />
    <TestList name="All Loaded Results" id="19431567-8539-422a-85d7-44ee4e166bda" />
  </TestLists>
  <ResultSummary outcome="Failed">
    <Counters total="18" executed="18" passed="17" failed="1" error="0" timeout="0" aborted="0" inconclusive="0" passedButRunAborted="0" notRunnable="0" notExecuted="0" disconnected="0" warning="0" completed="0" inProgress="0" pending="0" />
    <Output>
      <StdOut>[xUnit.net 00:00:00.00] xUnit.net VSTest Adapter v3.1.5+1b188a7b0a (64-bit .NET 10.0.12)
[xUnit.net 00:00:02.24]   Discovering: CloudFileManager.ArchitectureTests
[xUnit.net 00:00:02.38]   Discovered:  CloudFileManager.ArchitectureTests
[xUnit.net 00:00:02.52]   Starting:    CloudFileManager.ArchitectureTests
[xUnit.net 00:00:02.71]       Cold-start probe exit 1: realpath(/Users/juyunho/Documents/Code/winbond/CloudFileManager/tests/CloudFileManager.ArchitectureTests/bin/Release/net10.0/ColdStartProbe/ColdStartProbe.dll) failed: Not a directory
[xUnit.net 00:00:02.71]       Could not execute because the specified command or file was not found.
[xUnit.net 00:00:02.71]       
[xUnit.net 00:00:02.71]       Stack Trace:
[xUnit.net 00:00:02.71]         /Users/juyunho/Documents/Code/winbond/CloudFileManager/tests/CloudFileManager.ArchitectureTests/Behavior/SessionLifecycleTests.cs(31,0): at CloudFileManager.ArchitectureTests.SessionLifecycleTests.A01()
[xUnit.net 00:00:02.71]         --- End of stack trace from previous location ---
[xUnit.net 00:00:02.79]   Finished:    CloudFileManager.ArchitectureTests (ID = 'e5fcbe0cd9c4f2ebb38ac055517eab9a4244c1cce1010963d176306f158fd342')
</StdOut>
    </Output>
    <RunInfos>
      <RunInfo computerName="yunMacBook-Pro" outcome="Error" timestamp="2026-09-27T21:52:30.2037350+08:00">
        <Text>[xUnit.net 00:00:02.71]     A01 singleton identity private construction explicit initialization [FAIL]</Text>
      </RunInfo>
    </RunInfos>
  </ResultSummary>
</TestRun>