<?xml version="1.0" encoding="utf-8"?>
<TestRun id="1561f9aa-12e3-47ad-b214-fb222261a174" name="@yunMacBook-Pro 2026-10-07 12:51:11" xmlns="http://microsoft.com/schemas/VisualStudio/TeamTest/2010">
  <Times creation="2026-10-07T12:51:11.2518510+08:00" queuing="2026-10-07T12:51:11.2518510+08:00" start="2026-10-07T12:51:10.2792780+08:00" finish="2026-10-07T12:51:12.5002740+08:00" />
  <TestSettings name="default" id="1099a179-aac0-491e-a9c9-37decd7bbc9a">
    <Deployment runDeploymentRoot="_yunMacBook-Pro_2026-10-07_12_51_11" />
  </TestSettings>
  <Results>
    <UnitTestResult executionId="cdcf6191-b2b4-4eb2-bb82-d567a8c3fd89" testId="53d691c3-3864-ac61-15a1-6e44a03b4158" testName="CloudFileManager.PersistenceTests.PersistenceTests.P02_DeletedAllChildrenStayEmptyAfterRestart" computerName="yunMacBook-Pro" duration="00:00:00.0073607" startTime="2026-10-07T12:51:12.4326710+08:00" endTime="2026-10-07T12:51:12.4400540+08:00" testType="13cdc9d9-ddb5-4fa4-a97d-d965ccfc6d4b" outcome="Passed" testListId="8c84fa94-04c1-424b-9868-57a2d4851a1d" relativeResultsDirectory="cdcf6191-b2b4-4eb2-bb82-d567a8c3fd89" />
    <UnitTestResult executionId="85d873da-0809-4875-9a63-8692891ffcb6" testId="2d53ab1c-a5cd-b14e-6ea8-d272080b047f" testName="CloudFileManager.PersistenceTests.PersistenceTests.P10_InvalidDatabaseNeverReseeds(corrupt: &quot;DELETE FROM node_tag; DELETE FROM store_meta;&quot;)" computerName="yunMacBook-Pro" duration="00:00:00.0040080" startTime="2026-10-07T12:51:11.1591500+08:00" endTime="2026-10-07T12:51:11.1631720+08:00" testType="13cdc9d9-ddb5-4fa4-a97d-d965ccfc6d4b" outcome="Passed" testListId="8c84fa94-04c1-424b-9868-57a2d4851a1d" relativeResultsDirectory="85d873da-0809-4875-9a63-8692891ffcb6" />
    <UnitTestResult executionId="7c638ca3-0aef-48de-ae62-0fb56d9aef6c" testId="b8490973-a083-1267-ef73-d67aa047b8fa" testName="CloudFileManager.PersistenceTests.PersistenceTests.P09_UnknownOutcomeFailsClosedWhetherDatabaseCommittedOrNot(actuallyCommit: False)" computerName="yunMacBook-Pro" duration="00:00:00.0027859" startTime="2026-10-07T12:51:11.1724730+08:00" endTime="2026-10-07T12:51:11.1752740+08:00" testType="13cdc9d9-ddb5-4fa4-a97d-d965ccfc6d4b" outcome="Passed" testListId="8c84fa94-04c1-424b-9868-57a2d4851a1d" relativeResultsDirectory="7c638ca3-0aef-48de-ae62-0fb56d9aef6c" />
    <UnitTestResult executionId="ba8fbfad-4c0f-4435-ae82-30225986cd6a" testId="040cc6bf-f21a-7039-5a20-35961b70906e" testName="CloudFileManager.PersistenceTests.PersistenceTests.P11_UnversionedAndCorruptFilesRejectedWithoutOverwrite" computerName="yunMacBook-Pro" duration="00:00:00.0024891" startTime="2026-10-07T12:51:12.3998220+08:00" endTime="2026-10-07T12:51:12.4023300+08:00" testType="13cdc9d9-ddb5-4fa4-a97d-d965ccfc6d4b" outcome="Passed" testListId="8c84fa94-04c1-424b-9868-57a2d4851a1d" relativeResultsDirectory="ba8fbfad-4c0f-4435-ae82-30225986cd6a" />
    <UnitTestResult executionId="a3f56bc8-ce46-45db-8488-b8c22ac02455" testId="af213d2f-eee3-aede-f387-4c89cdfd6b06" testName="CloudFileManager.PersistenceTests.PersistenceTests.P10_InvalidDatabaseNeverReseeds(corrupt: &quot;UPDATE node SET sibling_ordinal=sibling_ordinal+4 &quot;···)" computerName="yunMacBook-Pro" duration="00:00:00.0674622" startTime="2026-10-07T12:51:11.0749210+08:00" endTime="2026-10-07T12:51:11.1453820+08:00" testType="13cdc9d9-ddb5-4fa4-a97d-d965ccfc6d4b" outcome="Passed" testListId="8c84fa94-04c1-424b-9868-57a2d4851a1d" relativeResultsDirectory="a3f56bc8-ce46-45db-8488-b8c22ac02455" />
    <UnitTestResult executionId="4586e58c-768e-4084-8402-029755f89294" testId="31646524-bb8e-f331-17d5-71d5ea00c31d" testName="CloudFileManager.PersistenceTests.PersistenceTests.P05_FailedUndoRedoPreservesStacksRevisionAndCanRetry(redo: False)" computerName="yunMacBook-Pro" duration="00:00:00.0089926" startTime="2026-10-07T12:51:11.2776800+08:00" endTime="2026-10-07T12:51:11.2866860+08:00" testType="13cdc9d9-ddb5-4fa4-a97d-d965ccfc6d4b" outcome="Passed" testListId="8c84fa94-04c1-424b-9868-57a2d4851a1d" relativeResultsDirectory="4586e58c-768e-4084-8402-029755f89294" />
    <UnitTestResult executionId="5daf4dc3-daab-4e4f-be61-ee7df9753858" testId="63eb7366-ff1b-498f-a09d-a4456c8cf26b" testName="CloudFileManager.PersistenceTests.PersistenceTests.P21_SeparateTemporaryDatabasesHaveIndependentDurableState" computerName="yunMacBook-Pro" duration="00:00:00.0061607" startTime="2026-10-07T12:51:12.4547630+08:00" endTime="2026-10-07T12:51:12.4609410+08:00" testType="13cdc9d9-ddb5-4fa4-a97d-d965ccfc6d4b" outcome="Passed" testListId="8c84fa94-04c1-424b-9868-57a2d4851a1d" relativeResultsDirectory="5daf4dc3-daab-4e4f-be61-ee7df9753858" />
    <UnitTestResult executionId="88709954-1cd5-4b38-b283-5e423a496d8f" testId="9079bf15-e162-0194-4c5c-e2952b30b618" testName="CloudFileManager.PersistenceTests.PersistenceTests.P04_ConfirmedRollbackPreservesEverythingAndRetry(operation: &quot;tag&quot;)" computerName="yunMacBook-Pro" duration="00:00:00.0221334" startTime="2026-10-07T12:51:11.2062670+08:00" endTime="2026-10-07T12:51:11.2284250+08:00" testType="13cdc9d9-ddb5-4fa4-a97d-d965ccfc6d4b" outcome="Passed" testListId="8c84fa94-04c1-424b-9868-57a2d4851a1d" relativeResultsDirectory="88709954-1cd5-4b38-b283-5e423a496d8f" />
    <UnitTestResult executionId="bfe7ab20-9d78-4377-8f6f-c4d52885f1d0" testId="b718bf9e-2827-2fbb-a9b0-d297b238e26e" testName="CloudFileManager.PersistenceTests.PersistenceTests.P06_NoopConflictAndCopyNeverSaveOrClearRedo" computerName="yunMacBook-Pro" duration="00:00:00.0087840" startTime="2026-10-07T12:51:11.2935100+08:00" endTime="2026-10-07T12:51:11.3023200+08:00" testType="13cdc9d9-ddb5-4fa4-a97d-d965ccfc6d4b" outcome="Passed" testListId="8c84fa94-04c1-424b-9868-57a2d4851a1d" relativeResultsDirectory="bfe7ab20-9d78-4377-8f6f-c4d52885f1d0" />
    <UnitTestResult executionId="a2ec2f6d-b257-4066-9c2d-26c81cdf0e83" testId="ced48d5d-17fa-806c-8d89-8bc27b339308" testName="CloudFileManager.PersistenceTests.PersistenceTests.P09_UnknownOutcomeFailsClosedWhetherDatabaseCommittedOrNot(actuallyCommit: True)" computerName="yunMacBook-Pro" duration="00:00:00.0084658" startTime="2026-10-07T12:51:11.1638960+08:00" endTime="2026-10-07T12:51:11.1723760+08:00" testType="13cdc9d9-ddb5-4fa4-a97d-d965ccfc6d4b" outcome="Passed" testListId="8c84fa94-04c1-424b-9868-57a2d4851a1d" relativeResultsDirectory="a2ec2f6d-b257-4066-9c2d-26c81cdf0e83" />
    <UnitTestResult executionId="b385eb4f-18a3-47cf-93a3-a766bd82c807" testId="0445d318-736a-8b2b-1f8b-865242ea775d" testName="CloudFileManager.PersistenceTests.PersistenceTests.P18_CoreHasNoProviderDependencyAndHydrationNotPublicMutation" computerName="yunMacBook-Pro" duration="00:00:00.0099486" startTime="2026-10-07T12:51:12.3861810+08:00" endTime="2026-10-07T12:51:12.3961570+08:00" testType="13cdc9d9-ddb5-4fa4-a97d-d965ccfc6d4b" outcome="Passed" testListId="8c84fa94-04c1-424b-9868-57a2d4851a1d" relativeResultsDirectory="b385eb4f-18a3-47cf-93a3-a766bd82c807" />
    <UnitTestResult executionId="643d35f7-c170-4960-a26b-31798866371f" testId="9cdee254-0855-f5dc-f0b1-56ffdba5298d" testName="CloudFileManager.PersistenceTests.PersistenceTests.P10_InvalidDatabaseNeverReseeds(corrupt: &quot;PRAGMA user_version=99;&quot;)" computerName="yunMacBook-Pro" duration="00:00:00.0040968" startTime="2026-10-07T12:51:11.1470670+08:00" endTime="2026-10-07T12:51:11.1511970+08:00" testType="13cdc9d9-ddb5-4fa4-a97d-d965ccfc6d4b" outcome="Passed" testListId="8c84fa94-04c1-424b-9868-57a2d4851a1d" relativeResultsDirectory="643d35f7-c170-4960-a26b-31798866371f" />
    <UnitTestResult executionId="239fd859-674f-43fc-80a9-8206bde3e216" testId="98f52c5a-72fa-0aa1-40e6-6b952a50357e" testName="CloudFileManager.PersistenceTests.PersistenceTests.P04_ConfirmedRollbackPreservesEverythingAndRetry(operation: &quot;delete&quot;)" computerName="yunMacBook-Pro" duration="00:00:00.0221265" startTime="2026-10-07T12:51:11.2285470+08:00" endTime="2026-10-07T12:51:11.2506990+08:00" testType="13cdc9d9-ddb5-4fa4-a97d-d965ccfc6d4b" outcome="Passed" testListId="8c84fa94-04c1-424b-9868-57a2d4851a1d" relativeResultsDirectory="239fd859-674f-43fc-80a9-8206bde3e216" />
    <UnitTestResult executionId="552047a7-6c66-4f9e-9640-4b30ac62c101" testId="01fab2d4-17da-649d-eaf7-dc20a0a5dbd8" testName="CloudFileManager.PersistenceTests.PersistenceTests.P04_ConfirmedRollbackPreservesEverythingAndRetry(operation: &quot;paste&quot;)" computerName="yunMacBook-Pro" duration="00:00:00.0160435" startTime="2026-10-07T12:51:11.2508340+08:00" endTime="2026-10-07T12:51:11.2669030+08:00" testType="13cdc9d9-ddb5-4fa4-a97d-d965ccfc6d4b" outcome="Passed" testListId="8c84fa94-04c1-424b-9868-57a2d4851a1d" relativeResultsDirectory="552047a7-6c66-4f9e-9640-4b30ac62c101" />
    <UnitTestResult executionId="556f26fe-804e-4160-92dd-586fe16dd00c" testId="1be2d2b3-05aa-5e5d-b125-84099ba330a0" testName="CloudFileManager.PersistenceTests.PersistenceTests.P10_InvalidDatabaseNeverReseeds(corrupt: &quot;UPDATE node SET created_at='invalid';&quot;)" computerName="yunMacBook-Pro" duration="00:00:00.0037111" startTime="2026-10-07T12:51:11.1553460+08:00" endTime="2026-10-07T12:51:11.1590710+08:00" testType="13cdc9d9-ddb5-4fa4-a97d-d965ccfc6d4b" outcome="Passed" testListId="8c84fa94-04c1-424b-9868-57a2d4851a1d" relativeResultsDirectory="556f26fe-804e-4160-92dd-586fe16dd00c" />
    <UnitTestResult executionId="ab76f110-af9f-4fb2-97bf-38aaa66bdf1d" testId="817c341c-933f-a98e-4308-f108ad5b8e66" testName="CloudFileManager.PersistenceTests.PersistenceTests.P14_DeepTreeAndInvalidTopologyValidation" computerName="yunMacBook-Pro" duration="00:00:00.0062825" startTime="2026-10-07T12:51:11.2868300+08:00" endTime="2026-10-07T12:51:11.2931250+08:00" testType="13cdc9d9-ddb5-4fa4-a97d-d965ccfc6d4b" outcome="Passed" testListId="8c84fa94-04c1-424b-9868-57a2d4851a1d" relativeResultsDirectory="ab76f110-af9f-4fb2-97bf-38aaa66bdf1d" />
    <UnitTestResult executionId="aba1a333-23d5-47bf-8524-0f4aeb19d4eb" testId="dd512538-64f9-1a84-ee5c-1be33833df9e" testName="CloudFileManager.PersistenceTests.PersistenceTests.P12_InvalidSeedLeavesNoInitializedDatabaseAndRetryWorks" computerName="yunMacBook-Pro" duration="00:00:00.0035879" startTime="2026-10-07T12:51:12.4024830+08:00" endTime="2026-10-07T12:51:12.4060870+08:00" testType="13cdc9d9-ddb5-4fa4-a97d-d965ccfc6d4b" outcome="Passed" testListId="8c84fa94-04c1-424b-9868-57a2d4851a1d" relativeResultsDirectory="aba1a333-23d5-47bf-8524-0f4aeb19d4eb" />
    <UnitTestResult executionId="13d42556-8334-46b5-a3bb-5e2859078ae1" testId="df2d754f-f3b8-d9b9-f3d2-a57853a4a64e" testName="CloudFileManager.PersistenceTests.PersistenceTests.P08_DeferredForeignKeyCommitFailureRollsBackMemoryAndDatabase" computerName="yunMacBook-Pro" duration="00:00:00.0305189" startTime="2026-10-07T12:51:11.1754460+08:00" endTime="2026-10-07T12:51:11.2059840+08:00" testType="13cdc9d9-ddb5-4fa4-a97d-d965ccfc6d4b" outcome="Passed" testListId="8c84fa94-04c1-424b-9868-57a2d4851a1d" relativeResultsDirectory="13d42556-8334-46b5-a3bb-5e2859078ae1" />
    <UnitTestResult executionId="82a5adcf-b3b7-4125-aa20-24c475886acb" testId="3535a8c6-8bcf-7a4a-fa77-90eb18b73cb1" testName="CloudFileManager.PersistenceTests.PersistenceTests.P13_OwnerLockPreventsSecondApplicationAndReleasesOnDispose" computerName="yunMacBook-Pro" duration="00:00:00.0033353" startTime="2026-10-07T12:51:12.4402100+08:00" endTime="2026-10-07T12:51:12.4435600+08:00" testType="13cdc9d9-ddb5-4fa4-a97d-d965ccfc6d4b" outcome="Passed" testListId="8c84fa94-04c1-424b-9868-57a2d4851a1d" relativeResultsDirectory="82a5adcf-b3b7-4125-aa20-24c475886acb" />
    <UnitTestResult executionId="cf04260c-daf4-4213-a2c6-199619b287a6" testId="b0258ed7-d988-da5a-10f1-2d08f10c2a6b" testName="CloudFileManager.PersistenceTests.PersistenceTests.P10_InvalidDatabaseNeverReseeds(corrupt: &quot;UPDATE node SET width=2147483648 WHERE kind='Image&quot;···)" computerName="yunMacBook-Pro" duration="00:00:00.0039498" startTime="2026-10-07T12:51:11.1513010+08:00" endTime="2026-10-07T12:51:11.1552650+08:00" testType="13cdc9d9-ddb5-4fa4-a97d-d965ccfc6d4b" outcome="Passed" testListId="8c84fa94-04c1-424b-9868-57a2d4851a1d" relativeResultsDirectory="cf04260c-daf4-4213-a2c6-199619b287a6" />
    <UnitTestResult executionId="92a73fe4-72d3-4616-81b0-dca0a6ba7ea0" testId="245f99d3-5d13-b46e-6042-3e6d7c52fe5e" testName="CloudFileManager.PersistenceTests.PersistenceTests.P17_WebFailedSaveOnlyAddsErrorAndPreservesSelectionMatchesHistory" computerName="yunMacBook-Pro" duration="00:00:00.0216426" startTime="2026-10-07T12:51:12.4108200+08:00" endTime="2026-10-07T12:51:12.4324880+08:00" testType="13cdc9d9-ddb5-4fa4-a97d-d965ccfc6d4b" outcome="Passed" testListId="8c84fa94-04c1-424b-9868-57a2d4851a1d" relativeResultsDirectory="92a73fe4-72d3-4616-81b0-dca0a6ba7ea0" />
    <UnitTestResult executionId="8dc1d193-dfab-46f9-a7c2-c7a8df8cd33f" testId="3bf76b2d-fdb6-f448-1720-49424d445e64" testName="CloudFileManager.PersistenceTests.PersistenceTests.P07_RealWriterLockFailureRestoresAndRetryWorks" computerName="yunMacBook-Pro" duration="00:00:01.0633816" startTime="2026-10-07T12:51:11.3225190+08:00" endTime="2026-10-07T12:51:12.3859320+08:00" testType="13cdc9d9-ddb5-4fa4-a97d-d965ccfc6d4b" outcome="Passed" testListId="8c84fa94-04c1-424b-9868-57a2d4851a1d" relativeResultsDirectory="8dc1d193-dfab-46f9-a7c2-c7a8df8cd33f" />
    <UnitTestResult executionId="261c96da-2c6f-4c04-9b0b-e8eaf7a3b19b" testId="0616f0ef-f576-3995-6ead-c86dc2601063" testName="CloudFileManager.PersistenceTests.PersistenceTests.P05_FailedUndoRedoPreservesStacksRevisionAndCanRetry(redo: True)" computerName="yunMacBook-Pro" duration="00:00:00.0104933" startTime="2026-10-07T12:51:11.2670860+08:00" endTime="2026-10-07T12:51:11.2775960+08:00" testType="13cdc9d9-ddb5-4fa4-a97d-d965ccfc6d4b" outcome="Passed" testListId="8c84fa94-04c1-424b-9868-57a2d4851a1d" relativeResultsDirectory="261c96da-2c6f-4c04-9b0b-e8eaf7a3b19b" />
    <UnitTestResult executionId="89b03a01-0f86-4454-ad55-d7d72fbc0e59" testId="94f12f75-09a0-6151-9fdd-638199bfafcd" testName="CloudFileManager.PersistenceTests.PersistenceTests.P01_SeedOnceAndRoundtripAllMetadataTagsIdsAndOrder" computerName="yunMacBook-Pro" duration="00:00:00.0032934" startTime="2026-10-07T12:51:12.3963250+08:00" endTime="2026-10-07T12:51:12.3996390+08:00" testType="13cdc9d9-ddb5-4fa4-a97d-d965ccfc6d4b" outcome="Passed" testListId="8c84fa94-04c1-424b-9868-57a2d4851a1d" relativeResultsDirectory="89b03a01-0f86-4454-ad55-d7d72fbc0e59" />
    <UnitTestResult executionId="eca1e7af-da6c-4457-a131-4be8d4254702" testId="b700687d-d76d-a72e-70d5-0e2d34f40d49" testName="CloudFileManager.PersistenceTests.PersistenceTests.P19_StaleDurableRevisionFailsClosedRatherThanOverwrite" computerName="yunMacBook-Pro" duration="00:00:00.0043021" startTime="2026-10-07T12:51:12.4063660+08:00" endTime="2026-10-07T12:51:12.4106880+08:00" testType="13cdc9d9-ddb5-4fa4-a97d-d965ccfc6d4b" outcome="Passed" testListId="8c84fa94-04c1-424b-9868-57a2d4851a1d" relativeResultsDirectory="eca1e7af-da6c-4457-a131-4be8d4254702" />
    <UnitTestResult executionId="5e203ebd-bf20-448b-898d-ebb3b6cf572a" testId="f5a524d9-0e32-0556-0578-c616b61717e2" testName="CloudFileManager.PersistenceTests.PersistenceTests.P20_FaultedSingletonCannotProjectOrContinueWorkspace" computerName="yunMacBook-Pro" duration="00:00:00.0028165" startTime="2026-10-07T12:51:12.4518300+08:00" endTime="2026-10-07T12:51:12.4546630+08:00" testType="13cdc9d9-ddb5-4fa4-a97d-d965ccfc6d4b" outcome="Passed" testListId="8c84fa94-04c1-424b-9868-57a2d4851a1d" relativeResultsDirectory="5e203ebd-bf20-448b-898d-ebb3b6cf572a" />
    <UnitTestResult executionId="e6fefddc-590e-4ee4-9787-59972dd8c5d3" testId="463df073-ca96-d493-9832-4949694b4f07" testName="CloudFileManager.PersistenceTests.PersistenceTests.P15_RealSingletonRestartCleansTransientStateKeepsDurableTree" computerName="yunMacBook-Pro" duration="00:00:00.0080002" startTime="2026-10-07T12:51:12.4436860+08:00" endTime="2026-10-07T12:51:12.4517020+08:00" testType="13cdc9d9-ddb5-4fa4-a97d-d965ccfc6d4b" outcome="Passed" testListId="8c84fa94-04c1-424b-9868-57a2d4851a1d" relativeResultsDirectory="e6fefddc-590e-4ee4-9787-59972dd8c5d3" />
    <UnitTestResult executionId="efb1352c-ddd5-49e7-8b5e-fa5557f26742" testId="e4209b2a-0448-fed5-7afd-45e1fd16d938" testName="CloudFileManager.PersistenceTests.PersistenceTests.P16_WebCompositionReloadAndFallbackSelection" computerName="yunMacBook-Pro" duration="00:00:00.0103339" startTime="2026-10-07T12:51:12.4610730+08:00" endTime="2026-10-07T12:51:12.4714270+08:00" testType="13cdc9d9-ddb5-4fa4-a97d-d965ccfc6d4b" outcome="Passed" testListId="8c84fa94-04c1-424b-9868-57a2d4851a1d" relativeResultsDirectory="efb1352c-ddd5-49e7-8b5e-fa5557f26742" />
    <UnitTestResult executionId="af8ac08f-8204-409b-91be-3bd1b965a034" testId="cb27cb20-c264-b8a6-c5bf-7bcef71c9fa3" testName="CloudFileManager.PersistenceTests.PersistenceTests.P03_CopySnapshotPasteDeleteUndoRedoAreDurable" computerName="yunMacBook-Pro" duration="00:00:00.0198018" startTime="2026-10-07T12:51:11.3025200+08:00" endTime="2026-10-07T12:51:11.3223480+08:00" testType="13cdc9d9-ddb5-4fa4-a97d-d965ccfc6d4b" outcome="Passed" testListId="8c84fa94-04c1-424b-9868-57a2d4851a1d" relativeResultsDirectory="af8ac08f-8204-409b-91be-3bd1b965a034" />
  </Results>
  <TestDefinitions>
    <UnitTest name="CloudFileManager.PersistenceTests.PersistenceTests.P12_InvalidSeedLeavesNoInitializedDatabaseAndRetryWorks" storage="/users/juyunho/documents/code/winbond/cloudfilemanager/tests/cloudfilemanager.persistencetests/bin/release/net10.0/cloudfilemanager.persistencetests.dll" id="dd512538-64f9-1a84-ee5c-1be33833df9e">
      <Execution id="aba1a333-23d5-47bf-8524-0f4aeb19d4eb" />
      <TestMethod codeBase="/Users/juyunho/Documents/Code/winbond/CloudFileManager/tests/CloudFileManager.PersistenceTests/bin/Release/net10.0/CloudFileManager.PersistenceTests.dll" adapterTypeName="executor://xunit/VsTestRunner3/netcore/" className="CloudFileManager.PersistenceTests.PersistenceTests" name="P12_InvalidSeedLeavesNoInitializedDatabaseAndRetryWorks" />
    </UnitTest>
    <UnitTest name="CloudFileManager.PersistenceTests.PersistenceTests.P01_SeedOnceAndRoundtripAllMetadataTagsIdsAndOrder" storage="/users/juyunho/documents/code/winbond/cloudfilemanager/tests/cloudfilemanager.persistencetests/bin/release/net10.0/cloudfilemanager.persistencetests.dll" id="94f12f75-09a0-6151-9fdd-638199bfafcd">
      <Execution id="89b03a01-0f86-4454-ad55-d7d72fbc0e59" />
      <TestMethod codeBase="/Users/juyunho/Documents/Code/winbond/CloudFileManager/tests/CloudFileManager.PersistenceTests/bin/Release/net10.0/CloudFileManager.PersistenceTests.dll" adapterTypeName="executor://xunit/VsTestRunner3/netcore/" className="CloudFileManager.PersistenceTests.PersistenceTests" name="P01_SeedOnceAndRoundtripAllMetadataTagsIdsAndOrder" />
    </UnitTest>
    <UnitTest name="CloudFileManager.PersistenceTests.PersistenceTests.P05_FailedUndoRedoPreservesStacksRevisionAndCanRetry(redo: False)" storage="/users/juyunho/documents/code/winbond/cloudfilemanager/tests/cloudfilemanager.persistencetests/bin/release/net10.0/cloudfilemanager.persistencetests.dll" id="31646524-bb8e-f331-17d5-71d5ea00c31d">
      <Execution id="4586e58c-768e-4084-8402-029755f89294" />
      <TestMethod codeBase="/Users/juyunho/Documents/Code/winbond/CloudFileManager/tests/CloudFileManager.PersistenceTests/bin/Release/net10.0/CloudFileManager.PersistenceTests.dll" adapterTypeName="executor://xunit/VsTestRunner3/netcore/" className="CloudFileManager.PersistenceTests.PersistenceTests" name="P05_FailedUndoRedoPreservesStacksRevisionAndCanRetry" />
    </UnitTest>
    <UnitTest name="CloudFileManager.PersistenceTests.PersistenceTests.P10_InvalidDatabaseNeverReseeds(corrupt: &quot;UPDATE node SET created_at='invalid';&quot;)" storage="/users/juyunho/documents/code/winbond/cloudfilemanager/tests/cloudfilemanager.persistencetests/bin/release/net10.0/cloudfilemanager.persistencetests.dll" id="1be2d2b3-05aa-5e5d-b125-84099ba330a0">
      <Execution id="556f26fe-804e-4160-92dd-586fe16dd00c" />
      <TestMethod codeBase="/Users/juyunho/Documents/Code/winbond/CloudFileManager/tests/CloudFileManager.PersistenceTests/bin/Release/net10.0/CloudFileManager.PersistenceTests.dll" adapterTypeName="executor://xunit/VsTestRunner3/netcore/" className="CloudFileManager.PersistenceTests.PersistenceTests" name="P10_InvalidDatabaseNeverReseeds" />
    </UnitTest>
    <UnitTest name="CloudFileManager.PersistenceTests.PersistenceTests.P07_RealWriterLockFailureRestoresAndRetryWorks" storage="/users/juyunho/documents/code/winbond/cloudfilemanager/tests/cloudfilemanager.persistencetests/bin/release/net10.0/cloudfilemanager.persistencetests.dll" id="3bf76b2d-fdb6-f448-1720-49424d445e64">
      <Execution id="8dc1d193-dfab-46f9-a7c2-c7a8df8cd33f" />
      <TestMethod codeBase="/Users/juyunho/Documents/Code/winbond/CloudFileManager/tests/CloudFileManager.PersistenceTests/bin/Release/net10.0/CloudFileManager.PersistenceTests.dll" adapterTypeName="executor://xunit/VsTestRunner3/netcore/" className="CloudFileManager.PersistenceTests.PersistenceTests" name="P07_RealWriterLockFailureRestoresAndRetryWorks" />
    </UnitTest>
    <UnitTest name="CloudFileManager.PersistenceTests.PersistenceTests.P10_InvalidDatabaseNeverReseeds(corrupt: &quot;DELETE FROM node_tag; DELETE FROM store_meta;&quot;)" storage="/users/juyunho/documents/code/winbond/cloudfilemanager/tests/cloudfilemanager.persistencetests/bin/release/net10.0/cloudfilemanager.persistencetests.dll" id="2d53ab1c-a5cd-b14e-6ea8-d272080b047f">
      <Execution id="85d873da-0809-4875-9a63-8692891ffcb6" />
      <TestMethod codeBase="/Users/juyunho/Documents/Code/winbond/CloudFileManager/tests/CloudFileManager.PersistenceTests/bin/Release/net10.0/CloudFileManager.PersistenceTests.dll" adapterTypeName="executor://xunit/VsTestRunner3/netcore/" className="CloudFileManager.PersistenceTests.PersistenceTests" name="P10_InvalidDatabaseNeverReseeds" />
    </UnitTest>
    <UnitTest name="CloudFileManager.PersistenceTests.PersistenceTests.P06_NoopConflictAndCopyNeverSaveOrClearRedo" storage="/users/juyunho/documents/code/winbond/cloudfilemanager/tests/cloudfilemanager.persistencetests/bin/release/net10.0/cloudfilemanager.persistencetests.dll" id="b718bf9e-2827-2fbb-a9b0-d297b238e26e">
      <Execution id="bfe7ab20-9d78-4377-8f6f-c4d52885f1d0" />
      <TestMethod codeBase="/Users/juyunho/Documents/Code/winbond/CloudFileManager/tests/CloudFileManager.PersistenceTests/bin/Release/net10.0/CloudFileManager.PersistenceTests.dll" adapterTypeName="executor://xunit/VsTestRunner3/netcore/" className="CloudFileManager.PersistenceTests.PersistenceTests" name="P06_NoopConflictAndCopyNeverSaveOrClearRedo" />
    </UnitTest>
    <UnitTest name="CloudFileManager.PersistenceTests.PersistenceTests.P15_RealSingletonRestartCleansTransientStateKeepsDurableTree" storage="/users/juyunho/documents/code/winbond/cloudfilemanager/tests/cloudfilemanager.persistencetests/bin/release/net10.0/cloudfilemanager.persistencetests.dll" id="463df073-ca96-d493-9832-4949694b4f07">
      <Execution id="e6fefddc-590e-4ee4-9787-59972dd8c5d3" />
      <TestMethod codeBase="/Users/juyunho/Documents/Code/winbond/CloudFileManager/tests/CloudFileManager.PersistenceTests/bin/Release/net10.0/CloudFileManager.PersistenceTests.dll" adapterTypeName="executor://xunit/VsTestRunner3/netcore/" className="CloudFileManager.PersistenceTests.PersistenceTests" name="P15_RealSingletonRestartCleansTransientStateKeepsDurableTree" />
    </UnitTest>
    <UnitTest name="CloudFileManager.PersistenceTests.PersistenceTests.P10_InvalidDatabaseNeverReseeds(corrupt: &quot;PRAGMA user_version=99;&quot;)" storage="/users/juyunho/documents/code/winbond/cloudfilemanager/tests/cloudfilemanager.persistencetests/bin/release/net10.0/cloudfilemanager.persistencetests.dll" id="9cdee254-0855-f5dc-f0b1-56ffdba5298d">
      <Execution id="643d35f7-c170-4960-a26b-31798866371f" />
      <TestMethod codeBase="/Users/juyunho/Documents/Code/winbond/CloudFileManager/tests/CloudFileManager.PersistenceTests/bin/Release/net10.0/CloudFileManager.PersistenceTests.dll" adapterTypeName="executor://xunit/VsTestRunner3/netcore/" className="CloudFileManager.PersistenceTests.PersistenceTests" name="P10_InvalidDatabaseNeverReseeds" />
    </UnitTest>
    <UnitTest name="CloudFileManager.PersistenceTests.PersistenceTests.P17_WebFailedSaveOnlyAddsErrorAndPreservesSelectionMatchesHistory" storage="/users/juyunho/documents/code/winbond/cloudfilemanager/tests/cloudfilemanager.persistencetests/bin/release/net10.0/cloudfilemanager.persistencetests.dll" id="245f99d3-5d13-b46e-6042-3e6d7c52fe5e">
      <Execution id="92a73fe4-72d3-4616-81b0-dca0a6ba7ea0" />
      <TestMethod codeBase="/Users/juyunho/Documents/Code/winbond/CloudFileManager/tests/CloudFileManager.PersistenceTests/bin/Release/net10.0/CloudFileManager.PersistenceTests.dll" adapterTypeName="executor://xunit/VsTestRunner3/netcore/" className="CloudFileManager.PersistenceTests.PersistenceTests" name="P17_WebFailedSaveOnlyAddsErrorAndPreservesSelectionMatchesHistory" />
    </UnitTest>
    <UnitTest name="CloudFileManager.PersistenceTests.PersistenceTests.P11_UnversionedAndCorruptFilesRejectedWithoutOverwrite" storage="/users/juyunho/documents/code/winbond/cloudfilemanager/tests/cloudfilemanager.persistencetests/bin/release/net10.0/cloudfilemanager.persistencetests.dll" id="040cc6bf-f21a-7039-5a20-35961b70906e">
      <Execution id="ba8fbfad-4c0f-4435-ae82-30225986cd6a" />
      <TestMethod codeBase="/Users/juyunho/Documents/Code/winbond/CloudFileManager/tests/CloudFileManager.PersistenceTests/bin/Release/net10.0/CloudFileManager.PersistenceTests.dll" adapterTypeName="executor://xunit/VsTestRunner3/netcore/" className="CloudFileManager.PersistenceTests.PersistenceTests" name="P11_UnversionedAndCorruptFilesRejectedWithoutOverwrite" />
    </UnitTest>
    <UnitTest name="CloudFileManager.PersistenceTests.PersistenceTests.P13_OwnerLockPreventsSecondApplicationAndReleasesOnDispose" storage="/users/juyunho/documents/code/winbond/cloudfilemanager/tests/cloudfilemanager.persistencetests/bin/release/net10.0/cloudfilemanager.persistencetests.dll" id="3535a8c6-8bcf-7a4a-fa77-90eb18b73cb1">
      <Execution id="82a5adcf-b3b7-4125-aa20-24c475886acb" />
      <TestMethod codeBase="/Users/juyunho/Documents/Code/winbond/CloudFileManager/tests/CloudFileManager.PersistenceTests/bin/Release/net10.0/CloudFileManager.PersistenceTests.dll" adapterTypeName="executor://xunit/VsTestRunner3/netcore/" className="CloudFileManager.PersistenceTests.PersistenceTests" name="P13_OwnerLockPreventsSecondApplicationAndReleasesOnDispose" />
    </UnitTest>
    <UnitTest name="CloudFileManager.PersistenceTests.PersistenceTests.P09_UnknownOutcomeFailsClosedWhetherDatabaseCommittedOrNot(actuallyCommit: True)" storage="/users/juyunho/documents/code/winbond/cloudfilemanager/tests/cloudfilemanager.persistencetests/bin/release/net10.0/cloudfilemanager.persistencetests.dll" id="ced48d5d-17fa-806c-8d89-8bc27b339308">
      <Execution id="a2ec2f6d-b257-4066-9c2d-26c81cdf0e83" />
      <TestMethod codeBase="/Users/juyunho/Documents/Code/winbond/CloudFileManager/tests/CloudFileManager.PersistenceTests/bin/Release/net10.0/CloudFileManager.PersistenceTests.dll" adapterTypeName="executor://xunit/VsTestRunner3/netcore/" className="CloudFileManager.PersistenceTests.PersistenceTests" name="P09_UnknownOutcomeFailsClosedWhetherDatabaseCommittedOrNot" />
    </UnitTest>
    <UnitTest name="CloudFileManager.PersistenceTests.PersistenceTests.P18_CoreHasNoProviderDependencyAndHydrationNotPublicMutation" storage="/users/juyunho/documents/code/winbond/cloudfilemanager/tests/cloudfilemanager.persistencetests/bin/release/net10.0/cloudfilemanager.persistencetests.dll" id="0445d318-736a-8b2b-1f8b-865242ea775d">
      <Execution id="b385eb4f-18a3-47cf-93a3-a766bd82c807" />
      <TestMethod codeBase="/Users/juyunho/Documents/Code/winbond/CloudFileManager/tests/CloudFileManager.PersistenceTests/bin/Release/net10.0/CloudFileManager.PersistenceTests.dll" adapterTypeName="executor://xunit/VsTestRunner3/netcore/" className="CloudFileManager.PersistenceTests.PersistenceTests" name="P18_CoreHasNoProviderDependencyAndHydrationNotPublicMutation" />
    </UnitTest>
    <UnitTest name="CloudFileManager.PersistenceTests.PersistenceTests.P04_ConfirmedRollbackPreservesEverythingAndRetry(operation: &quot;delete&quot;)" storage="/users/juyunho/documents/code/winbond/cloudfilemanager/tests/cloudfilemanager.persistencetests/bin/release/net10.0/cloudfilemanager.persistencetests.dll" id="98f52c5a-72fa-0aa1-40e6-6b952a50357e">
      <Execution id="239fd859-674f-43fc-80a9-8206bde3e216" />
      <TestMethod codeBase="/Users/juyunho/Documents/Code/winbond/CloudFileManager/tests/CloudFileManager.PersistenceTests/bin/Release/net10.0/CloudFileManager.PersistenceTests.dll" adapterTypeName="executor://xunit/VsTestRunner3/netcore/" className="CloudFileManager.PersistenceTests.PersistenceTests" name="P04_ConfirmedRollbackPreservesEverythingAndRetry" />
    </UnitTest>
    <UnitTest name="CloudFileManager.PersistenceTests.PersistenceTests.P09_UnknownOutcomeFailsClosedWhetherDatabaseCommittedOrNot(actuallyCommit: False)" storage="/users/juyunho/documents/code/winbond/cloudfilemanager/tests/cloudfilemanager.persistencetests/bin/release/net10.0/cloudfilemanager.persistencetests.dll" id="b8490973-a083-1267-ef73-d67aa047b8fa">
      <Execution id="7c638ca3-0aef-48de-ae62-0fb56d9aef6c" />
      <TestMethod codeBase="/Users/juyunho/Documents/Code/winbond/CloudFileManager/tests/CloudFileManager.PersistenceTests/bin/Release/net10.0/CloudFileManager.PersistenceTests.dll" adapterTypeName="executor://xunit/VsTestRunner3/netcore/" className="CloudFileManager.PersistenceTests.PersistenceTests" name="P09_UnknownOutcomeFailsClosedWhetherDatabaseCommittedOrNot" />
    </UnitTest>
    <UnitTest name="CloudFileManager.PersistenceTests.PersistenceTests.P10_InvalidDatabaseNeverReseeds(corrupt: &quot;UPDATE node SET width=2147483648 WHERE kind='Image&quot;···)" storage="/users/juyunho/documents/code/winbond/cloudfilemanager/tests/cloudfilemanager.persistencetests/bin/release/net10.0/cloudfilemanager.persistencetests.dll" id="b0258ed7-d988-da5a-10f1-2d08f10c2a6b">
      <Execution id="cf04260c-daf4-4213-a2c6-199619b287a6" />
      <TestMethod codeBase="/Users/juyunho/Documents/Code/winbond/CloudFileManager/tests/CloudFileManager.PersistenceTests/bin/Release/net10.0/CloudFileManager.PersistenceTests.dll" adapterTypeName="executor://xunit/VsTestRunner3/netcore/" className="CloudFileManager.PersistenceTests.PersistenceTests" name="P10_InvalidDatabaseNeverReseeds" />
    </UnitTest>
    <UnitTest name="CloudFileManager.PersistenceTests.PersistenceTests.P21_SeparateTemporaryDatabasesHaveIndependentDurableState" storage="/users/juyunho/documents/code/winbond/cloudfilemanager/tests/cloudfilemanager.persistencetests/bin/release/net10.0/cloudfilemanager.persistencetests.dll" id="63eb7366-ff1b-498f-a09d-a4456c8cf26b">
      <Execution id="5daf4dc3-daab-4e4f-be61-ee7df9753858" />
      <TestMethod codeBase="/Users/juyunho/Documents/Code/winbond/CloudFileManager/tests/CloudFileManager.PersistenceTests/bin/Release/net10.0/CloudFileManager.PersistenceTests.dll" adapterTypeName="executor://xunit/VsTestRunner3/netcore/" className="CloudFileManager.PersistenceTests.PersistenceTests" name="P21_SeparateTemporaryDatabasesHaveIndependentDurableState" />
    </UnitTest>
    <UnitTest name="CloudFileManager.PersistenceTests.PersistenceTests.P16_WebCompositionReloadAndFallbackSelection" storage="/users/juyunho/documents/code/winbond/cloudfilemanager/tests/cloudfilemanager.persistencetests/bin/release/net10.0/cloudfilemanager.persistencetests.dll" id="e4209b2a-0448-fed5-7afd-45e1fd16d938">
      <Execution id="efb1352c-ddd5-49e7-8b5e-fa5557f26742" />
      <TestMethod codeBase="/Users/juyunho/Documents/Code/winbond/CloudFileManager/tests/CloudFileManager.PersistenceTests/bin/Release/net10.0/CloudFileManager.PersistenceTests.dll" adapterTypeName="executor://xunit/VsTestRunner3/netcore/" className="CloudFileManager.PersistenceTests.PersistenceTests" name="P16_WebCompositionReloadAndFallbackSelection" />
    </UnitTest>
    <UnitTest name="CloudFileManager.PersistenceTests.PersistenceTests.P02_DeletedAllChildrenStayEmptyAfterRestart" storage="/users/juyunho/documents/code/winbond/cloudfilemanager/tests/cloudfilemanager.persistencetests/bin/release/net10.0/cloudfilemanager.persistencetests.dll" id="53d691c3-3864-ac61-15a1-6e44a03b4158">
      <Execution id="cdcf6191-b2b4-4eb2-bb82-d567a8c3fd89" />
      <TestMethod codeBase="/Users/juyunho/Documents/Code/winbond/CloudFileManager/tests/CloudFileManager.PersistenceTests/bin/Release/net10.0/CloudFileManager.PersistenceTests.dll" adapterTypeName="executor://xunit/VsTestRunner3/netcore/" className="CloudFileManager.PersistenceTests.PersistenceTests" name="P02_DeletedAllChildrenStayEmptyAfterRestart" />
    </UnitTest>
    <UnitTest name="CloudFileManager.PersistenceTests.PersistenceTests.P08_DeferredForeignKeyCommitFailureRollsBackMemoryAndDatabase" storage="/users/juyunho/documents/code/winbond/cloudfilemanager/tests/cloudfilemanager.persistencetests/bin/release/net10.0/cloudfilemanager.persistencetests.dll" id="df2d754f-f3b8-d9b9-f3d2-a57853a4a64e">
      <Execution id="13d42556-8334-46b5-a3bb-5e2859078ae1" />
      <TestMethod codeBase="/Users/juyunho/Documents/Code/winbond/CloudFileManager/tests/CloudFileManager.PersistenceTests/bin/Release/net10.0/CloudFileManager.PersistenceTests.dll" adapterTypeName="executor://xunit/VsTestRunner3/netcore/" className="CloudFileManager.PersistenceTests.PersistenceTests" name="P08_DeferredForeignKeyCommitFailureRollsBackMemoryAndDatabase" />
    </UnitTest>
    <UnitTest name="CloudFileManager.PersistenceTests.PersistenceTests.P04_ConfirmedRollbackPreservesEverythingAndRetry(operation: &quot;tag&quot;)" storage="/users/juyunho/documents/code/winbond/cloudfilemanager/tests/cloudfilemanager.persistencetests/bin/release/net10.0/cloudfilemanager.persistencetests.dll" id="9079bf15-e162-0194-4c5c-e2952b30b618">
      <Execution id="88709954-1cd5-4b38-b283-5e423a496d8f" />
      <TestMethod codeBase="/Users/juyunho/Documents/Code/winbond/CloudFileManager/tests/CloudFileManager.PersistenceTests/bin/Release/net10.0/CloudFileManager.PersistenceTests.dll" adapterTypeName="executor://xunit/VsTestRunner3/netcore/" className="CloudFileManager.PersistenceTests.PersistenceTests" name="P04_ConfirmedRollbackPreservesEverythingAndRetry" />
    </UnitTest>
    <UnitTest name="CloudFileManager.PersistenceTests.PersistenceTests.P05_FailedUndoRedoPreservesStacksRevisionAndCanRetry(redo: True)" storage="/users/juyunho/documents/code/winbond/cloudfilemanager/tests/cloudfilemanager.persistencetests/bin/release/net10.0/cloudfilemanager.persistencetests.dll" id="0616f0ef-f576-3995-6ead-c86dc2601063">
      <Execution id="261c96da-2c6f-4c04-9b0b-e8eaf7a3b19b" />
      <TestMethod codeBase="/Users/juyunho/Documents/Code/winbond/CloudFileManager/tests/CloudFileManager.PersistenceTests/bin/Release/net10.0/CloudFileManager.PersistenceTests.dll" adapterTypeName="executor://xunit/VsTestRunner3/netcore/" className="CloudFileManager.PersistenceTests.PersistenceTests" name="P05_FailedUndoRedoPreservesStacksRevisionAndCanRetry" />
    </UnitTest>
    <UnitTest name="CloudFileManager.PersistenceTests.PersistenceTests.P19_StaleDurableRevisionFailsClosedRatherThanOverwrite" storage="/users/juyunho/documents/code/winbond/cloudfilemanager/tests/cloudfilemanager.persistencetests/bin/release/net10.0/cloudfilemanager.persistencetests.dll" id="b700687d-d76d-a72e-70d5-0e2d34f40d49">
      <Execution id="eca1e7af-da6c-4457-a131-4be8d4254702" />
      <TestMethod codeBase="/Users/juyunho/Documents/Code/winbond/CloudFileManager/tests/CloudFileManager.PersistenceTests/bin/Release/net10.0/CloudFileManager.PersistenceTests.dll" adapterTypeName="executor://xunit/VsTestRunner3/netcore/" className="CloudFileManager.PersistenceTests.PersistenceTests" name="P19_StaleDurableRevisionFailsClosedRatherThanOverwrite" />
    </UnitTest>
    <UnitTest name="CloudFileManager.PersistenceTests.PersistenceTests.P04_ConfirmedRollbackPreservesEverythingAndRetry(operation: &quot;paste&quot;)" storage="/users/juyunho/documents/code/winbond/cloudfilemanager/tests/cloudfilemanager.persistencetests/bin/release/net10.0/cloudfilemanager.persistencetests.dll" id="01fab2d4-17da-649d-eaf7-dc20a0a5dbd8">
      <Execution id="552047a7-6c66-4f9e-9640-4b30ac62c101" />
      <TestMethod codeBase="/Users/juyunho/Documents/Code/winbond/CloudFileManager/tests/CloudFileManager.PersistenceTests/bin/Release/net10.0/CloudFileManager.PersistenceTests.dll" adapterTypeName="executor://xunit/VsTestRunner3/netcore/" className="CloudFileManager.PersistenceTests.PersistenceTests" name="P04_ConfirmedRollbackPreservesEverythingAndRetry" />
    </UnitTest>
    <UnitTest name="CloudFileManager.PersistenceTests.PersistenceTests.P20_FaultedSingletonCannotProjectOrContinueWorkspace" storage="/users/juyunho/documents/code/winbond/cloudfilemanager/tests/cloudfilemanager.persistencetests/bin/release/net10.0/cloudfilemanager.persistencetests.dll" id="f5a524d9-0e32-0556-0578-c616b61717e2">
      <Execution id="5e203ebd-bf20-448b-898d-ebb3b6cf572a" />
      <TestMethod codeBase="/Users/juyunho/Documents/Code/winbond/CloudFileManager/tests/CloudFileManager.PersistenceTests/bin/Release/net10.0/CloudFileManager.PersistenceTests.dll" adapterTypeName="executor://xunit/VsTestRunner3/netcore/" className="CloudFileManager.PersistenceTests.PersistenceTests" name="P20_FaultedSingletonCannotProjectOrContinueWorkspace" />
    </UnitTest>
    <UnitTest name="CloudFileManager.PersistenceTests.PersistenceTests.P10_InvalidDatabaseNeverReseeds(corrupt: &quot;UPDATE node SET sibling_ordinal=sibling_ordinal+4 &quot;···)" storage="/users/juyunho/documents/code/winbond/cloudfilemanager/tests/cloudfilemanager.persistencetests/bin/release/net10.0/cloudfilemanager.persistencetests.dll" id="af213d2f-eee3-aede-f387-4c89cdfd6b06">
      <Execution id="a3f56bc8-ce46-45db-8488-b8c22ac02455" />
      <TestMethod codeBase="/Users/juyunho/Documents/Code/winbond/CloudFileManager/tests/CloudFileManager.PersistenceTests/bin/Release/net10.0/CloudFileManager.PersistenceTests.dll" adapterTypeName="executor://xunit/VsTestRunner3/netcore/" className="CloudFileManager.PersistenceTests.PersistenceTests" name="P10_InvalidDatabaseNeverReseeds" />
    </UnitTest>
    <UnitTest name="CloudFileManager.PersistenceTests.PersistenceTests.P03_CopySnapshotPasteDeleteUndoRedoAreDurable" storage="/users/juyunho/documents/code/winbond/cloudfilemanager/tests/cloudfilemanager.persistencetests/bin/release/net10.0/cloudfilemanager.persistencetests.dll" id="cb27cb20-c264-b8a6-c5bf-7bcef71c9fa3">
      <Execution id="af8ac08f-8204-409b-91be-3bd1b965a034" />
      <TestMethod codeBase="/Users/juyunho/Documents/Code/winbond/CloudFileManager/tests/CloudFileManager.PersistenceTests/bin/Release/net10.0/CloudFileManager.PersistenceTests.dll" adapterTypeName="executor://xunit/VsTestRunner3/netcore/" className="CloudFileManager.PersistenceTests.PersistenceTests" name="P03_CopySnapshotPasteDeleteUndoRedoAreDurable" />
    </UnitTest>
    <UnitTest name="CloudFileManager.PersistenceTests.PersistenceTests.P14_DeepTreeAndInvalidTopologyValidation" storage="/users/juyunho/documents/code/winbond/cloudfilemanager/tests/cloudfilemanager.persistencetests/bin/release/net10.0/cloudfilemanager.persistencetests.dll" id="817c341c-933f-a98e-4308-f108ad5b8e66">
      <Execution id="ab76f110-af9f-4fb2-97bf-38aaa66bdf1d" />
      <TestMethod codeBase="/Users/juyunho/Documents/Code/winbond/CloudFileManager/tests/CloudFileManager.PersistenceTests/bin/Release/net10.0/CloudFileManager.PersistenceTests.dll" adapterTypeName="executor://xunit/VsTestRunner3/netcore/" className="CloudFileManager.PersistenceTests.PersistenceTests" name="P14_DeepTreeAndInvalidTopologyValidation" />
    </UnitTest>
  </TestDefinitions>
  <TestEntries>
    <TestEntry testId="53d691c3-3864-ac61-15a1-6e44a03b4158" executionId="cdcf6191-b2b4-4eb2-bb82-d567a8c3fd89" testListId="8c84fa94-04c1-424b-9868-57a2d4851a1d" />
    <TestEntry testId="2d53ab1c-a5cd-b14e-6ea8-d272080b047f" executionId="85d873da-0809-4875-9a63-8692891ffcb6" testListId="8c84fa94-04c1-424b-9868-57a2d4851a1d" />
    <TestEntry testId="b8490973-a083-1267-ef73-d67aa047b8fa" executionId="7c638ca3-0aef-48de-ae62-0fb56d9aef6c" testListId="8c84fa94-04c1-424b-9868-57a2d4851a1d" />
    <TestEntry testId="040cc6bf-f21a-7039-5a20-35961b70906e" executionId="ba8fbfad-4c0f-4435-ae82-30225986cd6a" testListId="8c84fa94-04c1-424b-9868-57a2d4851a1d" />
    <TestEntry testId="af213d2f-eee3-aede-f387-4c89cdfd6b06" executionId="a3f56bc8-ce46-45db-8488-b8c22ac02455" testListId="8c84fa94-04c1-424b-9868-57a2d4851a1d" />
    <TestEntry testId="31646524-bb8e-f331-17d5-71d5ea00c31d" executionId="4586e58c-768e-4084-8402-029755f89294" testListId="8c84fa94-04c1-424b-9868-57a2d4851a1d" />
    <TestEntry testId="63eb7366-ff1b-498f-a09d-a4456c8cf26b" executionId="5daf4dc3-daab-4e4f-be61-ee7df9753858" testListId="8c84fa94-04c1-424b-9868-57a2d4851a1d" />
    <TestEntry testId="9079bf15-e162-0194-4c5c-e2952b30b618" executionId="88709954-1cd5-4b38-b283-5e423a496d8f" testListId="8c84fa94-04c1-424b-9868-57a2d4851a1d" />
    <TestEntry testId="b718bf9e-2827-2fbb-a9b0-d297b238e26e" executionId="bfe7ab20-9d78-4377-8f6f-c4d52885f1d0" testListId="8c84fa94-04c1-424b-9868-57a2d4851a1d" />
    <TestEntry testId="ced48d5d-17fa-806c-8d89-8bc27b339308" executionId="a2ec2f6d-b257-4066-9c2d-26c81cdf0e83" testListId="8c84fa94-04c1-424b-9868-57a2d4851a1d" />
    <TestEntry testId="0445d318-736a-8b2b-1f8b-865242ea775d" executionId="b385eb4f-18a3-47cf-93a3-a766bd82c807" testListId="8c84fa94-04c1-424b-9868-57a2d4851a1d" />
    <TestEntry testId="9cdee254-0855-f5dc-f0b1-56ffdba5298d" executionId="643d35f7-c170-4960-a26b-31798866371f" testListId="8c84fa94-04c1-424b-9868-57a2d4851a1d" />
    <TestEntry testId="98f52c5a-72fa-0aa1-40e6-6b952a50357e" executionId="239fd859-674f-43fc-80a9-8206bde3e216" testListId="8c84fa94-04c1-424b-9868-57a2d4851a1d" />
    <TestEntry testId="01fab2d4-17da-649d-eaf7-dc20a0a5dbd8" executionId="552047a7-6c66-4f9e-9640-4b30ac62c101" testListId="8c84fa94-04c1-424b-9868-57a2d4851a1d" />
    <TestEntry testId="1be2d2b3-05aa-5e5d-b125-84099ba330a0" executionId="556f26fe-804e-4160-92dd-586fe16dd00c" testListId="8c84fa94-04c1-424b-9868-57a2d4851a1d" />
    <TestEntry testId="817c341c-933f-a98e-4308-f108ad5b8e66" executionId="ab76f110-af9f-4fb2-97bf-38aaa66bdf1d" testListId="8c84fa94-04c1-424b-9868-57a2d4851a1d" />
    <TestEntry testId="dd512538-64f9-1a84-ee5c-1be33833df9e" executionId="aba1a333-23d5-47bf-8524-0f4aeb19d4eb" testListId="8c84fa94-04c1-424b-9868-57a2d4851a1d" />
    <TestEntry testId="df2d754f-f3b8-d9b9-f3d2-a57853a4a64e" executionId="13d42556-8334-46b5-a3bb-5e2859078ae1" testListId="8c84fa94-04c1-424b-9868-57a2d4851a1d" />
    <TestEntry testId="3535a8c6-8bcf-7a4a-fa77-90eb18b73cb1" executionId="82a5adcf-b3b7-4125-aa20-24c475886acb" testListId="8c84fa94-04c1-424b-9868-57a2d4851a1d" />
    <TestEntry testId="b0258ed7-d988-da5a-10f1-2d08f10c2a6b" executionId="cf04260c-daf4-4213-a2c6-199619b287a6" testListId="8c84fa94-04c1-424b-9868-57a2d4851a1d" />
    <TestEntry testId="245f99d3-5d13-b46e-6042-3e6d7c52fe5e" executionId="92a73fe4-72d3-4616-81b0-dca0a6ba7ea0" testListId="8c84fa94-04c1-424b-9868-57a2d4851a1d" />
    <TestEntry testId="3bf76b2d-fdb6-f448-1720-49424d445e64" executionId="8dc1d193-dfab-46f9-a7c2-c7a8df8cd33f" testListId="8c84fa94-04c1-424b-9868-57a2d4851a1d" />
    <TestEntry testId="0616f0ef-f576-3995-6ead-c86dc2601063" executionId="261c96da-2c6f-4c04-9b0b-e8eaf7a3b19b" testListId="8c84fa94-04c1-424b-9868-57a2d4851a1d" />
    <TestEntry testId="94f12f75-09a0-6151-9fdd-638199bfafcd" executionId="89b03a01-0f86-4454-ad55-d7d72fbc0e59" testListId="8c84fa94-04c1-424b-9868-57a2d4851a1d" />
    <TestEntry testId="b700687d-d76d-a72e-70d5-0e2d34f40d49" executionId="eca1e7af-da6c-4457-a131-4be8d4254702" testListId="8c84fa94-04c1-424b-9868-57a2d4851a1d" />
    <TestEntry testId="f5a524d9-0e32-0556-0578-c616b61717e2" executionId="5e203ebd-bf20-448b-898d-ebb3b6cf572a" testListId="8c84fa94-04c1-424b-9868-57a2d4851a1d" />
    <TestEntry testId="463df073-ca96-d493-9832-4949694b4f07" executionId="e6fefddc-590e-4ee4-9787-59972dd8c5d3" testListId="8c84fa94-04c1-424b-9868-57a2d4851a1d" />
    <TestEntry testId="e4209b2a-0448-fed5-7afd-45e1fd16d938" executionId="efb1352c-ddd5-49e7-8b5e-fa5557f26742" testListId="8c84fa94-04c1-424b-9868-57a2d4851a1d" />
    <TestEntry testId="cb27cb20-c264-b8a6-c5bf-7bcef71c9fa3" executionId="af8ac08f-8204-409b-91be-3bd1b965a034" testListId="8c84fa94-04c1-424b-9868-57a2d4851a1d" />
  </TestEntries>
  <TestLists>
    <TestList name="Results Not in a List" id="8c84fa94-04c1-424b-9868-57a2d4851a1d" />
    <TestList name="All Loaded Results" id="19431567-8539-422a-85d7-44ee4e166bda" />
  </TestLists>
  <ResultSummary outcome="Completed">
    <Counters total="29" executed="29" passed="29" failed="0" error="0" timeout="0" aborted="0" inconclusive="0" passedButRunAborted="0" notRunnable="0" notExecuted="0" disconnected="0" warning="0" completed="0" inProgress="0" pending="0" />
    <Output>
      <StdOut>[xUnit.net 00:00:00.00] xUnit.net VSTest Adapter v3.1.5+1b188a7b0a (64-bit .NET 10.0.12)
[xUnit.net 00:00:00.31]   Discovering: CloudFileManager.PersistenceTests
[xUnit.net 00:00:00.45]   Discovered:  CloudFileManager.PersistenceTests
[xUnit.net 00:00:00.58]   Starting:    CloudFileManager.PersistenceTests
[xUnit.net 00:00:02.01]   Finished:    CloudFileManager.PersistenceTests (ID = '5de941fd0fc5dec52163530be57f6598ea83e399d68bb7da92bbc32b7a1eda6a')
</StdOut>
    </Output>
  </ResultSummary>
</TestRun>