<?xml version="1.0" encoding="utf-8"?>
<TestRun id="f6961abc-cbdc-4bd0-b254-f4f506511ab2" name="@yunMacBook-Pro 2026-10-07 12:06:35" xmlns="http://microsoft.com/schemas/VisualStudio/TeamTest/2010">
  <Times creation="2026-10-07T12:06:35.0300500+08:00" queuing="2026-10-07T12:06:35.0300500+08:00" start="2026-10-07T12:06:33.5570440+08:00" finish="2026-10-07T12:06:35.1003200+08:00" />
  <TestSettings name="default" id="fc62518b-e94b-46da-b095-999ea3f27e6e">
    <Deployment runDeploymentRoot="_yunMacBook-Pro_2026-10-07_12_06_35" />
  </TestSettings>
  <Results>
    <UnitTestResult executionId="7633dab4-4897-4c44-8bc8-aeaf9f6f101a" testId="0527343e-65d1-eb5b-d874-99ee36686850" testName="W03 sort controls do not alter tree/history" computerName="yunMacBook-Pro" duration="00:00:00.0006992" startTime="2026-10-07T12:06:35.0327470+08:00" endTime="2026-10-07T12:06:35.0334910+08:00" testType="13cdc9d9-ddb5-4fa4-a97d-d965ccfc6d4b" outcome="Passed" testListId="8c84fa94-04c1-424b-9868-57a2d4851a1d" relativeResultsDirectory="7633dab4-4897-4c44-8bc8-aeaf9f6f101a" />
    <UnitTestResult executionId="01b8631a-0b83-460e-9ca4-1c881e018ec3" testId="dcfa0adf-87c1-c5db-72d8-8703d3a5b2a8" testName="CloudFileManager.WebTests.DependencyInjectionTests.ConsumerContractDoesNotExposeResetOrOptionalFallback" computerName="yunMacBook-Pro" duration="00:00:00.0085856" startTime="2026-10-07T12:06:34.8942630+08:00" endTime="2026-10-07T12:06:34.9029040+08:00" testType="13cdc9d9-ddb5-4fa4-a97d-d965ccfc6d4b" outcome="Passed" testListId="8c84fa94-04c1-424b-9868-57a2d4851a1d" relativeResultsDirectory="01b8631a-0b83-460e-9ca4-1c881e018ec3" />
    <UnitTestResult executionId="5b991b74-ad0a-461b-b431-7582645631c7" testId="c65c0526-8f24-73cc-8f5a-23a6ff4318c3" testName="W04 tag key stable directions" computerName="yunMacBook-Pro" duration="00:00:00.0002496" startTime="2026-10-07T12:06:35.0163160+08:00" endTime="2026-10-07T12:06:35.0165800+08:00" testType="13cdc9d9-ddb5-4fa4-a97d-d965ccfc6d4b" outcome="Passed" testListId="8c84fa94-04c1-424b-9868-57a2d4851a1d" relativeResultsDirectory="5b991b74-ad0a-461b-b431-7582645631c7" />
    <UnitTestResult executionId="e6b72b6f-887c-437d-9ff6-fb959d8b470b" testId="63e16fac-e284-45bc-f7d2-303803e36e57" testName="W18 highlight mutation removal never resurrects stale ids" computerName="yunMacBook-Pro" duration="00:00:00.0008887" startTime="2026-10-07T12:06:35.0454500+08:00" endTime="2026-10-07T12:06:35.0463480+08:00" testType="13cdc9d9-ddb5-4fa4-a97d-d965ccfc6d4b" outcome="Passed" testListId="8c84fa94-04c1-424b-9868-57a2d4851a1d" relativeResultsDirectory="e6b72b6f-887c-437d-9ff6-fb959d8b470b" />
    <UnitTestResult executionId="1ad2ed5b-d800-4b72-8ca4-db31cd879cca" testId="9129393e-d37f-7c13-8221-34e9ab6fd1aa" testName="W12 XML regression contract and file scope" computerName="yunMacBook-Pro" duration="00:00:00.0039863" startTime="2026-10-07T12:06:35.0120920+08:00" endTime="2026-10-07T12:06:35.0161170+08:00" testType="13cdc9d9-ddb5-4fa4-a97d-d965ccfc6d4b" outcome="Passed" testListId="8c84fa94-04c1-424b-9868-57a2d4851a1d" relativeResultsDirectory="1ad2ed5b-d800-4b72-8ca4-db31cd879cca" />
    <UnitTestResult executionId="dae7969a-5661-440c-8f68-97278f96a96e" testId="b41f8be0-588d-fae7-b68a-85c3860a78a5" testName="CloudFileManager.WebTests.ProductionCompositionTests.ActualRegistrationUsesGoFInstanceAndPreservesStateAcrossScopes" computerName="yunMacBook-Pro" duration="00:00:00.0018010" startTime="2026-10-07T12:06:34.9490250+08:00" endTime="2026-10-07T12:06:34.9508780+08:00" testType="13cdc9d9-ddb5-4fa4-a97d-d965ccfc6d4b" outcome="Passed" testListId="8c84fa94-04c1-424b-9868-57a2d4851a1d" relativeResultsDirectory="dae7969a-5661-440c-8f68-97278f96a96e" />
    <UnitTestResult executionId="30c7ea43-bd43-4d9d-bf87-9c7361f250ac" testId="1e3451a0-3aad-ad00-fccf-9f6286f321bb" testName="W20 directory extension never matches" computerName="yunMacBook-Pro" duration="00:00:00.0013915" startTime="2026-10-07T12:06:34.9901450+08:00" endTime="2026-10-07T12:06:34.9915920+08:00" testType="13cdc9d9-ddb5-4fa4-a97d-d965ccfc6d4b" outcome="Passed" testListId="8c84fa94-04c1-424b-9868-57a2d4851a1d" relativeResultsDirectory="30c7ea43-bd43-4d9d-bf87-9c7361f250ac" />
    <UnitTestResult executionId="a4bbe457-61d6-4011-8e69-8ec3ae5473b1" testId="58737c80-0c48-5b83-62e8-939c8fb4fe90" testName="W19 search preserves domain history redo and last progress" computerName="yunMacBook-Pro" duration="00:00:00.0130777" startTime="2026-10-07T12:06:34.9694290+08:00" endTime="2026-10-07T12:06:34.9825480+08:00" testType="13cdc9d9-ddb5-4fa4-a97d-d965ccfc6d4b" outcome="Passed" testListId="8c84fa94-04c1-424b-9868-57a2d4851a1d" relativeResultsDirectory="a4bbe457-61d6-4011-8e69-8ec3ae5473b1" />
    <UnitTestResult executionId="5171235f-bb4e-4769-8ed7-aa683f457db4" testId="623cd205-1831-4767-d294-0dda4602af41" testName="W05 tag noop retains redo/log" computerName="yunMacBook-Pro" duration="00:00:00.0012033" startTime="2026-10-07T12:06:35.0085020+08:00" endTime="2026-10-07T12:06:35.0097470+08:00" testType="13cdc9d9-ddb5-4fa4-a97d-d965ccfc6d4b" outcome="Passed" testListId="8c84fa94-04c1-424b-9868-57a2d4851a1d" relativeResultsDirectory="5171235f-bb4e-4769-8ed7-aa683f457db4" />
    <UnitTestResult executionId="f22fe9a8-e569-481c-87fd-f5ffbd887c19" testId="8e12339d-d810-23f3-3bc0-ef13e402dcc7" testName="W17 case insensitive replacement zero and identity sort" computerName="yunMacBook-Pro" duration="00:00:00.0063886" startTime="2026-10-07T12:06:34.9830080+08:00" endTime="2026-10-07T12:06:34.9895110+08:00" testType="13cdc9d9-ddb5-4fa4-a97d-d965ccfc6d4b" outcome="Passed" testListId="8c84fa94-04c1-424b-9868-57a2d4851a1d" relativeResultsDirectory="f22fe9a8-e569-481c-87fd-f5ffbd887c19" />
    <UnitTestResult executionId="bed93304-f2fb-44d9-871b-46d15fde2010" testId="33d2aea8-435e-c7ec-0c8b-78930ee4f48d" testName="W19 search preserves domain history redo and last progress" computerName="yunMacBook-Pro" duration="00:00:00.0013931" startTime="2026-10-07T12:06:35.0382900+08:00" endTime="2026-10-07T12:06:35.0397230+08:00" testType="13cdc9d9-ddb5-4fa4-a97d-d965ccfc6d4b" outcome="Passed" testListId="8c84fa94-04c1-424b-9868-57a2d4851a1d" relativeResultsDirectory="bed93304-f2fb-44d9-871b-46d15fde2010" />
    <UnitTestResult executionId="892d7b4b-e144-4cd8-9cd5-95e7425f21ce" testId="5a583d3b-71df-c83d-70d7-c3454af210f3" testName="W08 Prototype snapshot independent and paste selection" computerName="yunMacBook-Pro" duration="00:00:00.0005870" startTime="2026-10-07T12:06:35.0447430+08:00" endTime="2026-10-07T12:06:35.0453410+08:00" testType="13cdc9d9-ddb5-4fa4-a97d-d965ccfc6d4b" outcome="Passed" testListId="8c84fa94-04c1-424b-9868-57a2d4851a1d" relativeResultsDirectory="892d7b4b-e144-4cd8-9cd5-95e7425f21ce" />
    <UnitTestResult executionId="c243993e-394d-40ab-9ef7-3974fe4c2329" testId="1281e0a5-9209-9485-023a-e7666565e118" testName="CloudFileManager.WebTests.ProductionCompositionTests.OverrideBeforeResolutionDoesNotInitializeOrResetGlobalState" computerName="yunMacBook-Pro" duration="00:00:00.0102878" startTime="2026-10-07T12:06:34.9382880+08:00" endTime="2026-10-07T12:06:34.9486270+08:00" testType="13cdc9d9-ddb5-4fa4-a97d-d965ccfc6d4b" outcome="Passed" testListId="8c84fa94-04c1-424b-9868-57a2d4851a1d" relativeResultsDirectory="c243993e-394d-40ab-9ef7-3974fe4c2329" />
    <UnitTestResult executionId="f46ba00c-1286-442b-8b6b-5da04be4348a" testId="f9aef425-6044-1e15-5f3c-8dfd95e7c2ce" testName="W15 Size distinguishes formatted equality" computerName="yunMacBook-Pro" duration="00:00:00.0002127" startTime="2026-10-07T12:06:34.9690860+08:00" endTime="2026-10-07T12:06:34.9693150+08:00" testType="13cdc9d9-ddb5-4fa4-a97d-d965ccfc6d4b" outcome="Passed" testListId="8c84fa94-04c1-424b-9868-57a2d4851a1d" relativeResultsDirectory="f46ba00c-1286-442b-8b6b-5da04be4348a" />
    <UnitTestResult executionId="48aa522b-f3bd-40c8-89e4-ada86f8508b8" testId="7f0ab3db-0c28-37de-a9fe-3862765f8334" testName="W16 search trace exact production visit order" computerName="yunMacBook-Pro" duration="00:00:00.0011534" startTime="2026-10-07T12:06:35.0244280+08:00" endTime="2026-10-07T12:06:35.0294530+08:00" testType="13cdc9d9-ddb5-4fa4-a97d-d965ccfc6d4b" outcome="Passed" testListId="8c84fa94-04c1-424b-9868-57a2d4851a1d" relativeResultsDirectory="48aa522b-f3bd-40c8-89e4-ada86f8508b8" />
    <UnitTestResult executionId="0e0d6234-6e04-4f9a-ab63-b26885cba346" testId="ac117a30-9ecf-3ffa-b36d-f9ce830aff10" testName="W03 sort controls do not alter tree/history" computerName="yunMacBook-Pro" duration="00:00:00.0010908" startTime="2026-10-07T12:06:34.9980320+08:00" endTime="2026-10-07T12:06:34.9991380+08:00" testType="13cdc9d9-ddb5-4fa4-a97d-d965ccfc6d4b" outcome="Passed" testListId="8c84fa94-04c1-424b-9868-57a2d4851a1d" relativeResultsDirectory="0e0d6234-6e04-4f9a-ab63-b26885cba346" />
    <UnitTestResult executionId="af48676b-ebd7-4ff9-a2ff-aca19f09a4f9" testId="a87e4241-0d6c-2f9d-e30d-15fea46f6c8a" testName="W04 tag key stable directions" computerName="yunMacBook-Pro" duration="00:00:00.0000563" startTime="2026-10-07T12:06:35.0429300+08:00" endTime="2026-10-07T12:06:35.0430180+08:00" testType="13cdc9d9-ddb5-4fa4-a97d-d965ccfc6d4b" outcome="Passed" testListId="8c84fa94-04c1-424b-9868-57a2d4851a1d" relativeResultsDirectory="af48676b-ebd7-4ff9-a2ff-aca19f09a4f9" />
    <UnitTestResult executionId="c2f91d3a-cd47-4fb3-8862-ba3505645d86" testId="c9647548-0527-0034-6f6a-60f1f7847354" testName="CloudFileManager.WebTests.DependencyInjectionTests.IndependentWorkspacesCanExecuteConcurrentlyWithoutGlobalSession" computerName="yunMacBook-Pro" duration="00:00:00.0250651" startTime="2026-10-07T12:06:34.9031610+08:00" endTime="2026-10-07T12:06:34.9293720+08:00" testType="13cdc9d9-ddb5-4fa4-a97d-d965ccfc6d4b" outcome="Passed" testListId="8c84fa94-04c1-424b-9868-57a2d4851a1d" relativeResultsDirectory="c2f91d3a-cd47-4fb3-8862-ba3505645d86" />
    <UnitTestResult executionId="e6204da1-3ada-4a1e-aaa3-e891925ab063" testId="d457bf83-a282-fbd5-2652-3d78f6551679" testName="W14 invalid search never fake scan" computerName="yunMacBook-Pro" duration="00:00:00.0005112" startTime="2026-10-07T12:06:35.0305390+08:00" endTime="2026-10-07T12:06:35.0310910+08:00" testType="13cdc9d9-ddb5-4fa4-a97d-d965ccfc6d4b" outcome="Passed" testListId="8c84fa94-04c1-424b-9868-57a2d4851a1d" relativeResultsDirectory="e6204da1-3ada-4a1e-aaa3-e891925ab063" />
    <UnitTestResult executionId="ce2ca4c1-e0fe-43b8-8a2c-69816e8c6efd" testId="9db42061-5d9e-9538-0d26-f01907af7702" testName="W12 XML regression contract and file scope" computerName="yunMacBook-Pro" duration="00:00:00.0008473" startTime="2026-10-07T12:06:35.0355670+08:00" endTime="2026-10-07T12:06:35.0364330+08:00" testType="13cdc9d9-ddb5-4fa4-a97d-d965ccfc6d4b" outcome="Passed" testListId="8c84fa94-04c1-424b-9868-57a2d4851a1d" relativeResultsDirectory="ce2ca4c1-e0fe-43b8-8a2c-69816e8c6efd" />
    <UnitTestResult executionId="ee243637-a8e6-4742-9ec3-624fdecb36c2" testId="6b920fa4-0e99-dfd6-e0a5-7b8ce8ecdcf4" testName="W06 badge remove does not change selection or descendants" computerName="yunMacBook-Pro" duration="00:00:00.0021842" startTime="2026-10-07T12:06:34.9523910+08:00" endTime="2026-10-07T12:06:34.9545970+08:00" testType="13cdc9d9-ddb5-4fa4-a97d-d965ccfc6d4b" outcome="Passed" testListId="8c84fa94-04c1-424b-9868-57a2d4851a1d" relativeResultsDirectory="ee243637-a8e6-4742-9ec3-624fdecb36c2" />
    <UnitTestResult executionId="d4dea203-d34a-4341-bb01-83f66ee183b6" testId="a568c352-986a-c35c-ef8e-6be6e194eb5b" testName="W18 highlight mutation removal never resurrects stale ids" computerName="yunMacBook-Pro" duration="00:00:00.0048752" startTime="2026-10-07T12:06:35.0000370+08:00" endTime="2026-10-07T12:06:35.0049580+08:00" testType="13cdc9d9-ddb5-4fa4-a97d-d965ccfc6d4b" outcome="Passed" testListId="8c84fa94-04c1-424b-9868-57a2d4851a1d" relativeResultsDirectory="d4dea203-d34a-4341-bb01-83f66ee183b6" />
    <UnitTestResult executionId="b06b0474-3490-4266-aca4-0cbba9732495" testId="65a998b1-1666-dce1-2fa2-af1642c857a9" testName="CloudFileManager.WebTests.DependencyInjectionTests.CompiledWorkspaceHasNoConcreteSingletonOrServiceLocatorDependency" computerName="yunMacBook-Pro" duration="00:00:00.0192020" startTime="2026-10-07T12:06:34.8745210+08:00" endTime="2026-10-07T12:06:34.8937980+08:00" testType="13cdc9d9-ddb5-4fa4-a97d-d965ccfc6d4b" outcome="Passed" testListId="8c84fa94-04c1-424b-9868-57a2d4851a1d" relativeResultsDirectory="b06b0474-3490-4266-aca4-0cbba9732495" />
    <UnitTestResult executionId="1299e2f0-4d66-4110-b492-32647710a626" testId="09f8c939-6c27-39e2-73a1-e3bdcbc2f19b" testName="W20 directory extension never matches" computerName="yunMacBook-Pro" duration="00:00:00.0000938" startTime="2026-10-07T12:06:35.0346960+08:00" endTime="2026-10-07T12:06:35.0348230+08:00" testType="13cdc9d9-ddb5-4fa4-a97d-d965ccfc6d4b" outcome="Passed" testListId="8c84fa94-04c1-424b-9868-57a2d4851a1d" relativeResultsDirectory="1299e2f0-4d66-4110-b492-32647710a626" />
    <UnitTestResult executionId="21e502f6-57bd-4640-bff2-0ebe7af31fc5" testId="5d58a587-6c86-68a7-0774-407d8203b671" testName="W10 ancestor fallback on Undo Paste" computerName="yunMacBook-Pro" duration="00:00:00.0010351" startTime="2026-10-07T12:06:35.0435150+08:00" endTime="2026-10-07T12:06:35.0445940+08:00" testType="13cdc9d9-ddb5-4fa4-a97d-d965ccfc6d4b" outcome="Passed" testListId="8c84fa94-04c1-424b-9868-57a2d4851a1d" relativeResultsDirectory="21e502f6-57bd-4640-bff2-0ebe7af31fc5" />
    <UnitTestResult executionId="ce2d9f82-fc92-4c0f-a674-f65a213fbd7a" testId="8bd81a97-2fed-6af2-ff84-e72e1a6851d6" testName="W11 visitor observed actual sequence and scope" computerName="yunMacBook-Pro" duration="00:00:00.0001667" startTime="2026-10-07T12:06:35.0341210+08:00" endTime="2026-10-07T12:06:35.0343080+08:00" testType="13cdc9d9-ddb5-4fa4-a97d-d965ccfc6d4b" outcome="Passed" testListId="8c84fa94-04c1-424b-9868-57a2d4851a1d" relativeResultsDirectory="ce2d9f82-fc92-4c0f-a674-f65a213fbd7a" />
    <UnitTestResult executionId="5cd6dc0c-8dd0-4cb8-8347-370137a2c280" testId="2170af4f-d52c-cca1-082c-67afd3f0e30d" testName="W16 search trace exact production visit order" computerName="yunMacBook-Pro" duration="00:00:00.0140036" startTime="2026-10-07T12:06:34.9547450+08:00" endTime="2026-10-07T12:06:34.9687840+08:00" testType="13cdc9d9-ddb5-4fa4-a97d-d965ccfc6d4b" outcome="Passed" testListId="8c84fa94-04c1-424b-9868-57a2d4851a1d" relativeResultsDirectory="5cd6dc0c-8dd0-4cb8-8347-370137a2c280" />
    <UnitTestResult executionId="f42be9b7-5c5c-4094-8a88-f6e8f6cca26f" testId="cf1f59c5-ea23-dc03-9d76-16a48525a1bc" testName="CloudFileManager.WebTests.DependencyInjectionTests.ConstructionPreservesPopulatedDependencyAndRejectsInvalidSelection" computerName="yunMacBook-Pro" duration="00:00:00.0669478" startTime="2026-10-07T12:06:34.7972320+08:00" endTime="2026-10-07T12:06:34.8707480+08:00" testType="13cdc9d9-ddb5-4fa4-a97d-d965ccfc6d4b" outcome="Passed" testListId="8c84fa94-04c1-424b-9868-57a2d4851a1d" relativeResultsDirectory="f42be9b7-5c5c-4094-8a88-f6e8f6cca26f" />
    <UnitTestResult executionId="b98f61e1-96ad-4b7f-80e6-f9ca5a17e58c" testId="9befb843-ef03-1776-96be-ba7fd129369d" testName="W11 visitor observed actual sequence and scope" computerName="yunMacBook-Pro" duration="00:00:00.0012130" startTime="2026-10-07T12:06:35.0068490+08:00" endTime="2026-10-07T12:06:35.0080970+08:00" testType="13cdc9d9-ddb5-4fa4-a97d-d965ccfc6d4b" outcome="Passed" testListId="8c84fa94-04c1-424b-9868-57a2d4851a1d" relativeResultsDirectory="b98f61e1-96ad-4b7f-80e6-f9ca5a17e58c" />
    <UnitTestResult executionId="5c58599f-4198-4d93-98fa-b22f20a99d30" testId="815002aa-9270-ec83-4c9d-8ff011625c41" testName="W10 ancestor fallback on Undo Paste" computerName="yunMacBook-Pro" duration="00:00:00.0016210" startTime="2026-10-07T12:06:35.0189640+08:00" endTime="2026-10-07T12:06:35.0206280+08:00" testType="13cdc9d9-ddb5-4fa4-a97d-d965ccfc6d4b" outcome="Passed" testListId="8c84fa94-04c1-424b-9868-57a2d4851a1d" relativeResultsDirectory="5c58599f-4198-4d93-98fa-b22f20a99d30" />
    <UnitTestResult executionId="04178cf2-f3f3-450a-b5db-c2e1ab3f50d3" testId="2a4f4963-73cb-7ab0-89d2-65cd86ddf36d" testName="W09 delete undo selection and global count" computerName="yunMacBook-Pro" duration="00:00:00.0011379" startTime="2026-10-07T12:06:35.0413130+08:00" endTime="2026-10-07T12:06:35.0424970+08:00" testType="13cdc9d9-ddb5-4fa4-a97d-d965ccfc6d4b" outcome="Passed" testListId="8c84fa94-04c1-424b-9868-57a2d4851a1d" relativeResultsDirectory="04178cf2-f3f3-450a-b5db-c2e1ab3f50d3" />
    <UnitTestResult executionId="20a1d267-0fdf-42fb-a999-0f626b87a4e9" testId="3445bfdd-81b8-cbd6-7a7a-8cd597d119e6" testName="W13 exact extension within scope, no filter" computerName="yunMacBook-Pro" duration="00:00:00.0003325" startTime="2026-10-07T12:06:34.9992820+08:00" endTime="2026-10-07T12:06:34.9996240+08:00" testType="13cdc9d9-ddb5-4fa4-a97d-d965ccfc6d4b" outcome="Passed" testListId="8c84fa94-04c1-424b-9868-57a2d4851a1d" relativeResultsDirectory="20a1d267-0fdf-42fb-a999-0f626b87a4e9" />
    <UnitTestResult executionId="e7e67118-c7f9-42c0-9bcc-f705935b0e5a" testId="41674556-3566-8f23-ea31-813ab1a72f98" testName="W13 exact extension within scope, no filter" computerName="yunMacBook-Pro" duration="00:00:00.0006407" startTime="2026-10-07T12:06:35.0401850+08:00" endTime="2026-10-07T12:06:35.0408720+08:00" testType="13cdc9d9-ddb5-4fa4-a97d-d965ccfc6d4b" outcome="Passed" testListId="8c84fa94-04c1-424b-9868-57a2d4851a1d" relativeResultsDirectory="e7e67118-c7f9-42c0-9bcc-f705935b0e5a" />
    <UnitTestResult executionId="3fe39559-0a64-4eb2-9aa3-2106d4ffa19d" testId="d82188fb-87ea-1168-d68f-7db31f91ca8b" testName="W02 exact capacities and display" computerName="yunMacBook-Pro" duration="00:00:00.0004700" startTime="2026-10-07T12:06:35.0376590+08:00" endTime="2026-10-07T12:06:35.0381540+08:00" testType="13cdc9d9-ddb5-4fa4-a97d-d965ccfc6d4b" outcome="Passed" testListId="8c84fa94-04c1-424b-9868-57a2d4851a1d" relativeResultsDirectory="3fe39559-0a64-4eb2-9aa3-2106d4ffa19d" />
    <UnitTestResult executionId="6e1d953e-9d20-4ade-b186-a9edfa31d655" testId="9d9c2320-d097-b7a9-3eda-4bab4cc2d239" testName="W01 clean seed" computerName="yunMacBook-Pro" duration="00:00:00.0007557" startTime="2026-10-07T12:06:35.0210540+08:00" endTime="2026-10-07T12:06:35.0218450+08:00" testType="13cdc9d9-ddb5-4fa4-a97d-d965ccfc6d4b" outcome="Passed" testListId="8c84fa94-04c1-424b-9868-57a2d4851a1d" relativeResultsDirectory="6e1d953e-9d20-4ade-b186-a9edfa31d655" />
    <UnitTestResult executionId="1abdb98e-fba1-4cc1-a901-72f54d5f6580" testId="5e876a39-0b37-4f3a-0608-004a4fe64a81" testName="W01 clean seed" computerName="yunMacBook-Pro" duration="00:00:00.0005321" startTime="2026-10-07T12:06:35.0366920+08:00" endTime="2026-10-07T12:06:35.0372770+08:00" testType="13cdc9d9-ddb5-4fa4-a97d-d965ccfc6d4b" outcome="Passed" testListId="8c84fa94-04c1-424b-9868-57a2d4851a1d" relativeResultsDirectory="1abdb98e-fba1-4cc1-a901-72f54d5f6580" />
    <UnitTestResult executionId="bac318ad-20e4-4d72-9ae7-71ff1936a675" testId="e2de0570-337d-9080-7f96-7357f5eefe3f" testName="W17 case insensitive replacement zero and identity sort" computerName="yunMacBook-Pro" duration="00:00:00.0015240" startTime="2026-10-07T12:06:35.0464710+08:00" endTime="2026-10-07T12:06:35.0480050+08:00" testType="13cdc9d9-ddb5-4fa4-a97d-d965ccfc6d4b" outcome="Passed" testListId="8c84fa94-04c1-424b-9868-57a2d4851a1d" relativeResultsDirectory="bac318ad-20e4-4d72-9ae7-71ff1936a675" />
    <UnitTestResult executionId="d178e8ea-e6fa-4e3d-8940-166ade2ceae6" testId="aa54b67a-ae5e-36c9-43f2-f0d8f1925eef" testName="W07 Paste file disabled/conflict atomic/redo" computerName="yunMacBook-Pro" duration="00:00:00.0015378" startTime="2026-10-07T12:06:35.0224350+08:00" endTime="2026-10-07T12:06:35.0240170+08:00" testType="13cdc9d9-ddb5-4fa4-a97d-d965ccfc6d4b" outcome="Passed" testListId="8c84fa94-04c1-424b-9868-57a2d4851a1d" relativeResultsDirectory="d178e8ea-e6fa-4e3d-8940-166ade2ceae6" />
    <UnitTestResult executionId="51705089-9460-443c-a1ac-386040d176a3" testId="5933a598-b8af-5331-c047-ec11108c0d5b" testName="W07 Paste file disabled/conflict atomic/redo" computerName="yunMacBook-Pro" duration="00:00:00.0019505" startTime="2026-10-07T12:06:34.9959090+08:00" endTime="2026-10-07T12:06:34.9978780+08:00" testType="13cdc9d9-ddb5-4fa4-a97d-d965ccfc6d4b" outcome="Passed" testListId="8c84fa94-04c1-424b-9868-57a2d4851a1d" relativeResultsDirectory="51705089-9460-443c-a1ac-386040d176a3" />
    <UnitTestResult executionId="4f734900-4f9e-48e1-8b85-61d8c433917b" testId="5aafc802-2c85-5a23-b19e-6c671d950d3a" testName="W05 tag noop retains redo/log" computerName="yunMacBook-Pro" duration="00:00:00.0006989" startTime="2026-10-07T12:06:35.0315620+08:00" endTime="2026-10-07T12:06:35.0323120+08:00" testType="13cdc9d9-ddb5-4fa4-a97d-d965ccfc6d4b" outcome="Passed" testListId="8c84fa94-04c1-424b-9868-57a2d4851a1d" relativeResultsDirectory="4f734900-4f9e-48e1-8b85-61d8c433917b" />
    <UnitTestResult executionId="a1d1b6b7-2a6f-4dbd-832f-242052bbed1c" testId="718c43ae-c3bf-8edb-8409-cec54d7a7bb8" testName="W14 invalid search never fake scan" computerName="yunMacBook-Pro" duration="00:00:00.0006862" startTime="2026-10-07T12:06:35.0053730+08:00" endTime="2026-10-07T12:06:35.0060980+08:00" testType="13cdc9d9-ddb5-4fa4-a97d-d965ccfc6d4b" outcome="Passed" testListId="8c84fa94-04c1-424b-9868-57a2d4851a1d" relativeResultsDirectory="a1d1b6b7-2a6f-4dbd-832f-242052bbed1c" />
    <UnitTestResult executionId="251b1bb2-d0fd-4529-a517-a00a24acd485" testId="d89cd176-3211-fbb0-8a86-3fe6cfd7e4e9" testName="W15 Size distinguishes formatted equality" computerName="yunMacBook-Pro" duration="00:00:00.0000211" startTime="2026-10-07T12:06:35.0481300+08:00" endTime="2026-10-07T12:06:35.0481590+08:00" testType="13cdc9d9-ddb5-4fa4-a97d-d965ccfc6d4b" outcome="Passed" testListId="8c84fa94-04c1-424b-9868-57a2d4851a1d" relativeResultsDirectory="251b1bb2-d0fd-4529-a517-a00a24acd485" />
    <UnitTestResult executionId="b4f7f71f-63ac-4753-b366-0ed2e7390904" testId="621c7d98-f4df-d87a-a5c3-c9d18f06d64c" testName="W02 exact capacities and display" computerName="yunMacBook-Pro" duration="00:00:00.0012424" startTime="2026-10-07T12:06:35.0103710+08:00" endTime="2026-10-07T12:06:35.0116700+08:00" testType="13cdc9d9-ddb5-4fa4-a97d-d965ccfc6d4b" outcome="Passed" testListId="8c84fa94-04c1-424b-9868-57a2d4851a1d" relativeResultsDirectory="b4f7f71f-63ac-4753-b366-0ed2e7390904" />
    <UnitTestResult executionId="b9b09a9c-c3dc-424b-ac51-762bf325f33e" testId="f328be3c-6ad5-1c81-baa3-8f8a8c29b7a0" testName="W08 Prototype snapshot independent and paste selection" computerName="yunMacBook-Pro" duration="00:00:00.0031637" startTime="2026-10-07T12:06:34.9923340+08:00" endTime="2026-10-07T12:06:34.9955370+08:00" testType="13cdc9d9-ddb5-4fa4-a97d-d965ccfc6d4b" outcome="Passed" testListId="8c84fa94-04c1-424b-9868-57a2d4851a1d" relativeResultsDirectory="b9b09a9c-c3dc-424b-ac51-762bf325f33e" />
    <UnitTestResult executionId="24de921f-d6a0-4117-af7f-6e661c2663ed" testId="4e4651ff-8864-4dfc-85c9-dd8c816cc710" testName="W06 badge remove does not change selection or descendants" computerName="yunMacBook-Pro" duration="00:00:00.0006659" startTime="2026-10-07T12:06:35.0482560+08:00" endTime="2026-10-07T12:06:35.0489290+08:00" testType="13cdc9d9-ddb5-4fa4-a97d-d965ccfc6d4b" outcome="Passed" testListId="8c84fa94-04c1-424b-9868-57a2d4851a1d" relativeResultsDirectory="24de921f-d6a0-4117-af7f-6e661c2663ed" />
    <UnitTestResult executionId="44d325ca-46cf-4813-bbde-60f16118e15e" testId="55aef78b-5b83-ace4-7580-c555d0aa2485" testName="W09 delete undo selection and global count" computerName="yunMacBook-Pro" duration="00:00:00.0016836" startTime="2026-10-07T12:06:35.0168860+08:00" endTime="2026-10-07T12:06:35.0186230+08:00" testType="13cdc9d9-ddb5-4fa4-a97d-d965ccfc6d4b" outcome="Passed" testListId="8c84fa94-04c1-424b-9868-57a2d4851a1d" relativeResultsDirectory="44d325ca-46cf-4813-bbde-60f16118e15e" />
  </Results>
  <TestDefinitions>
    <UnitTest name="CloudFileManager.WebTests.ProductionCompositionTests.ActualRegistrationUsesGoFInstanceAndPreservesStateAcrossScopes" storage="/users/juyunho/documents/code/winbond/cloudfilemanager/tests/cloudfilemanager.webtests/bin/release/net10.0/cloudfilemanager.webtests.dll" id="b41f8be0-588d-fae7-b68a-85c3860a78a5">
      <Execution id="dae7969a-5661-440c-8f68-97278f96a96e" />
      <TestMethod codeBase="/Users/juyunho/Documents/Code/winbond/CloudFileManager/tests/CloudFileManager.WebTests/bin/Release/net10.0/CloudFileManager.WebTests.dll" adapterTypeName="executor://xunit/VsTestRunner3/netcore/" className="CloudFileManager.WebTests.ProductionCompositionTests" name="ActualRegistrationUsesGoFInstanceAndPreservesStateAcrossScopes" />
    </UnitTest>
    <UnitTest name="W07 Paste file disabled/conflict atomic/redo" storage="/users/juyunho/documents/code/winbond/cloudfilemanager/tests/cloudfilemanager.webtests/bin/release/net10.0/cloudfilemanager.webtests.dll" id="aa54b67a-ae5e-36c9-43f2-f0d8f1925eef">
      <Execution id="d178e8ea-e6fa-4e3d-8940-166ade2ceae6" />
      <TestMethod codeBase="/Users/juyunho/Documents/Code/winbond/CloudFileManager/tests/CloudFileManager.WebTests/bin/Release/net10.0/CloudFileManager.WebTests.dll" adapterTypeName="executor://xunit/VsTestRunner3/netcore/" className="CloudFileManager.WebTests.IsolatedWebWorkspaceTests" name="W07" />
    </UnitTest>
    <UnitTest name="W15 Size distinguishes formatted equality" storage="/users/juyunho/documents/code/winbond/cloudfilemanager/tests/cloudfilemanager.webtests/bin/release/net10.0/cloudfilemanager.webtests.dll" id="f9aef425-6044-1e15-5f3c-8dfd95e7c2ce">
      <Execution id="f46ba00c-1286-442b-8b6b-5da04be4348a" />
      <TestMethod codeBase="/Users/juyunho/Documents/Code/winbond/CloudFileManager/tests/CloudFileManager.WebTests/bin/Release/net10.0/CloudFileManager.WebTests.dll" adapterTypeName="executor://xunit/VsTestRunner3/netcore/" className="CloudFileManager.WebTests.WebWorkspaceTests" name="W15" />
    </UnitTest>
    <UnitTest name="CloudFileManager.WebTests.ProductionCompositionTests.OverrideBeforeResolutionDoesNotInitializeOrResetGlobalState" storage="/users/juyunho/documents/code/winbond/cloudfilemanager/tests/cloudfilemanager.webtests/bin/release/net10.0/cloudfilemanager.webtests.dll" id="1281e0a5-9209-9485-023a-e7666565e118">
      <Execution id="c243993e-394d-40ab-9ef7-3974fe4c2329" />
      <TestMethod codeBase="/Users/juyunho/Documents/Code/winbond/CloudFileManager/tests/CloudFileManager.WebTests/bin/Release/net10.0/CloudFileManager.WebTests.dll" adapterTypeName="executor://xunit/VsTestRunner3/netcore/" className="CloudFileManager.WebTests.ProductionCompositionTests" name="OverrideBeforeResolutionDoesNotInitializeOrResetGlobalState" />
    </UnitTest>
    <UnitTest name="CloudFileManager.WebTests.DependencyInjectionTests.IndependentWorkspacesCanExecuteConcurrentlyWithoutGlobalSession" storage="/users/juyunho/documents/code/winbond/cloudfilemanager/tests/cloudfilemanager.webtests/bin/release/net10.0/cloudfilemanager.webtests.dll" id="c9647548-0527-0034-6f6a-60f1f7847354">
      <Execution id="c2f91d3a-cd47-4fb3-8862-ba3505645d86" />
      <TestMethod codeBase="/Users/juyunho/Documents/Code/winbond/CloudFileManager/tests/CloudFileManager.WebTests/bin/Release/net10.0/CloudFileManager.WebTests.dll" adapterTypeName="executor://xunit/VsTestRunner3/netcore/" className="CloudFileManager.WebTests.DependencyInjectionTests" name="IndependentWorkspacesCanExecuteConcurrentlyWithoutGlobalSession" />
    </UnitTest>
    <UnitTest name="W04 tag key stable directions" storage="/users/juyunho/documents/code/winbond/cloudfilemanager/tests/cloudfilemanager.webtests/bin/release/net10.0/cloudfilemanager.webtests.dll" id="c65c0526-8f24-73cc-8f5a-23a6ff4318c3">
      <Execution id="5b991b74-ad0a-461b-b431-7582645631c7" />
      <TestMethod codeBase="/Users/juyunho/Documents/Code/winbond/CloudFileManager/tests/CloudFileManager.WebTests/bin/Release/net10.0/CloudFileManager.WebTests.dll" adapterTypeName="executor://xunit/VsTestRunner3/netcore/" className="CloudFileManager.WebTests.WebWorkspaceTests" name="W04" />
    </UnitTest>
    <UnitTest name="W13 exact extension within scope, no filter" storage="/users/juyunho/documents/code/winbond/cloudfilemanager/tests/cloudfilemanager.webtests/bin/release/net10.0/cloudfilemanager.webtests.dll" id="3445bfdd-81b8-cbd6-7a7a-8cd597d119e6">
      <Execution id="20a1d267-0fdf-42fb-a999-0f626b87a4e9" />
      <TestMethod codeBase="/Users/juyunho/Documents/Code/winbond/CloudFileManager/tests/CloudFileManager.WebTests/bin/Release/net10.0/CloudFileManager.WebTests.dll" adapterTypeName="executor://xunit/VsTestRunner3/netcore/" className="CloudFileManager.WebTests.WebWorkspaceTests" name="W13" />
    </UnitTest>
    <UnitTest name="W18 highlight mutation removal never resurrects stale ids" storage="/users/juyunho/documents/code/winbond/cloudfilemanager/tests/cloudfilemanager.webtests/bin/release/net10.0/cloudfilemanager.webtests.dll" id="a568c352-986a-c35c-ef8e-6be6e194eb5b">
      <Execution id="d4dea203-d34a-4341-bb01-83f66ee183b6" />
      <TestMethod codeBase="/Users/juyunho/Documents/Code/winbond/CloudFileManager/tests/CloudFileManager.WebTests/bin/Release/net10.0/CloudFileManager.WebTests.dll" adapterTypeName="executor://xunit/VsTestRunner3/netcore/" className="CloudFileManager.WebTests.WebWorkspaceTests" name="W18" />
    </UnitTest>
    <UnitTest name="CloudFileManager.WebTests.DependencyInjectionTests.ConsumerContractDoesNotExposeResetOrOptionalFallback" storage="/users/juyunho/documents/code/winbond/cloudfilemanager/tests/cloudfilemanager.webtests/bin/release/net10.0/cloudfilemanager.webtests.dll" id="dcfa0adf-87c1-c5db-72d8-8703d3a5b2a8">
      <Execution id="01b8631a-0b83-460e-9ca4-1c881e018ec3" />
      <TestMethod codeBase="/Users/juyunho/Documents/Code/winbond/CloudFileManager/tests/CloudFileManager.WebTests/bin/Release/net10.0/CloudFileManager.WebTests.dll" adapterTypeName="executor://xunit/VsTestRunner3/netcore/" className="CloudFileManager.WebTests.DependencyInjectionTests" name="ConsumerContractDoesNotExposeResetOrOptionalFallback" />
    </UnitTest>
    <UnitTest name="W03 sort controls do not alter tree/history" storage="/users/juyunho/documents/code/winbond/cloudfilemanager/tests/cloudfilemanager.webtests/bin/release/net10.0/cloudfilemanager.webtests.dll" id="ac117a30-9ecf-3ffa-b36d-f9ce830aff10">
      <Execution id="0e0d6234-6e04-4f9a-ab63-b26885cba346" />
      <TestMethod codeBase="/Users/juyunho/Documents/Code/winbond/CloudFileManager/tests/CloudFileManager.WebTests/bin/Release/net10.0/CloudFileManager.WebTests.dll" adapterTypeName="executor://xunit/VsTestRunner3/netcore/" className="CloudFileManager.WebTests.WebWorkspaceTests" name="W03" />
    </UnitTest>
    <UnitTest name="W19 search preserves domain history redo and last progress" storage="/users/juyunho/documents/code/winbond/cloudfilemanager/tests/cloudfilemanager.webtests/bin/release/net10.0/cloudfilemanager.webtests.dll" id="33d2aea8-435e-c7ec-0c8b-78930ee4f48d">
      <Execution id="bed93304-f2fb-44d9-871b-46d15fde2010" />
      <TestMethod codeBase="/Users/juyunho/Documents/Code/winbond/CloudFileManager/tests/CloudFileManager.WebTests/bin/Release/net10.0/CloudFileManager.WebTests.dll" adapterTypeName="executor://xunit/VsTestRunner3/netcore/" className="CloudFileManager.WebTests.IsolatedWebWorkspaceTests" name="W19" />
    </UnitTest>
    <UnitTest name="W05 tag noop retains redo/log" storage="/users/juyunho/documents/code/winbond/cloudfilemanager/tests/cloudfilemanager.webtests/bin/release/net10.0/cloudfilemanager.webtests.dll" id="5aafc802-2c85-5a23-b19e-6c671d950d3a">
      <Execution id="4f734900-4f9e-48e1-8b85-61d8c433917b" />
      <TestMethod codeBase="/Users/juyunho/Documents/Code/winbond/CloudFileManager/tests/CloudFileManager.WebTests/bin/Release/net10.0/CloudFileManager.WebTests.dll" adapterTypeName="executor://xunit/VsTestRunner3/netcore/" className="CloudFileManager.WebTests.IsolatedWebWorkspaceTests" name="W05" />
    </UnitTest>
    <UnitTest name="W02 exact capacities and display" storage="/users/juyunho/documents/code/winbond/cloudfilemanager/tests/cloudfilemanager.webtests/bin/release/net10.0/cloudfilemanager.webtests.dll" id="621c7d98-f4df-d87a-a5c3-c9d18f06d64c">
      <Execution id="b4f7f71f-63ac-4753-b366-0ed2e7390904" />
      <TestMethod codeBase="/Users/juyunho/Documents/Code/winbond/CloudFileManager/tests/CloudFileManager.WebTests/bin/Release/net10.0/CloudFileManager.WebTests.dll" adapterTypeName="executor://xunit/VsTestRunner3/netcore/" className="CloudFileManager.WebTests.WebWorkspaceTests" name="W02" />
    </UnitTest>
    <UnitTest name="W03 sort controls do not alter tree/history" storage="/users/juyunho/documents/code/winbond/cloudfilemanager/tests/cloudfilemanager.webtests/bin/release/net10.0/cloudfilemanager.webtests.dll" id="0527343e-65d1-eb5b-d874-99ee36686850">
      <Execution id="7633dab4-4897-4c44-8bc8-aeaf9f6f101a" />
      <TestMethod codeBase="/Users/juyunho/Documents/Code/winbond/CloudFileManager/tests/CloudFileManager.WebTests/bin/Release/net10.0/CloudFileManager.WebTests.dll" adapterTypeName="executor://xunit/VsTestRunner3/netcore/" className="CloudFileManager.WebTests.IsolatedWebWorkspaceTests" name="W03" />
    </UnitTest>
    <UnitTest name="W10 ancestor fallback on Undo Paste" storage="/users/juyunho/documents/code/winbond/cloudfilemanager/tests/cloudfilemanager.webtests/bin/release/net10.0/cloudfilemanager.webtests.dll" id="815002aa-9270-ec83-4c9d-8ff011625c41">
      <Execution id="5c58599f-4198-4d93-98fa-b22f20a99d30" />
      <TestMethod codeBase="/Users/juyunho/Documents/Code/winbond/CloudFileManager/tests/CloudFileManager.WebTests/bin/Release/net10.0/CloudFileManager.WebTests.dll" adapterTypeName="executor://xunit/VsTestRunner3/netcore/" className="CloudFileManager.WebTests.WebWorkspaceTests" name="W10" />
    </UnitTest>
    <UnitTest name="W20 directory extension never matches" storage="/users/juyunho/documents/code/winbond/cloudfilemanager/tests/cloudfilemanager.webtests/bin/release/net10.0/cloudfilemanager.webtests.dll" id="09f8c939-6c27-39e2-73a1-e3bdcbc2f19b">
      <Execution id="1299e2f0-4d66-4110-b492-32647710a626" />
      <TestMethod codeBase="/Users/juyunho/Documents/Code/winbond/CloudFileManager/tests/CloudFileManager.WebTests/bin/Release/net10.0/CloudFileManager.WebTests.dll" adapterTypeName="executor://xunit/VsTestRunner3/netcore/" className="CloudFileManager.WebTests.IsolatedWebWorkspaceTests" name="W20" />
    </UnitTest>
    <UnitTest name="W11 visitor observed actual sequence and scope" storage="/users/juyunho/documents/code/winbond/cloudfilemanager/tests/cloudfilemanager.webtests/bin/release/net10.0/cloudfilemanager.webtests.dll" id="9befb843-ef03-1776-96be-ba7fd129369d">
      <Execution id="b98f61e1-96ad-4b7f-80e6-f9ca5a17e58c" />
      <TestMethod codeBase="/Users/juyunho/Documents/Code/winbond/CloudFileManager/tests/CloudFileManager.WebTests/bin/Release/net10.0/CloudFileManager.WebTests.dll" adapterTypeName="executor://xunit/VsTestRunner3/netcore/" className="CloudFileManager.WebTests.WebWorkspaceTests" name="W11" />
    </UnitTest>
    <UnitTest name="W17 case insensitive replacement zero and identity sort" storage="/users/juyunho/documents/code/winbond/cloudfilemanager/tests/cloudfilemanager.webtests/bin/release/net10.0/cloudfilemanager.webtests.dll" id="e2de0570-337d-9080-7f96-7357f5eefe3f">
      <Execution id="bac318ad-20e4-4d72-9ae7-71ff1936a675" />
      <TestMethod codeBase="/Users/juyunho/Documents/Code/winbond/CloudFileManager/tests/CloudFileManager.WebTests/bin/Release/net10.0/CloudFileManager.WebTests.dll" adapterTypeName="executor://xunit/VsTestRunner3/netcore/" className="CloudFileManager.WebTests.IsolatedWebWorkspaceTests" name="W17" />
    </UnitTest>
    <UnitTest name="W18 highlight mutation removal never resurrects stale ids" storage="/users/juyunho/documents/code/winbond/cloudfilemanager/tests/cloudfilemanager.webtests/bin/release/net10.0/cloudfilemanager.webtests.dll" id="63e16fac-e284-45bc-f7d2-303803e36e57">
      <Execution id="e6b72b6f-887c-437d-9ff6-fb959d8b470b" />
      <TestMethod codeBase="/Users/juyunho/Documents/Code/winbond/CloudFileManager/tests/CloudFileManager.WebTests/bin/Release/net10.0/CloudFileManager.WebTests.dll" adapterTypeName="executor://xunit/VsTestRunner3/netcore/" className="CloudFileManager.WebTests.IsolatedWebWorkspaceTests" name="W18" />
    </UnitTest>
    <UnitTest name="CloudFileManager.WebTests.DependencyInjectionTests.CompiledWorkspaceHasNoConcreteSingletonOrServiceLocatorDependency" storage="/users/juyunho/documents/code/winbond/cloudfilemanager/tests/cloudfilemanager.webtests/bin/release/net10.0/cloudfilemanager.webtests.dll" id="65a998b1-1666-dce1-2fa2-af1642c857a9">
      <Execution id="b06b0474-3490-4266-aca4-0cbba9732495" />
      <TestMethod codeBase="/Users/juyunho/Documents/Code/winbond/CloudFileManager/tests/CloudFileManager.WebTests/bin/Release/net10.0/CloudFileManager.WebTests.dll" adapterTypeName="executor://xunit/VsTestRunner3/netcore/" className="CloudFileManager.WebTests.DependencyInjectionTests" name="CompiledWorkspaceHasNoConcreteSingletonOrServiceLocatorDependency" />
    </UnitTest>
    <UnitTest name="W15 Size distinguishes formatted equality" storage="/users/juyunho/documents/code/winbond/cloudfilemanager/tests/cloudfilemanager.webtests/bin/release/net10.0/cloudfilemanager.webtests.dll" id="d89cd176-3211-fbb0-8a86-3fe6cfd7e4e9">
      <Execution id="251b1bb2-d0fd-4529-a517-a00a24acd485" />
      <TestMethod codeBase="/Users/juyunho/Documents/Code/winbond/CloudFileManager/tests/CloudFileManager.WebTests/bin/Release/net10.0/CloudFileManager.WebTests.dll" adapterTypeName="executor://xunit/VsTestRunner3/netcore/" className="CloudFileManager.WebTests.IsolatedWebWorkspaceTests" name="W15" />
    </UnitTest>
    <UnitTest name="W08 Prototype snapshot independent and paste selection" storage="/users/juyunho/documents/code/winbond/cloudfilemanager/tests/cloudfilemanager.webtests/bin/release/net10.0/cloudfilemanager.webtests.dll" id="f328be3c-6ad5-1c81-baa3-8f8a8c29b7a0">
      <Execution id="b9b09a9c-c3dc-424b-ac51-762bf325f33e" />
      <TestMethod codeBase="/Users/juyunho/Documents/Code/winbond/CloudFileManager/tests/CloudFileManager.WebTests/bin/Release/net10.0/CloudFileManager.WebTests.dll" adapterTypeName="executor://xunit/VsTestRunner3/netcore/" className="CloudFileManager.WebTests.WebWorkspaceTests" name="W08" />
    </UnitTest>
    <UnitTest name="W09 delete undo selection and global count" storage="/users/juyunho/documents/code/winbond/cloudfilemanager/tests/cloudfilemanager.webtests/bin/release/net10.0/cloudfilemanager.webtests.dll" id="55aef78b-5b83-ace4-7580-c555d0aa2485">
      <Execution id="44d325ca-46cf-4813-bbde-60f16118e15e" />
      <TestMethod codeBase="/Users/juyunho/Documents/Code/winbond/CloudFileManager/tests/CloudFileManager.WebTests/bin/Release/net10.0/CloudFileManager.WebTests.dll" adapterTypeName="executor://xunit/VsTestRunner3/netcore/" className="CloudFileManager.WebTests.WebWorkspaceTests" name="W09" />
    </UnitTest>
    <UnitTest name="W07 Paste file disabled/conflict atomic/redo" storage="/users/juyunho/documents/code/winbond/cloudfilemanager/tests/cloudfilemanager.webtests/bin/release/net10.0/cloudfilemanager.webtests.dll" id="5933a598-b8af-5331-c047-ec11108c0d5b">
      <Execution id="51705089-9460-443c-a1ac-386040d176a3" />
      <TestMethod codeBase="/Users/juyunho/Documents/Code/winbond/CloudFileManager/tests/CloudFileManager.WebTests/bin/Release/net10.0/CloudFileManager.WebTests.dll" adapterTypeName="executor://xunit/VsTestRunner3/netcore/" className="CloudFileManager.WebTests.WebWorkspaceTests" name="W07" />
    </UnitTest>
    <UnitTest name="W05 tag noop retains redo/log" storage="/users/juyunho/documents/code/winbond/cloudfilemanager/tests/cloudfilemanager.webtests/bin/release/net10.0/cloudfilemanager.webtests.dll" id="623cd205-1831-4767-d294-0dda4602af41">
      <Execution id="5171235f-bb4e-4769-8ed7-aa683f457db4" />
      <TestMethod codeBase="/Users/juyunho/Documents/Code/winbond/CloudFileManager/tests/CloudFileManager.WebTests/bin/Release/net10.0/CloudFileManager.WebTests.dll" adapterTypeName="executor://xunit/VsTestRunner3/netcore/" className="CloudFileManager.WebTests.WebWorkspaceTests" name="W05" />
    </UnitTest>
    <UnitTest name="W19 search preserves domain history redo and last progress" storage="/users/juyunho/documents/code/winbond/cloudfilemanager/tests/cloudfilemanager.webtests/bin/release/net10.0/cloudfilemanager.webtests.dll" id="58737c80-0c48-5b83-62e8-939c8fb4fe90">
      <Execution id="a4bbe457-61d6-4011-8e69-8ec3ae5473b1" />
      <TestMethod codeBase="/Users/juyunho/Documents/Code/winbond/CloudFileManager/tests/CloudFileManager.WebTests/bin/Release/net10.0/CloudFileManager.WebTests.dll" adapterTypeName="executor://xunit/VsTestRunner3/netcore/" className="CloudFileManager.WebTests.WebWorkspaceTests" name="W19" />
    </UnitTest>
    <UnitTest name="W16 search trace exact production visit order" storage="/users/juyunho/documents/code/winbond/cloudfilemanager/tests/cloudfilemanager.webtests/bin/release/net10.0/cloudfilemanager.webtests.dll" id="7f0ab3db-0c28-37de-a9fe-3862765f8334">
      <Execution id="48aa522b-f3bd-40c8-89e4-ada86f8508b8" />
      <TestMethod codeBase="/Users/juyunho/Documents/Code/winbond/CloudFileManager/tests/CloudFileManager.WebTests/bin/Release/net10.0/CloudFileManager.WebTests.dll" adapterTypeName="executor://xunit/VsTestRunner3/netcore/" className="CloudFileManager.WebTests.IsolatedWebWorkspaceTests" name="W16" />
    </UnitTest>
    <UnitTest name="W14 invalid search never fake scan" storage="/users/juyunho/documents/code/winbond/cloudfilemanager/tests/cloudfilemanager.webtests/bin/release/net10.0/cloudfilemanager.webtests.dll" id="718c43ae-c3bf-8edb-8409-cec54d7a7bb8">
      <Execution id="a1d1b6b7-2a6f-4dbd-832f-242052bbed1c" />
      <TestMethod codeBase="/Users/juyunho/Documents/Code/winbond/CloudFileManager/tests/CloudFileManager.WebTests/bin/Release/net10.0/CloudFileManager.WebTests.dll" adapterTypeName="executor://xunit/VsTestRunner3/netcore/" className="CloudFileManager.WebTests.WebWorkspaceTests" name="W14" />
    </UnitTest>
    <UnitTest name="W14 invalid search never fake scan" storage="/users/juyunho/documents/code/winbond/cloudfilemanager/tests/cloudfilemanager.webtests/bin/release/net10.0/cloudfilemanager.webtests.dll" id="d457bf83-a282-fbd5-2652-3d78f6551679">
      <Execution id="e6204da1-3ada-4a1e-aaa3-e891925ab063" />
      <TestMethod codeBase="/Users/juyunho/Documents/Code/winbond/CloudFileManager/tests/CloudFileManager.WebTests/bin/Release/net10.0/CloudFileManager.WebTests.dll" adapterTypeName="executor://xunit/VsTestRunner3/netcore/" className="CloudFileManager.WebTests.IsolatedWebWorkspaceTests" name="W14" />
    </UnitTest>
    <UnitTest name="W20 directory extension never matches" storage="/users/juyunho/documents/code/winbond/cloudfilemanager/tests/cloudfilemanager.webtests/bin/release/net10.0/cloudfilemanager.webtests.dll" id="1e3451a0-3aad-ad00-fccf-9f6286f321bb">
      <Execution id="30c7ea43-bd43-4d9d-bf87-9c7361f250ac" />
      <TestMethod codeBase="/Users/juyunho/Documents/Code/winbond/CloudFileManager/tests/CloudFileManager.WebTests/bin/Release/net10.0/CloudFileManager.WebTests.dll" adapterTypeName="executor://xunit/VsTestRunner3/netcore/" className="CloudFileManager.WebTests.WebWorkspaceTests" name="W20" />
    </UnitTest>
    <UnitTest name="W11 visitor observed actual sequence and scope" storage="/users/juyunho/documents/code/winbond/cloudfilemanager/tests/cloudfilemanager.webtests/bin/release/net10.0/cloudfilemanager.webtests.dll" id="8bd81a97-2fed-6af2-ff84-e72e1a6851d6">
      <Execution id="ce2d9f82-fc92-4c0f-a674-f65a213fbd7a" />
      <TestMethod codeBase="/Users/juyunho/Documents/Code/winbond/CloudFileManager/tests/CloudFileManager.WebTests/bin/Release/net10.0/CloudFileManager.WebTests.dll" adapterTypeName="executor://xunit/VsTestRunner3/netcore/" className="CloudFileManager.WebTests.IsolatedWebWorkspaceTests" name="W11" />
    </UnitTest>
    <UnitTest name="W06 badge remove does not change selection or descendants" storage="/users/juyunho/documents/code/winbond/cloudfilemanager/tests/cloudfilemanager.webtests/bin/release/net10.0/cloudfilemanager.webtests.dll" id="6b920fa4-0e99-dfd6-e0a5-7b8ce8ecdcf4">
      <Execution id="ee243637-a8e6-4742-9ec3-624fdecb36c2" />
      <TestMethod codeBase="/Users/juyunho/Documents/Code/winbond/CloudFileManager/tests/CloudFileManager.WebTests/bin/Release/net10.0/CloudFileManager.WebTests.dll" adapterTypeName="executor://xunit/VsTestRunner3/netcore/" className="CloudFileManager.WebTests.WebWorkspaceTests" name="W06" />
    </UnitTest>
    <UnitTest name="W01 clean seed" storage="/users/juyunho/documents/code/winbond/cloudfilemanager/tests/cloudfilemanager.webtests/bin/release/net10.0/cloudfilemanager.webtests.dll" id="9d9c2320-d097-b7a9-3eda-4bab4cc2d239">
      <Execution id="6e1d953e-9d20-4ade-b186-a9edfa31d655" />
      <TestMethod codeBase="/Users/juyunho/Documents/Code/winbond/CloudFileManager/tests/CloudFileManager.WebTests/bin/Release/net10.0/CloudFileManager.WebTests.dll" adapterTypeName="executor://xunit/VsTestRunner3/netcore/" className="CloudFileManager.WebTests.WebWorkspaceTests" name="W01" />
    </UnitTest>
    <UnitTest name="W08 Prototype snapshot independent and paste selection" storage="/users/juyunho/documents/code/winbond/cloudfilemanager/tests/cloudfilemanager.webtests/bin/release/net10.0/cloudfilemanager.webtests.dll" id="5a583d3b-71df-c83d-70d7-c3454af210f3">
      <Execution id="892d7b4b-e144-4cd8-9cd5-95e7425f21ce" />
      <TestMethod codeBase="/Users/juyunho/Documents/Code/winbond/CloudFileManager/tests/CloudFileManager.WebTests/bin/Release/net10.0/CloudFileManager.WebTests.dll" adapterTypeName="executor://xunit/VsTestRunner3/netcore/" className="CloudFileManager.WebTests.IsolatedWebWorkspaceTests" name="W08" />
    </UnitTest>
    <UnitTest name="W16 search trace exact production visit order" storage="/users/juyunho/documents/code/winbond/cloudfilemanager/tests/cloudfilemanager.webtests/bin/release/net10.0/cloudfilemanager.webtests.dll" id="2170af4f-d52c-cca1-082c-67afd3f0e30d">
      <Execution id="5cd6dc0c-8dd0-4cb8-8347-370137a2c280" />
      <TestMethod codeBase="/Users/juyunho/Documents/Code/winbond/CloudFileManager/tests/CloudFileManager.WebTests/bin/Release/net10.0/CloudFileManager.WebTests.dll" adapterTypeName="executor://xunit/VsTestRunner3/netcore/" className="CloudFileManager.WebTests.WebWorkspaceTests" name="W16" />
    </UnitTest>
    <UnitTest name="W04 tag key stable directions" storage="/users/juyunho/documents/code/winbond/cloudfilemanager/tests/cloudfilemanager.webtests/bin/release/net10.0/cloudfilemanager.webtests.dll" id="a87e4241-0d6c-2f9d-e30d-15fea46f6c8a">
      <Execution id="af48676b-ebd7-4ff9-a2ff-aca19f09a4f9" />
      <TestMethod codeBase="/Users/juyunho/Documents/Code/winbond/CloudFileManager/tests/CloudFileManager.WebTests/bin/Release/net10.0/CloudFileManager.WebTests.dll" adapterTypeName="executor://xunit/VsTestRunner3/netcore/" className="CloudFileManager.WebTests.IsolatedWebWorkspaceTests" name="W04" />
    </UnitTest>
    <UnitTest name="W13 exact extension within scope, no filter" storage="/users/juyunho/documents/code/winbond/cloudfilemanager/tests/cloudfilemanager.webtests/bin/release/net10.0/cloudfilemanager.webtests.dll" id="41674556-3566-8f23-ea31-813ab1a72f98">
      <Execution id="e7e67118-c7f9-42c0-9bcc-f705935b0e5a" />
      <TestMethod codeBase="/Users/juyunho/Documents/Code/winbond/CloudFileManager/tests/CloudFileManager.WebTests/bin/Release/net10.0/CloudFileManager.WebTests.dll" adapterTypeName="executor://xunit/VsTestRunner3/netcore/" className="CloudFileManager.WebTests.IsolatedWebWorkspaceTests" name="W13" />
    </UnitTest>
    <UnitTest name="W12 XML regression contract and file scope" storage="/users/juyunho/documents/code/winbond/cloudfilemanager/tests/cloudfilemanager.webtests/bin/release/net10.0/cloudfilemanager.webtests.dll" id="9129393e-d37f-7c13-8221-34e9ab6fd1aa">
      <Execution id="1ad2ed5b-d800-4b72-8ca4-db31cd879cca" />
      <TestMethod codeBase="/Users/juyunho/Documents/Code/winbond/CloudFileManager/tests/CloudFileManager.WebTests/bin/Release/net10.0/CloudFileManager.WebTests.dll" adapterTypeName="executor://xunit/VsTestRunner3/netcore/" className="CloudFileManager.WebTests.WebWorkspaceTests" name="W12" />
    </UnitTest>
    <UnitTest name="W12 XML regression contract and file scope" storage="/users/juyunho/documents/code/winbond/cloudfilemanager/tests/cloudfilemanager.webtests/bin/release/net10.0/cloudfilemanager.webtests.dll" id="9db42061-5d9e-9538-0d26-f01907af7702">
      <Execution id="ce2ca4c1-e0fe-43b8-8a2c-69816e8c6efd" />
      <TestMethod codeBase="/Users/juyunho/Documents/Code/winbond/CloudFileManager/tests/CloudFileManager.WebTests/bin/Release/net10.0/CloudFileManager.WebTests.dll" adapterTypeName="executor://xunit/VsTestRunner3/netcore/" className="CloudFileManager.WebTests.IsolatedWebWorkspaceTests" name="W12" />
    </UnitTest>
    <UnitTest name="CloudFileManager.WebTests.DependencyInjectionTests.ConstructionPreservesPopulatedDependencyAndRejectsInvalidSelection" storage="/users/juyunho/documents/code/winbond/cloudfilemanager/tests/cloudfilemanager.webtests/bin/release/net10.0/cloudfilemanager.webtests.dll" id="cf1f59c5-ea23-dc03-9d76-16a48525a1bc">
      <Execution id="f42be9b7-5c5c-4094-8a88-f6e8f6cca26f" />
      <TestMethod codeBase="/Users/juyunho/Documents/Code/winbond/CloudFileManager/tests/CloudFileManager.WebTests/bin/Release/net10.0/CloudFileManager.WebTests.dll" adapterTypeName="executor://xunit/VsTestRunner3/netcore/" className="CloudFileManager.WebTests.DependencyInjectionTests" name="ConstructionPreservesPopulatedDependencyAndRejectsInvalidSelection" />
    </UnitTest>
    <UnitTest name="W02 exact capacities and display" storage="/users/juyunho/documents/code/winbond/cloudfilemanager/tests/cloudfilemanager.webtests/bin/release/net10.0/cloudfilemanager.webtests.dll" id="d82188fb-87ea-1168-d68f-7db31f91ca8b">
      <Execution id="3fe39559-0a64-4eb2-9aa3-2106d4ffa19d" />
      <TestMethod codeBase="/Users/juyunho/Documents/Code/winbond/CloudFileManager/tests/CloudFileManager.WebTests/bin/Release/net10.0/CloudFileManager.WebTests.dll" adapterTypeName="executor://xunit/VsTestRunner3/netcore/" className="CloudFileManager.WebTests.IsolatedWebWorkspaceTests" name="W02" />
    </UnitTest>
    <UnitTest name="W01 clean seed" storage="/users/juyunho/documents/code/winbond/cloudfilemanager/tests/cloudfilemanager.webtests/bin/release/net10.0/cloudfilemanager.webtests.dll" id="5e876a39-0b37-4f3a-0608-004a4fe64a81">
      <Execution id="1abdb98e-fba1-4cc1-a901-72f54d5f6580" />
      <TestMethod codeBase="/Users/juyunho/Documents/Code/winbond/CloudFileManager/tests/CloudFileManager.WebTests/bin/Release/net10.0/CloudFileManager.WebTests.dll" adapterTypeName="executor://xunit/VsTestRunner3/netcore/" className="CloudFileManager.WebTests.IsolatedWebWorkspaceTests" name="W01" />
    </UnitTest>
    <UnitTest name="W06 badge remove does not change selection or descendants" storage="/users/juyunho/documents/code/winbond/cloudfilemanager/tests/cloudfilemanager.webtests/bin/release/net10.0/cloudfilemanager.webtests.dll" id="4e4651ff-8864-4dfc-85c9-dd8c816cc710">
      <Execution id="24de921f-d6a0-4117-af7f-6e661c2663ed" />
      <TestMethod codeBase="/Users/juyunho/Documents/Code/winbond/CloudFileManager/tests/CloudFileManager.WebTests/bin/Release/net10.0/CloudFileManager.WebTests.dll" adapterTypeName="executor://xunit/VsTestRunner3/netcore/" className="CloudFileManager.WebTests.IsolatedWebWorkspaceTests" name="W06" />
    </UnitTest>
    <UnitTest name="W17 case insensitive replacement zero and identity sort" storage="/users/juyunho/documents/code/winbond/cloudfilemanager/tests/cloudfilemanager.webtests/bin/release/net10.0/cloudfilemanager.webtests.dll" id="8e12339d-d810-23f3-3bc0-ef13e402dcc7">
      <Execution id="f22fe9a8-e569-481c-87fd-f5ffbd887c19" />
      <TestMethod codeBase="/Users/juyunho/Documents/Code/winbond/CloudFileManager/tests/CloudFileManager.WebTests/bin/Release/net10.0/CloudFileManager.WebTests.dll" adapterTypeName="executor://xunit/VsTestRunner3/netcore/" className="CloudFileManager.WebTests.WebWorkspaceTests" name="W17" />
    </UnitTest>
    <UnitTest name="W10 ancestor fallback on Undo Paste" storage="/users/juyunho/documents/code/winbond/cloudfilemanager/tests/cloudfilemanager.webtests/bin/release/net10.0/cloudfilemanager.webtests.dll" id="5d58a587-6c86-68a7-0774-407d8203b671">
      <Execution id="21e502f6-57bd-4640-bff2-0ebe7af31fc5" />
      <TestMethod codeBase="/Users/juyunho/Documents/Code/winbond/CloudFileManager/tests/CloudFileManager.WebTests/bin/Release/net10.0/CloudFileManager.WebTests.dll" adapterTypeName="executor://xunit/VsTestRunner3/netcore/" className="CloudFileManager.WebTests.IsolatedWebWorkspaceTests" name="W10" />
    </UnitTest>
    <UnitTest name="W09 delete undo selection and global count" storage="/users/juyunho/documents/code/winbond/cloudfilemanager/tests/cloudfilemanager.webtests/bin/release/net10.0/cloudfilemanager.webtests.dll" id="2a4f4963-73cb-7ab0-89d2-65cd86ddf36d">
      <Execution id="04178cf2-f3f3-450a-b5db-c2e1ab3f50d3" />
      <TestMethod codeBase="/Users/juyunho/Documents/Code/winbond/CloudFileManager/tests/CloudFileManager.WebTests/bin/Release/net10.0/CloudFileManager.WebTests.dll" adapterTypeName="executor://xunit/VsTestRunner3/netcore/" className="CloudFileManager.WebTests.IsolatedWebWorkspaceTests" name="W09" />
    </UnitTest>
  </TestDefinitions>
  <TestEntries>
    <TestEntry testId="0527343e-65d1-eb5b-d874-99ee36686850" executionId="7633dab4-4897-4c44-8bc8-aeaf9f6f101a" testListId="8c84fa94-04c1-424b-9868-57a2d4851a1d" />
    <TestEntry testId="dcfa0adf-87c1-c5db-72d8-8703d3a5b2a8" executionId="01b8631a-0b83-460e-9ca4-1c881e018ec3" testListId="8c84fa94-04c1-424b-9868-57a2d4851a1d" />
    <TestEntry testId="c65c0526-8f24-73cc-8f5a-23a6ff4318c3" executionId="5b991b74-ad0a-461b-b431-7582645631c7" testListId="8c84fa94-04c1-424b-9868-57a2d4851a1d" />
    <TestEntry testId="63e16fac-e284-45bc-f7d2-303803e36e57" executionId="e6b72b6f-887c-437d-9ff6-fb959d8b470b" testListId="8c84fa94-04c1-424b-9868-57a2d4851a1d" />
    <TestEntry testId="9129393e-d37f-7c13-8221-34e9ab6fd1aa" executionId="1ad2ed5b-d800-4b72-8ca4-db31cd879cca" testListId="8c84fa94-04c1-424b-9868-57a2d4851a1d" />
    <TestEntry testId="b41f8be0-588d-fae7-b68a-85c3860a78a5" executionId="dae7969a-5661-440c-8f68-97278f96a96e" testListId="8c84fa94-04c1-424b-9868-57a2d4851a1d" />
    <TestEntry testId="1e3451a0-3aad-ad00-fccf-9f6286f321bb" executionId="30c7ea43-bd43-4d9d-bf87-9c7361f250ac" testListId="8c84fa94-04c1-424b-9868-57a2d4851a1d" />
    <TestEntry testId="58737c80-0c48-5b83-62e8-939c8fb4fe90" executionId="a4bbe457-61d6-4011-8e69-8ec3ae5473b1" testListId="8c84fa94-04c1-424b-9868-57a2d4851a1d" />
    <TestEntry testId="623cd205-1831-4767-d294-0dda4602af41" executionId="5171235f-bb4e-4769-8ed7-aa683f457db4" testListId="8c84fa94-04c1-424b-9868-57a2d4851a1d" />
    <TestEntry testId="8e12339d-d810-23f3-3bc0-ef13e402dcc7" executionId="f22fe9a8-e569-481c-87fd-f5ffbd887c19" testListId="8c84fa94-04c1-424b-9868-57a2d4851a1d" />
    <TestEntry testId="33d2aea8-435e-c7ec-0c8b-78930ee4f48d" executionId="bed93304-f2fb-44d9-871b-46d15fde2010" testListId="8c84fa94-04c1-424b-9868-57a2d4851a1d" />
    <TestEntry testId="5a583d3b-71df-c83d-70d7-c3454af210f3" executionId="892d7b4b-e144-4cd8-9cd5-95e7425f21ce" testListId="8c84fa94-04c1-424b-9868-57a2d4851a1d" />
    <TestEntry testId="1281e0a5-9209-9485-023a-e7666565e118" executionId="c243993e-394d-40ab-9ef7-3974fe4c2329" testListId="8c84fa94-04c1-424b-9868-57a2d4851a1d" />
    <TestEntry testId="f9aef425-6044-1e15-5f3c-8dfd95e7c2ce" executionId="f46ba00c-1286-442b-8b6b-5da04be4348a" testListId="8c84fa94-04c1-424b-9868-57a2d4851a1d" />
    <TestEntry testId="7f0ab3db-0c28-37de-a9fe-3862765f8334" executionId="48aa522b-f3bd-40c8-89e4-ada86f8508b8" testListId="8c84fa94-04c1-424b-9868-57a2d4851a1d" />
    <TestEntry testId="ac117a30-9ecf-3ffa-b36d-f9ce830aff10" executionId="0e0d6234-6e04-4f9a-ab63-b26885cba346" testListId="8c84fa94-04c1-424b-9868-57a2d4851a1d" />
    <TestEntry testId="a87e4241-0d6c-2f9d-e30d-15fea46f6c8a" executionId="af48676b-ebd7-4ff9-a2ff-aca19f09a4f9" testListId="8c84fa94-04c1-424b-9868-57a2d4851a1d" />
    <TestEntry testId="c9647548-0527-0034-6f6a-60f1f7847354" executionId="c2f91d3a-cd47-4fb3-8862-ba3505645d86" testListId="8c84fa94-04c1-424b-9868-57a2d4851a1d" />
    <TestEntry testId="d457bf83-a282-fbd5-2652-3d78f6551679" executionId="e6204da1-3ada-4a1e-aaa3-e891925ab063" testListId="8c84fa94-04c1-424b-9868-57a2d4851a1d" />
    <TestEntry testId="9db42061-5d9e-9538-0d26-f01907af7702" executionId="ce2ca4c1-e0fe-43b8-8a2c-69816e8c6efd" testListId="8c84fa94-04c1-424b-9868-57a2d4851a1d" />
    <TestEntry testId="6b920fa4-0e99-dfd6-e0a5-7b8ce8ecdcf4" executionId="ee243637-a8e6-4742-9ec3-624fdecb36c2" testListId="8c84fa94-04c1-424b-9868-57a2d4851a1d" />
    <TestEntry testId="a568c352-986a-c35c-ef8e-6be6e194eb5b" executionId="d4dea203-d34a-4341-bb01-83f66ee183b6" testListId="8c84fa94-04c1-424b-9868-57a2d4851a1d" />
    <TestEntry testId="65a998b1-1666-dce1-2fa2-af1642c857a9" executionId="b06b0474-3490-4266-aca4-0cbba9732495" testListId="8c84fa94-04c1-424b-9868-57a2d4851a1d" />
    <TestEntry testId="09f8c939-6c27-39e2-73a1-e3bdcbc2f19b" executionId="1299e2f0-4d66-4110-b492-32647710a626" testListId="8c84fa94-04c1-424b-9868-57a2d4851a1d" />
    <TestEntry testId="5d58a587-6c86-68a7-0774-407d8203b671" executionId="21e502f6-57bd-4640-bff2-0ebe7af31fc5" testListId="8c84fa94-04c1-424b-9868-57a2d4851a1d" />
    <TestEntry testId="8bd81a97-2fed-6af2-ff84-e72e1a6851d6" executionId="ce2d9f82-fc92-4c0f-a674-f65a213fbd7a" testListId="8c84fa94-04c1-424b-9868-57a2d4851a1d" />
    <TestEntry testId="2170af4f-d52c-cca1-082c-67afd3f0e30d" executionId="5cd6dc0c-8dd0-4cb8-8347-370137a2c280" testListId="8c84fa94-04c1-424b-9868-57a2d4851a1d" />
    <TestEntry testId="cf1f59c5-ea23-dc03-9d76-16a48525a1bc" executionId="f42be9b7-5c5c-4094-8a88-f6e8f6cca26f" testListId="8c84fa94-04c1-424b-9868-57a2d4851a1d" />
    <TestEntry testId="9befb843-ef03-1776-96be-ba7fd129369d" executionId="b98f61e1-96ad-4b7f-80e6-f9ca5a17e58c" testListId="8c84fa94-04c1-424b-9868-57a2d4851a1d" />
    <TestEntry testId="815002aa-9270-ec83-4c9d-8ff011625c41" executionId="5c58599f-4198-4d93-98fa-b22f20a99d30" testListId="8c84fa94-04c1-424b-9868-57a2d4851a1d" />
    <TestEntry testId="2a4f4963-73cb-7ab0-89d2-65cd86ddf36d" executionId="04178cf2-f3f3-450a-b5db-c2e1ab3f50d3" testListId="8c84fa94-04c1-424b-9868-57a2d4851a1d" />
    <TestEntry testId="3445bfdd-81b8-cbd6-7a7a-8cd597d119e6" executionId="20a1d267-0fdf-42fb-a999-0f626b87a4e9" testListId="8c84fa94-04c1-424b-9868-57a2d4851a1d" />
    <TestEntry testId="41674556-3566-8f23-ea31-813ab1a72f98" executionId="e7e67118-c7f9-42c0-9bcc-f705935b0e5a" testListId="8c84fa94-04c1-424b-9868-57a2d4851a1d" />
    <TestEntry testId="d82188fb-87ea-1168-d68f-7db31f91ca8b" executionId="3fe39559-0a64-4eb2-9aa3-2106d4ffa19d" testListId="8c84fa94-04c1-424b-9868-57a2d4851a1d" />
    <TestEntry testId="9d9c2320-d097-b7a9-3eda-4bab4cc2d239" executionId="6e1d953e-9d20-4ade-b186-a9edfa31d655" testListId="8c84fa94-04c1-424b-9868-57a2d4851a1d" />
    <TestEntry testId="5e876a39-0b37-4f3a-0608-004a4fe64a81" executionId="1abdb98e-fba1-4cc1-a901-72f54d5f6580" testListId="8c84fa94-04c1-424b-9868-57a2d4851a1d" />
    <TestEntry testId="e2de0570-337d-9080-7f96-7357f5eefe3f" executionId="bac318ad-20e4-4d72-9ae7-71ff1936a675" testListId="8c84fa94-04c1-424b-9868-57a2d4851a1d" />
    <TestEntry testId="aa54b67a-ae5e-36c9-43f2-f0d8f1925eef" executionId="d178e8ea-e6fa-4e3d-8940-166ade2ceae6" testListId="8c84fa94-04c1-424b-9868-57a2d4851a1d" />
    <TestEntry testId="5933a598-b8af-5331-c047-ec11108c0d5b" executionId="51705089-9460-443c-a1ac-386040d176a3" testListId="8c84fa94-04c1-424b-9868-57a2d4851a1d" />
    <TestEntry testId="5aafc802-2c85-5a23-b19e-6c671d950d3a" executionId="4f734900-4f9e-48e1-8b85-61d8c433917b" testListId="8c84fa94-04c1-424b-9868-57a2d4851a1d" />
    <TestEntry testId="718c43ae-c3bf-8edb-8409-cec54d7a7bb8" executionId="a1d1b6b7-2a6f-4dbd-832f-242052bbed1c" testListId="8c84fa94-04c1-424b-9868-57a2d4851a1d" />
    <TestEntry testId="d89cd176-3211-fbb0-8a86-3fe6cfd7e4e9" executionId="251b1bb2-d0fd-4529-a517-a00a24acd485" testListId="8c84fa94-04c1-424b-9868-57a2d4851a1d" />
    <TestEntry testId="621c7d98-f4df-d87a-a5c3-c9d18f06d64c" executionId="b4f7f71f-63ac-4753-b366-0ed2e7390904" testListId="8c84fa94-04c1-424b-9868-57a2d4851a1d" />
    <TestEntry testId="f328be3c-6ad5-1c81-baa3-8f8a8c29b7a0" executionId="b9b09a9c-c3dc-424b-ac51-762bf325f33e" testListId="8c84fa94-04c1-424b-9868-57a2d4851a1d" />
    <TestEntry testId="4e4651ff-8864-4dfc-85c9-dd8c816cc710" executionId="24de921f-d6a0-4117-af7f-6e661c2663ed" testListId="8c84fa94-04c1-424b-9868-57a2d4851a1d" />
    <TestEntry testId="55aef78b-5b83-ace4-7580-c555d0aa2485" executionId="44d325ca-46cf-4813-bbde-60f16118e15e" testListId="8c84fa94-04c1-424b-9868-57a2d4851a1d" />
  </TestEntries>
  <TestLists>
    <TestList name="Results Not in a List" id="8c84fa94-04c1-424b-9868-57a2d4851a1d" />
    <TestList name="All Loaded Results" id="19431567-8539-422a-85d7-44ee4e166bda" />
  </TestLists>
  <ResultSummary outcome="Completed">
    <Counters total="46" executed="46" passed="46" failed="0" error="0" timeout="0" aborted="0" inconclusive="0" passedButRunAborted="0" notRunnable="0" notExecuted="0" disconnected="0" warning="0" completed="0" inProgress="0" pending="0" />
    <Output>
      <StdOut>[xUnit.net 00:00:00.00] xUnit.net VSTest Adapter v3.1.5+1b188a7b0a (64-bit .NET 10.0.12)
[xUnit.net 00:00:00.26]   Discovering: CloudFileManager.WebTests
[xUnit.net 00:00:00.58]   Discovered:  CloudFileManager.WebTests
[xUnit.net 00:00:00.83]   Starting:    CloudFileManager.WebTests
[xUnit.net 00:00:01.14]   Finished:    CloudFileManager.WebTests (ID = '4dc09429035d9b6122f49421e84ed7de213167d1c661958d94f7731c12cc1f6c')
</StdOut>
    </Output>
  </ResultSummary>
</TestRun>