<?xml version="1.0" encoding="utf-8"?>
<TestRun id="6d424843-1d41-48d5-95a2-823fda8ef440" name="@yunMacBook-Pro 2026-09-27 22:01:53" xmlns="http://microsoft.com/schemas/VisualStudio/TeamTest/2010">
  <Times creation="2026-09-27T22:01:53.5026880+08:00" queuing="2026-09-27T22:01:53.5026880+08:00" start="2026-09-27T22:01:52.6185810+08:00" finish="2026-09-27T22:01:53.5227330+08:00" />
  <TestSettings name="default" id="3ba9ee85-faa6-4a1c-b843-3b7bfd99640d">
    <Deployment runDeploymentRoot="_yunMacBook-Pro_2026-09-27_22_01_53" />
  </TestSettings>
  <Results>
    <UnitTestResult executionId="17b161a1-6f2e-449e-8af6-a014be54bde7" testId="3e051bf9-fce5-f1a0-b4e2-c8fecf3450e3" testName="B09 each Paste independent and snapshot immutable" computerName="yunMacBook-Pro" duration="00:00:00.0001321" startTime="2026-09-27T22:01:53.4538540+08:00" endTime="2026-09-27T22:01:53.4539950+08:00" testType="13cdc9d9-ddb5-4fa4-a97d-d965ccfc6d4b" outcome="Passed" testListId="8c84fa94-04c1-424b-9868-57a2d4851a1d" relativeResultsDirectory="17b161a1-6f2e-449e-8af6-a014be54bde7" />
    <UnitTestResult executionId="4912063a-ba54-462c-900a-221102b6de14" testId="9b4c54f3-9e2b-eb4d-25de-4f238a07e47b" testName="B10 conflicting Paste atomic and preserves pending Redo" computerName="yunMacBook-Pro" duration="00:00:00.0003065" startTime="2026-09-27T22:01:53.4541970+08:00" endTime="2026-09-27T22:01:53.4545290+08:00" testType="13cdc9d9-ddb5-4fa4-a97d-d965ccfc6d4b" outcome="Passed" testListId="8c84fa94-04c1-424b-9868-57a2d4851a1d" relativeResultsDirectory="4912063a-ba54-462c-900a-221102b6de14" />
    <UnitTestResult executionId="77f101f0-e8d0-4f87-9bca-5a781d3c3234" testId="bc886e6b-698c-d92e-a168-87900a7983ef" testName="B15 mixed operations Undo all Redo all exact states" computerName="yunMacBook-Pro" duration="00:00:00.0002451" startTime="2026-09-27T22:01:53.4534560+08:00" endTime="2026-09-27T22:01:53.4537310+08:00" testType="13cdc9d9-ddb5-4fa4-a97d-d965ccfc6d4b" outcome="Passed" testListId="8c84fa94-04c1-424b-9868-57a2d4851a1d" relativeResultsDirectory="77f101f0-e8d0-4f87-9bca-5a781d3c3234" />
    <UnitTestResult executionId="282fe3c2-f7eb-41a2-b11e-16807a521cc2" testId="1bebc2c9-4188-e3d9-cd4e-a8f12fcaa98d" testName="B16 sessions isolate clipboard/history and reject stale tree" computerName="yunMacBook-Pro" duration="00:00:00.0001995" startTime="2026-09-27T22:01:53.4521230+08:00" endTime="2026-09-27T22:01:53.4523350+08:00" testType="13cdc9d9-ddb5-4fa4-a97d-d965ccfc6d4b" outcome="Passed" testListId="8c84fa94-04c1-424b-9868-57a2d4851a1d" relativeResultsDirectory="282fe3c2-f7eb-41a2-b11e-16807a521cc2" />
    <UnitTestResult executionId="c7dbe868-386d-4062-8e64-0d141d011d58" testId="09c30e96-2873-7d36-2c97-db4a632e312c" testName="B14 each successful new edit clears Redo" computerName="yunMacBook-Pro" duration="00:00:00.0002511" startTime="2026-09-27T22:01:53.4527550+08:00" endTime="2026-09-27T22:01:53.4530350+08:00" testType="13cdc9d9-ddb5-4fa4-a97d-d965ccfc6d4b" outcome="Passed" testListId="8c84fa94-04c1-424b-9868-57a2d4851a1d" relativeResultsDirectory="c7dbe868-386d-4062-8e64-0d141d011d58" />
    <UnitTestResult executionId="1257851b-2a3d-42fe-829b-302d0ddbb4fd" testId="45fa305c-a236-39b8-44eb-cf3f30250caa" testName="B03 Extension empty directories and case-insensitive stability" computerName="yunMacBook-Pro" duration="00:00:00.0001295" startTime="2026-09-27T22:01:53.4719320+08:00" endTime="2026-09-27T22:01:53.4720690+08:00" testType="13cdc9d9-ddb5-4fa4-a97d-d965ccfc6d4b" outcome="Passed" testListId="8c84fa94-04c1-424b-9868-57a2d4851a1d" relativeResultsDirectory="1257851b-2a3d-42fe-829b-302d0ddbb4fd" />
    <UnitTestResult executionId="bf391943-1a48-463a-a0f5-1660303642da" testId="6a442f2f-703d-61ba-b15c-049f84eaab9b" testName="B11 Paste Undo Redo retains copy ID index metadata" computerName="yunMacBook-Pro" duration="00:00:00.0028636" startTime="2026-09-27T22:01:53.4424740+08:00" endTime="2026-09-27T22:01:53.4454160+08:00" testType="13cdc9d9-ddb5-4fa4-a97d-d965ccfc6d4b" outcome="Passed" testListId="8c84fa94-04c1-424b-9868-57a2d4851a1d" relativeResultsDirectory="bf391943-1a48-463a-a0f5-1660303642da" />
    <UnitTestResult executionId="55ff7ab0-ca4a-4280-a2eb-a2fb81ec2ad0" testId="29528001-baa2-54d3-5762-869d432d42c6" testName="B17 deep subtree snapshot Paste Delete Undo iterative" computerName="yunMacBook-Pro" duration="00:00:00.0030080" startTime="2026-09-27T22:01:53.4488500+08:00" endTime="2026-09-27T22:01:53.4518870+08:00" testType="13cdc9d9-ddb5-4fa4-a97d-d965ccfc6d4b" outcome="Passed" testListId="8c84fa94-04c1-424b-9868-57a2d4851a1d" relativeResultsDirectory="55ff7ab0-ca4a-4280-a2eb-a2fb81ec2ad0" />
    <UnitTestResult executionId="a52a7391-d99c-4dc7-a5c9-7072c0ca86d1" testId="882543f8-57d5-6410-7b2c-168f77cdb8d4" testName="B01 Name stable Asc/Desc directories first" computerName="yunMacBook-Pro" duration="00:00:00.0002665" startTime="2026-09-27T22:01:53.4723690+08:00" endTime="2026-09-27T22:01:53.4726700+08:00" testType="13cdc9d9-ddb5-4fa4-a97d-d965ccfc6d4b" outcome="Passed" testListId="8c84fa94-04c1-424b-9868-57a2d4851a1d" relativeResultsDirectory="a52a7391-d99c-4dc7-a5c9-7072c0ca86d1" />
    <UnitTestResult executionId="3f509915-050b-4883-9422-00d3577e6d59" testId="8be20a72-5329-0f7d-fa59-4c20fba9f6a0" testName="B05 sorting overflow invalid direction and readonly result" computerName="yunMacBook-Pro" duration="00:00:00.0003088" startTime="2026-09-27T22:01:53.4712830+08:00" endTime="2026-09-27T22:01:53.4716060+08:00" testType="13cdc9d9-ddb5-4fa4-a97d-d965ccfc6d4b" outcome="Passed" testListId="8c84fa94-04c1-424b-9868-57a2d4851a1d" relativeResultsDirectory="3f509915-050b-4883-9422-00d3577e6d59" />
    <UnitTestResult executionId="bea7447b-29a5-4d89-a7c5-6dfd23848241" testId="4f77cdcd-da0e-6a64-87f1-b76dab6a7d85" testName="B12 Tag catalog multi-tag directory/file readonly and exact Undo" computerName="yunMacBook-Pro" duration="00:00:00.0439745" startTime="2026-09-27T22:01:53.3884670+08:00" endTime="2026-09-27T22:01:53.4375660+08:00" testType="13cdc9d9-ddb5-4fa4-a97d-d965ccfc6d4b" outcome="Passed" testListId="8c84fa94-04c1-424b-9868-57a2d4851a1d" relativeResultsDirectory="bea7447b-29a5-4d89-a7c5-6dfd23848241" />
    <UnitTestResult executionId="4d1c3158-610a-4474-a0d8-8c9cd6431b06" testId="a85b4d02-0165-d95b-14f3-d17964aedfc6" testName="B04 sorting and Tags leave baseline XML traversal intact" computerName="yunMacBook-Pro" duration="00:00:00.0082531" startTime="2026-09-27T22:01:53.4592020+08:00" endTime="2026-09-27T22:01:53.4675010+08:00" testType="13cdc9d9-ddb5-4fa4-a97d-d965ccfc6d4b" outcome="Passed" testListId="8c84fa94-04c1-424b-9868-57a2d4851a1d" relativeResultsDirectory="4d1c3158-610a-4474-a0d8-8c9cd6431b06" />
    <UnitTestResult executionId="56027ce1-daca-4e74-8854-5b2ea9071181" testId="c132b919-7526-af2b-5cdb-118514fb8e37" testName="B18 empty operations and empty directory copy" computerName="yunMacBook-Pro" duration="00:00:00.0000844" startTime="2026-09-27T22:01:53.4486580+08:00" endTime="2026-09-27T22:01:53.4487500+08:00" testType="13cdc9d9-ddb5-4fa4-a97d-d965ccfc6d4b" outcome="Passed" testListId="8c84fa94-04c1-424b-9868-57a2d4851a1d" relativeResultsDirectory="56027ce1-daca-4e74-8854-5b2ea9071181" />
    <UnitTestResult executionId="a7427a60-6c25-4ee1-8f96-541122a128d3" testId="4976b419-5c72-d0fb-ab15-aae959093118" testName="B20 baseline Ordinal uniqueness not changed by sorting policy" computerName="yunMacBook-Pro" duration="00:00:00.0004184" startTime="2026-09-27T22:01:53.4705810+08:00" endTime="2026-09-27T22:01:53.4710350+08:00" testType="13cdc9d9-ddb5-4fa4-a97d-d965ccfc6d4b" outcome="Passed" testListId="8c84fa94-04c1-424b-9868-57a2d4851a1d" relativeResultsDirectory="a7427a60-6c25-4ee1-8f96-541122a128d3" />
    <UnitTestResult executionId="766bbe3f-c405-47b4-bbf3-aa86647ebd36" testId="2fadbe8e-d53f-29b4-2f9a-7bede440ce6a" testName="B07 root foreign detached invalid operations preserve state/history" computerName="yunMacBook-Pro" duration="00:00:00.0001968" startTime="2026-09-27T22:01:53.4524420+08:00" endTime="2026-09-27T22:01:53.4526470+08:00" testType="13cdc9d9-ddb5-4fa4-a97d-d965ccfc6d4b" outcome="Passed" testListId="8c84fa94-04c1-424b-9868-57a2d4851a1d" relativeResultsDirectory="766bbe3f-c405-47b4-bbf3-aa86647ebd36" />
    <UnitTestResult executionId="990f0b75-5c5f-46ff-98bb-c7ac0b3bddec" testId="96b8a7b5-aaf9-7e30-24b4-9be84955ac57" testName="B13 no-op failed Copy and sorting preserve Redo and entry counts" computerName="yunMacBook-Pro" duration="00:00:00.0007607" startTime="2026-09-27T22:01:53.4468660+08:00" endTime="2026-09-27T22:01:53.4476380+08:00" testType="13cdc9d9-ddb5-4fa4-a97d-d965ccfc6d4b" outcome="Passed" testListId="8c84fa94-04c1-424b-9868-57a2d4851a1d" relativeResultsDirectory="990f0b75-5c5f-46ff-98bb-c7ac0b3bddec" />
    <UnitTestResult executionId="7499f956-9895-40ba-95f1-7624d346c7f4" testId="b6f5a18d-2bbf-19f0-ac00-8613e53c5966" testName="B06 Delete full subtree and exact original position/identity Undo Redo" computerName="yunMacBook-Pro" duration="00:00:00.0001989" startTime="2026-09-27T22:01:53.4546500+08:00" endTime="2026-09-27T22:01:53.4548600+08:00" testType="13cdc9d9-ddb5-4fa4-a97d-d965ccfc6d4b" outcome="Passed" testListId="8c84fa94-04c1-424b-9868-57a2d4851a1d" relativeResultsDirectory="7499f956-9895-40ba-95f1-7624d346c7f4" />
    <UnitTestResult executionId="758b2d8a-278e-4dff-bf41-1363e445d5e5" testId="834501ff-a9a6-119d-3d41-9b4111e82d84" testName="B02 Size subtree keys and stable ties" computerName="yunMacBook-Pro" duration="00:00:00.0001199" startTime="2026-09-27T22:01:53.4717150+08:00" endTime="2026-09-27T22:01:53.4718430+08:00" testType="13cdc9d9-ddb5-4fa4-a97d-d965ccfc6d4b" outcome="Passed" testListId="8c84fa94-04c1-424b-9868-57a2d4851a1d" relativeResultsDirectory="758b2d8a-278e-4dff-bf41-1363e445d5e5" />
    <UnitTestResult executionId="dbd9429b-d565-489a-8e2a-998dbe214cac" testId="59bc26cc-32ab-8b9c-bd1b-5fe4fca9ad8c" testName="B19 Copy into descendant finite snapshot without cycles" computerName="yunMacBook-Pro" duration="00:00:00.0010721" startTime="2026-09-27T22:01:53.4456440+08:00" endTime="2026-09-27T22:01:53.4467300+08:00" testType="13cdc9d9-ddb5-4fa4-a97d-d965ccfc6d4b" outcome="Passed" testListId="8c84fa94-04c1-424b-9868-57a2d4851a1d" relativeResultsDirectory="dbd9429b-d565-489a-8e2a-998dbe214cac" />
    <UnitTestResult executionId="e9c5be48-6c6b-4a80-9402-94f2038754d2" testId="a8474cd7-009b-4220-32b6-0d3e10e2f7fc" testName="B08 Copy full metadata Tags snapshot after source modifications/deletion" computerName="yunMacBook-Pro" duration="00:00:00.0007704" startTime="2026-09-27T22:01:53.4477660+08:00" endTime="2026-09-27T22:01:53.4485440+08:00" testType="13cdc9d9-ddb5-4fa4-a97d-d965ccfc6d4b" outcome="Passed" testListId="8c84fa94-04c1-424b-9868-57a2d4851a1d" relativeResultsDirectory="e9c5be48-6c6b-4a80-9402-94f2038754d2" />
  </Results>
  <TestDefinitions>
    <UnitTest name="B01 Name stable Asc/Desc directories first" storage="/users/juyunho/documents/code/winbond/cloudfilemanager/tests/cloudfilemanager.bonustests/bin/release/net10.0/cloudfilemanager.bonustests.dll" id="882543f8-57d5-6410-7b2c-168f77cdb8d4">
      <Execution id="a52a7391-d99c-4dc7-a5c9-7072c0ca86d1" />
      <TestMethod codeBase="/Users/juyunho/Documents/Code/winbond/CloudFileManager/tests/CloudFileManager.BonusTests/bin/Release/net10.0/CloudFileManager.BonusTests.dll" adapterTypeName="executor://xunit/VsTestRunner3/netcore/" className="CloudFileManager.BonusTests.SortingTests" name="B01" />
    </UnitTest>
    <UnitTest name="B06 Delete full subtree and exact original position/identity Undo Redo" storage="/users/juyunho/documents/code/winbond/cloudfilemanager/tests/cloudfilemanager.bonustests/bin/release/net10.0/cloudfilemanager.bonustests.dll" id="b6f5a18d-2bbf-19f0-ac00-8613e53c5966">
      <Execution id="7499f956-9895-40ba-95f1-7624d346c7f4" />
      <TestMethod codeBase="/Users/juyunho/Documents/Code/winbond/CloudFileManager/tests/CloudFileManager.BonusTests/bin/Release/net10.0/CloudFileManager.BonusTests.dll" adapterTypeName="executor://xunit/VsTestRunner3/netcore/" className="CloudFileManager.BonusTests.EditingTests" name="B06" />
    </UnitTest>
    <UnitTest name="B17 deep subtree snapshot Paste Delete Undo iterative" storage="/users/juyunho/documents/code/winbond/cloudfilemanager/tests/cloudfilemanager.bonustests/bin/release/net10.0/cloudfilemanager.bonustests.dll" id="29528001-baa2-54d3-5762-869d432d42c6">
      <Execution id="55ff7ab0-ca4a-4280-a2eb-a2fb81ec2ad0" />
      <TestMethod codeBase="/Users/juyunho/Documents/Code/winbond/CloudFileManager/tests/CloudFileManager.BonusTests/bin/Release/net10.0/CloudFileManager.BonusTests.dll" adapterTypeName="executor://xunit/VsTestRunner3/netcore/" className="CloudFileManager.BonusTests.EditingTests" name="B17" />
    </UnitTest>
    <UnitTest name="B07 root foreign detached invalid operations preserve state/history" storage="/users/juyunho/documents/code/winbond/cloudfilemanager/tests/cloudfilemanager.bonustests/bin/release/net10.0/cloudfilemanager.bonustests.dll" id="2fadbe8e-d53f-29b4-2f9a-7bede440ce6a">
      <Execution id="766bbe3f-c405-47b4-bbf3-aa86647ebd36" />
      <TestMethod codeBase="/Users/juyunho/Documents/Code/winbond/CloudFileManager/tests/CloudFileManager.BonusTests/bin/Release/net10.0/CloudFileManager.BonusTests.dll" adapterTypeName="executor://xunit/VsTestRunner3/netcore/" className="CloudFileManager.BonusTests.EditingTests" name="B07" />
    </UnitTest>
    <UnitTest name="B20 baseline Ordinal uniqueness not changed by sorting policy" storage="/users/juyunho/documents/code/winbond/cloudfilemanager/tests/cloudfilemanager.bonustests/bin/release/net10.0/cloudfilemanager.bonustests.dll" id="4976b419-5c72-d0fb-ab15-aae959093118">
      <Execution id="a7427a60-6c25-4ee1-8f96-541122a128d3" />
      <TestMethod codeBase="/Users/juyunho/Documents/Code/winbond/CloudFileManager/tests/CloudFileManager.BonusTests/bin/Release/net10.0/CloudFileManager.BonusTests.dll" adapterTypeName="executor://xunit/VsTestRunner3/netcore/" className="CloudFileManager.BonusTests.SortingTests" name="B20" />
    </UnitTest>
    <UnitTest name="B14 each successful new edit clears Redo" storage="/users/juyunho/documents/code/winbond/cloudfilemanager/tests/cloudfilemanager.bonustests/bin/release/net10.0/cloudfilemanager.bonustests.dll" id="09c30e96-2873-7d36-2c97-db4a632e312c">
      <Execution id="c7dbe868-386d-4062-8e64-0d141d011d58" />
      <TestMethod codeBase="/Users/juyunho/Documents/Code/winbond/CloudFileManager/tests/CloudFileManager.BonusTests/bin/Release/net10.0/CloudFileManager.BonusTests.dll" adapterTypeName="executor://xunit/VsTestRunner3/netcore/" className="CloudFileManager.BonusTests.EditingTests" name="B14" />
    </UnitTest>
    <UnitTest name="B16 sessions isolate clipboard/history and reject stale tree" storage="/users/juyunho/documents/code/winbond/cloudfilemanager/tests/cloudfilemanager.bonustests/bin/release/net10.0/cloudfilemanager.bonustests.dll" id="1bebc2c9-4188-e3d9-cd4e-a8f12fcaa98d">
      <Execution id="282fe3c2-f7eb-41a2-b11e-16807a521cc2" />
      <TestMethod codeBase="/Users/juyunho/Documents/Code/winbond/CloudFileManager/tests/CloudFileManager.BonusTests/bin/Release/net10.0/CloudFileManager.BonusTests.dll" adapterTypeName="executor://xunit/VsTestRunner3/netcore/" className="CloudFileManager.BonusTests.EditingTests" name="B16" />
    </UnitTest>
    <UnitTest name="B18 empty operations and empty directory copy" storage="/users/juyunho/documents/code/winbond/cloudfilemanager/tests/cloudfilemanager.bonustests/bin/release/net10.0/cloudfilemanager.bonustests.dll" id="c132b919-7526-af2b-5cdb-118514fb8e37">
      <Execution id="56027ce1-daca-4e74-8854-5b2ea9071181" />
      <TestMethod codeBase="/Users/juyunho/Documents/Code/winbond/CloudFileManager/tests/CloudFileManager.BonusTests/bin/Release/net10.0/CloudFileManager.BonusTests.dll" adapterTypeName="executor://xunit/VsTestRunner3/netcore/" className="CloudFileManager.BonusTests.EditingTests" name="B18" />
    </UnitTest>
    <UnitTest name="B11 Paste Undo Redo retains copy ID index metadata" storage="/users/juyunho/documents/code/winbond/cloudfilemanager/tests/cloudfilemanager.bonustests/bin/release/net10.0/cloudfilemanager.bonustests.dll" id="6a442f2f-703d-61ba-b15c-049f84eaab9b">
      <Execution id="bf391943-1a48-463a-a0f5-1660303642da" />
      <TestMethod codeBase="/Users/juyunho/Documents/Code/winbond/CloudFileManager/tests/CloudFileManager.BonusTests/bin/Release/net10.0/CloudFileManager.BonusTests.dll" adapterTypeName="executor://xunit/VsTestRunner3/netcore/" className="CloudFileManager.BonusTests.EditingTests" name="B11" />
    </UnitTest>
    <UnitTest name="B04 sorting and Tags leave baseline XML traversal intact" storage="/users/juyunho/documents/code/winbond/cloudfilemanager/tests/cloudfilemanager.bonustests/bin/release/net10.0/cloudfilemanager.bonustests.dll" id="a85b4d02-0165-d95b-14f3-d17964aedfc6">
      <Execution id="4d1c3158-610a-4474-a0d8-8c9cd6431b06" />
      <TestMethod codeBase="/Users/juyunho/Documents/Code/winbond/CloudFileManager/tests/CloudFileManager.BonusTests/bin/Release/net10.0/CloudFileManager.BonusTests.dll" adapterTypeName="executor://xunit/VsTestRunner3/netcore/" className="CloudFileManager.BonusTests.SortingTests" name="B04" />
    </UnitTest>
    <UnitTest name="B09 each Paste independent and snapshot immutable" storage="/users/juyunho/documents/code/winbond/cloudfilemanager/tests/cloudfilemanager.bonustests/bin/release/net10.0/cloudfilemanager.bonustests.dll" id="3e051bf9-fce5-f1a0-b4e2-c8fecf3450e3">
      <Execution id="17b161a1-6f2e-449e-8af6-a014be54bde7" />
      <TestMethod codeBase="/Users/juyunho/Documents/Code/winbond/CloudFileManager/tests/CloudFileManager.BonusTests/bin/Release/net10.0/CloudFileManager.BonusTests.dll" adapterTypeName="executor://xunit/VsTestRunner3/netcore/" className="CloudFileManager.BonusTests.EditingTests" name="B09" />
    </UnitTest>
    <UnitTest name="B08 Copy full metadata Tags snapshot after source modifications/deletion" storage="/users/juyunho/documents/code/winbond/cloudfilemanager/tests/cloudfilemanager.bonustests/bin/release/net10.0/cloudfilemanager.bonustests.dll" id="a8474cd7-009b-4220-32b6-0d3e10e2f7fc">
      <Execution id="e9c5be48-6c6b-4a80-9402-94f2038754d2" />
      <TestMethod codeBase="/Users/juyunho/Documents/Code/winbond/CloudFileManager/tests/CloudFileManager.BonusTests/bin/Release/net10.0/CloudFileManager.BonusTests.dll" adapterTypeName="executor://xunit/VsTestRunner3/netcore/" className="CloudFileManager.BonusTests.EditingTests" name="B08" />
    </UnitTest>
    <UnitTest name="B15 mixed operations Undo all Redo all exact states" storage="/users/juyunho/documents/code/winbond/cloudfilemanager/tests/cloudfilemanager.bonustests/bin/release/net10.0/cloudfilemanager.bonustests.dll" id="bc886e6b-698c-d92e-a168-87900a7983ef">
      <Execution id="77f101f0-e8d0-4f87-9bca-5a781d3c3234" />
      <TestMethod codeBase="/Users/juyunho/Documents/Code/winbond/CloudFileManager/tests/CloudFileManager.BonusTests/bin/Release/net10.0/CloudFileManager.BonusTests.dll" adapterTypeName="executor://xunit/VsTestRunner3/netcore/" className="CloudFileManager.BonusTests.EditingTests" name="B15" />
    </UnitTest>
    <UnitTest name="B05 sorting overflow invalid direction and readonly result" storage="/users/juyunho/documents/code/winbond/cloudfilemanager/tests/cloudfilemanager.bonustests/bin/release/net10.0/cloudfilemanager.bonustests.dll" id="8be20a72-5329-0f7d-fa59-4c20fba9f6a0">
      <Execution id="3f509915-050b-4883-9422-00d3577e6d59" />
      <TestMethod codeBase="/Users/juyunho/Documents/Code/winbond/CloudFileManager/tests/CloudFileManager.BonusTests/bin/Release/net10.0/CloudFileManager.BonusTests.dll" adapterTypeName="executor://xunit/VsTestRunner3/netcore/" className="CloudFileManager.BonusTests.SortingTests" name="B05" />
    </UnitTest>
    <UnitTest name="B12 Tag catalog multi-tag directory/file readonly and exact Undo" storage="/users/juyunho/documents/code/winbond/cloudfilemanager/tests/cloudfilemanager.bonustests/bin/release/net10.0/cloudfilemanager.bonustests.dll" id="4f77cdcd-da0e-6a64-87f1-b76dab6a7d85">
      <Execution id="bea7447b-29a5-4d89-a7c5-6dfd23848241" />
      <TestMethod codeBase="/Users/juyunho/Documents/Code/winbond/CloudFileManager/tests/CloudFileManager.BonusTests/bin/Release/net10.0/CloudFileManager.BonusTests.dll" adapterTypeName="executor://xunit/VsTestRunner3/netcore/" className="CloudFileManager.BonusTests.EditingTests" name="B12" />
    </UnitTest>
    <UnitTest name="B02 Size subtree keys and stable ties" storage="/users/juyunho/documents/code/winbond/cloudfilemanager/tests/cloudfilemanager.bonustests/bin/release/net10.0/cloudfilemanager.bonustests.dll" id="834501ff-a9a6-119d-3d41-9b4111e82d84">
      <Execution id="758b2d8a-278e-4dff-bf41-1363e445d5e5" />
      <TestMethod codeBase="/Users/juyunho/Documents/Code/winbond/CloudFileManager/tests/CloudFileManager.BonusTests/bin/Release/net10.0/CloudFileManager.BonusTests.dll" adapterTypeName="executor://xunit/VsTestRunner3/netcore/" className="CloudFileManager.BonusTests.SortingTests" name="B02" />
    </UnitTest>
    <UnitTest name="B19 Copy into descendant finite snapshot without cycles" storage="/users/juyunho/documents/code/winbond/cloudfilemanager/tests/cloudfilemanager.bonustests/bin/release/net10.0/cloudfilemanager.bonustests.dll" id="59bc26cc-32ab-8b9c-bd1b-5fe4fca9ad8c">
      <Execution id="dbd9429b-d565-489a-8e2a-998dbe214cac" />
      <TestMethod codeBase="/Users/juyunho/Documents/Code/winbond/CloudFileManager/tests/CloudFileManager.BonusTests/bin/Release/net10.0/CloudFileManager.BonusTests.dll" adapterTypeName="executor://xunit/VsTestRunner3/netcore/" className="CloudFileManager.BonusTests.EditingTests" name="B19" />
    </UnitTest>
    <UnitTest name="B13 no-op failed Copy and sorting preserve Redo and entry counts" storage="/users/juyunho/documents/code/winbond/cloudfilemanager/tests/cloudfilemanager.bonustests/bin/release/net10.0/cloudfilemanager.bonustests.dll" id="96b8a7b5-aaf9-7e30-24b4-9be84955ac57">
      <Execution id="990f0b75-5c5f-46ff-98bb-c7ac0b3bddec" />
      <TestMethod codeBase="/Users/juyunho/Documents/Code/winbond/CloudFileManager/tests/CloudFileManager.BonusTests/bin/Release/net10.0/CloudFileManager.BonusTests.dll" adapterTypeName="executor://xunit/VsTestRunner3/netcore/" className="CloudFileManager.BonusTests.EditingTests" name="B13" />
    </UnitTest>
    <UnitTest name="B03 Extension empty directories and case-insensitive stability" storage="/users/juyunho/documents/code/winbond/cloudfilemanager/tests/cloudfilemanager.bonustests/bin/release/net10.0/cloudfilemanager.bonustests.dll" id="45fa305c-a236-39b8-44eb-cf3f30250caa">
      <Execution id="1257851b-2a3d-42fe-829b-302d0ddbb4fd" />
      <TestMethod codeBase="/Users/juyunho/Documents/Code/winbond/CloudFileManager/tests/CloudFileManager.BonusTests/bin/Release/net10.0/CloudFileManager.BonusTests.dll" adapterTypeName="executor://xunit/VsTestRunner3/netcore/" className="CloudFileManager.BonusTests.SortingTests" name="B03" />
    </UnitTest>
    <UnitTest name="B10 conflicting Paste atomic and preserves pending Redo" storage="/users/juyunho/documents/code/winbond/cloudfilemanager/tests/cloudfilemanager.bonustests/bin/release/net10.0/cloudfilemanager.bonustests.dll" id="9b4c54f3-9e2b-eb4d-25de-4f238a07e47b">
      <Execution id="4912063a-ba54-462c-900a-221102b6de14" />
      <TestMethod codeBase="/Users/juyunho/Documents/Code/winbond/CloudFileManager/tests/CloudFileManager.BonusTests/bin/Release/net10.0/CloudFileManager.BonusTests.dll" adapterTypeName="executor://xunit/VsTestRunner3/netcore/" className="CloudFileManager.BonusTests.EditingTests" name="B10" />
    </UnitTest>
  </TestDefinitions>
  <TestEntries>
    <TestEntry testId="3e051bf9-fce5-f1a0-b4e2-c8fecf3450e3" executionId="17b161a1-6f2e-449e-8af6-a014be54bde7" testListId="8c84fa94-04c1-424b-9868-57a2d4851a1d" />
    <TestEntry testId="9b4c54f3-9e2b-eb4d-25de-4f238a07e47b" executionId="4912063a-ba54-462c-900a-221102b6de14" testListId="8c84fa94-04c1-424b-9868-57a2d4851a1d" />
    <TestEntry testId="bc886e6b-698c-d92e-a168-87900a7983ef" executionId="77f101f0-e8d0-4f87-9bca-5a781d3c3234" testListId="8c84fa94-04c1-424b-9868-57a2d4851a1d" />
    <TestEntry testId="1bebc2c9-4188-e3d9-cd4e-a8f12fcaa98d" executionId="282fe3c2-f7eb-41a2-b11e-16807a521cc2" testListId="8c84fa94-04c1-424b-9868-57a2d4851a1d" />
    <TestEntry testId="09c30e96-2873-7d36-2c97-db4a632e312c" executionId="c7dbe868-386d-4062-8e64-0d141d011d58" testListId="8c84fa94-04c1-424b-9868-57a2d4851a1d" />
    <TestEntry testId="45fa305c-a236-39b8-44eb-cf3f30250caa" executionId="1257851b-2a3d-42fe-829b-302d0ddbb4fd" testListId="8c84fa94-04c1-424b-9868-57a2d4851a1d" />
    <TestEntry testId="6a442f2f-703d-61ba-b15c-049f84eaab9b" executionId="bf391943-1a48-463a-a0f5-1660303642da" testListId="8c84fa94-04c1-424b-9868-57a2d4851a1d" />
    <TestEntry testId="29528001-baa2-54d3-5762-869d432d42c6" executionId="55ff7ab0-ca4a-4280-a2eb-a2fb81ec2ad0" testListId="8c84fa94-04c1-424b-9868-57a2d4851a1d" />
    <TestEntry testId="882543f8-57d5-6410-7b2c-168f77cdb8d4" executionId="a52a7391-d99c-4dc7-a5c9-7072c0ca86d1" testListId="8c84fa94-04c1-424b-9868-57a2d4851a1d" />
    <TestEntry testId="8be20a72-5329-0f7d-fa59-4c20fba9f6a0" executionId="3f509915-050b-4883-9422-00d3577e6d59" testListId="8c84fa94-04c1-424b-9868-57a2d4851a1d" />
    <TestEntry testId="4f77cdcd-da0e-6a64-87f1-b76dab6a7d85" executionId="bea7447b-29a5-4d89-a7c5-6dfd23848241" testListId="8c84fa94-04c1-424b-9868-57a2d4851a1d" />
    <TestEntry testId="a85b4d02-0165-d95b-14f3-d17964aedfc6" executionId="4d1c3158-610a-4474-a0d8-8c9cd6431b06" testListId="8c84fa94-04c1-424b-9868-57a2d4851a1d" />
    <TestEntry testId="c132b919-7526-af2b-5cdb-118514fb8e37" executionId="56027ce1-daca-4e74-8854-5b2ea9071181" testListId="8c84fa94-04c1-424b-9868-57a2d4851a1d" />
    <TestEntry testId="4976b419-5c72-d0fb-ab15-aae959093118" executionId="a7427a60-6c25-4ee1-8f96-541122a128d3" testListId="8c84fa94-04c1-424b-9868-57a2d4851a1d" />
    <TestEntry testId="2fadbe8e-d53f-29b4-2f9a-7bede440ce6a" executionId="766bbe3f-c405-47b4-bbf3-aa86647ebd36" testListId="8c84fa94-04c1-424b-9868-57a2d4851a1d" />
    <TestEntry testId="96b8a7b5-aaf9-7e30-24b4-9be84955ac57" executionId="990f0b75-5c5f-46ff-98bb-c7ac0b3bddec" testListId="8c84fa94-04c1-424b-9868-57a2d4851a1d" />
    <TestEntry testId="b6f5a18d-2bbf-19f0-ac00-8613e53c5966" executionId="7499f956-9895-40ba-95f1-7624d346c7f4" testListId="8c84fa94-04c1-424b-9868-57a2d4851a1d" />
    <TestEntry testId="834501ff-a9a6-119d-3d41-9b4111e82d84" executionId="758b2d8a-278e-4dff-bf41-1363e445d5e5" testListId="8c84fa94-04c1-424b-9868-57a2d4851a1d" />
    <TestEntry testId="59bc26cc-32ab-8b9c-bd1b-5fe4fca9ad8c" executionId="dbd9429b-d565-489a-8e2a-998dbe214cac" testListId="8c84fa94-04c1-424b-9868-57a2d4851a1d" />
    <TestEntry testId="a8474cd7-009b-4220-32b6-0d3e10e2f7fc" executionId="e9c5be48-6c6b-4a80-9402-94f2038754d2" testListId="8c84fa94-04c1-424b-9868-57a2d4851a1d" />
  </TestEntries>
  <TestLists>
    <TestList name="Results Not in a List" id="8c84fa94-04c1-424b-9868-57a2d4851a1d" />
    <TestList name="All Loaded Results" id="19431567-8539-422a-85d7-44ee4e166bda" />
  </TestLists>
  <ResultSummary outcome="Completed">
    <Counters total="20" executed="20" passed="20" failed="0" error="0" timeout="0" aborted="0" inconclusive="0" passedButRunAborted="0" notRunnable="0" notExecuted="0" disconnected="0" warning="0" completed="0" inProgress="0" pending="0" />
    <Output>
      <StdOut>[xUnit.net 00:00:00.00] xUnit.net VSTest Adapter v3.1.5+1b188a7b0a (64-bit .NET 10.0.12)
[xUnit.net 00:00:00.15]   Discovering: CloudFileManager.BonusTests
[xUnit.net 00:00:00.31]   Discovered:  CloudFileManager.BonusTests
[xUnit.net 00:00:00.48]   Starting:    CloudFileManager.BonusTests
[xUnit.net 00:00:00.60]   Finished:    CloudFileManager.BonusTests (ID = '40585854424698a46a9deeae9e45ddf1fed85220f6beff598da891cf04ffe78d')
</StdOut>
    </Output>
  </ResultSummary>
</TestRun>