<?xml version="1.0" encoding="utf-8"?>
<TestRun id="51cf6a14-8ce8-476c-a674-2599d2976d0c" name="@yunMacBook-Pro 2026-09-27 21:53:10" xmlns="http://microsoft.com/schemas/VisualStudio/TeamTest/2010">
  <Times creation="2026-09-27T21:53:10.6363770+08:00" queuing="2026-09-27T21:53:10.6363770+08:00" start="2026-09-27T21:53:09.3838640+08:00" finish="2026-09-27T21:53:10.6788950+08:00" />
  <TestSettings name="default" id="4c136ef4-c8f0-49c9-8084-5f8e55bea30c">
    <Deployment runDeploymentRoot="_yunMacBook-Pro_2026-09-27_21_53_10" />
  </TestSettings>
  <Results>
    <UnitTestResult executionId="1fa3c6a0-4835-44ad-a5a4-0936e6b2927e" testId="6a317b73-4df6-c26b-5acb-c57e84477b4f" testName="A02 typed Accept dispatch is one node, traversal owns DFS" computerName="yunMacBook-Pro" duration="00:00:00.0002796" startTime="2026-09-27T21:53:10.6516320+08:00" endTime="2026-09-27T21:53:10.6519190+08:00" testType="13cdc9d9-ddb5-4fa4-a97d-d965ccfc6d4b" outcome="Passed" testListId="8c84fa94-04c1-424b-9868-57a2d4851a1d" relativeResultsDirectory="1fa3c6a0-4835-44ad-a5a4-0936e6b2927e" />
    <UnitTestResult executionId="cc0db6c9-4fb9-4986-9a04-54aca3841434" testId="b0c0cce7-8d26-f7fe-cd5b-538608b46ada" testName="A05 visitor deep traversal and checked overflow" computerName="yunMacBook-Pro" duration="00:00:00.0403943" startTime="2026-09-27T21:53:10.6100420+08:00" endTime="2026-09-27T21:53:10.6504570+08:00" testType="13cdc9d9-ddb5-4fa4-a97d-d965ccfc6d4b" outcome="Passed" testListId="8c84fa94-04c1-424b-9868-57a2d4851a1d" relativeResultsDirectory="cc0db6c9-4fb9-4986-9a04-54aca3841434" />
    <UnitTestResult executionId="e0ca12b0-ac5d-4819-abe1-b4a20cdaaf1e" testId="a1bdec1d-4f85-05be-26f3-e57d3fc6e19a" testName="A03 production size visitor all types and repeated call isolation" computerName="yunMacBook-Pro" duration="00:00:00.0001252" startTime="2026-09-27T21:53:10.6514040+08:00" endTime="2026-09-27T21:53:10.6515370+08:00" testType="13cdc9d9-ddb5-4fa4-a97d-d965ccfc6d4b" outcome="Passed" testListId="8c84fa94-04c1-424b-9868-57a2d4851a1d" relativeResultsDirectory="e0ca12b0-ac5d-4819-abe1-b4a20cdaaf1e" />
    <UnitTestResult executionId="3c595b57-1e05-4618-8c61-b460a7e3f968" testId="10f8b8ad-c723-580e-d7bf-23bd2ef3a683" testName="A11 Reset does not alter independent EditingSession" computerName="yunMacBook-Pro" duration="00:00:00.0000796" startTime="2026-09-27T21:53:10.6074820+08:00" endTime="2026-09-27T21:53:10.6075680+08:00" testType="13cdc9d9-ddb5-4fa4-a97d-d965ccfc6d4b" outcome="Passed" testListId="8c84fa94-04c1-424b-9868-57a2d4851a1d" relativeResultsDirectory="3c595b57-1e05-4618-8c61-b460a7e3f968" />
    <UnitTestResult executionId="42e7d784-222f-4619-b88d-70995fe936ef" testId="68a525fc-0f0b-0be4-8cc5-dd3bdb095a0b" testName="L03 all production types classified; Application stays inward" computerName="yunMacBook-Pro" duration="00:00:00.0028758" startTime="2026-09-27T21:53:10.5128700+08:00" endTime="2026-09-27T21:53:10.5157550+08:00" testType="13cdc9d9-ddb5-4fa4-a97d-d965ccfc6d4b" outcome="Passed" testListId="8c84fa94-04c1-424b-9868-57a2d4851a1d" relativeResultsDirectory="42e7d784-222f-4619-b88d-70995fe936ef" />
    <UnitTestResult executionId="a401983e-8451-4af6-a91d-d8b5a34dfdc0" testId="d14c67ab-5098-337d-ec32-70b10be4b6b3" testName="L05 negative control detects Application nested generic and signature dependency" computerName="yunMacBook-Pro" duration="00:00:00.0111793" startTime="2026-09-27T21:53:10.4934540+08:00" endTime="2026-09-27T21:53:10.5077550+08:00" testType="13cdc9d9-ddb5-4fa4-a97d-d965ccfc6d4b" outcome="Passed" testListId="8c84fa94-04c1-424b-9868-57a2d4851a1d" relativeResultsDirectory="a401983e-8451-4af6-a91d-d8b5a34dfdc0" />
    <UnitTestResult executionId="fd2d41b7-e0db-4c16-804d-38f32b5c6717" testId="ce27e6cb-3f10-c749-125f-30d31638844b" testName="L01 Domain compiled metadata and IL depend only on Domain or BCL" computerName="yunMacBook-Pro" duration="00:00:00.0010077" startTime="2026-09-27T21:53:10.5099810+08:00" endTime="2026-09-27T21:53:10.5110170+08:00" testType="13cdc9d9-ddb5-4fa4-a97d-d965ccfc6d4b" outcome="Passed" testListId="8c84fa94-04c1-424b-9868-57a2d4851a1d" relativeResultsDirectory="fd2d41b7-e0db-4c16-804d-38f32b5c6717" />
    <UnitTestResult executionId="0b213b90-7af3-4b41-91cc-d4d47385665b" testId="e7efc74a-1cd0-66b5-90a3-26630f166bc5" testName="A09 same Root Reset cleans session without clearing domain" computerName="yunMacBook-Pro" duration="00:00:00.0026063" startTime="2026-09-27T21:53:10.6012570+08:00" endTime="2026-09-27T21:53:10.6038830+08:00" testType="13cdc9d9-ddb5-4fa4-a97d-d965ccfc6d4b" outcome="Passed" testListId="8c84fa94-04c1-424b-9868-57a2d4851a1d" relativeResultsDirectory="0b213b90-7af3-4b41-91cc-d4d47385665b" />
    <UnitTestResult executionId="4ecbd5d6-ff16-4582-9afe-0fec83ab3249" testId="0357f55c-8212-063f-2c8f-033590b47d5f" testName="A01 singleton identity private construction explicit initialization" computerName="yunMacBook-Pro" duration="00:00:00.0776955" startTime="2026-09-27T21:53:10.5218310+08:00" endTime="2026-09-27T21:53:10.6000030+08:00" testType="13cdc9d9-ddb5-4fa4-a97d-d965ccfc6d4b" outcome="Passed" testListId="8c84fa94-04c1-424b-9868-57a2d4851a1d" relativeResultsDirectory="4ecbd5d6-ff16-4582-9afe-0fec83ab3249" />
    <UnitTestResult executionId="92b9a1f1-dc66-4ffc-ab4e-90d4df583a53" testId="fcb1aa50-5d63-f854-3b0b-9e3a524f8b73" testName="L06 Application mutation access limited to approved commands bootstrap and revision reader" computerName="yunMacBook-Pro" duration="00:00:00.0038225" startTime="2026-09-27T21:53:10.5158410+08:00" endTime="2026-09-27T21:53:10.5196740+08:00" testType="13cdc9d9-ddb5-4fa4-a97d-d965ccfc6d4b" outcome="Passed" testListId="8c84fa94-04c1-424b-9868-57a2d4851a1d" relativeResultsDirectory="92b9a1f1-dc66-4ffc-ab4e-90d4df583a53" />
    <UnitTestResult executionId="6e7e8b09-90cf-447a-9c3f-32b7b8dbe38c" testId="d22702e2-8176-82f8-e7cb-387f5c5dcd6e" testName="A07 reset replaces Root clears populated clipboard undo redo" computerName="yunMacBook-Pro" duration="00:00:00.0002188" startTime="2026-09-27T21:53:10.6071500+08:00" endTime="2026-09-27T21:53:10.6073770+08:00" testType="13cdc9d9-ddb5-4fa4-a97d-d965ccfc6d4b" outcome="Passed" testListId="8c84fa94-04c1-424b-9868-57a2d4851a1d" relativeResultsDirectory="6e7e8b09-90cf-447a-9c3f-32b7b8dbe38c" />
    <UnitTestResult executionId="f6586aaa-f254-4320-9e0b-6b1ab311ac3e" testId="2ea4866e-7868-b878-1ab9-23f863a998d7" testName="A12 serial Reset cycles prevent previous case state leaks" computerName="yunMacBook-Pro" duration="00:00:00.0001080" startTime="2026-09-27T21:53:10.6069260+08:00" endTime="2026-09-27T21:53:10.6070430+08:00" testType="13cdc9d9-ddb5-4fa4-a97d-d965ccfc6d4b" outcome="Passed" testListId="8c84fa94-04c1-424b-9868-57a2d4851a1d" relativeResultsDirectory="f6586aaa-f254-4320-9e0b-6b1ab311ac3e" />
    <UnitTestResult executionId="ba91e6bf-a367-468c-961f-95281b520719" testId="f6a380b1-5c9d-47eb-6f04-00e65595169f" testName="A08 invalid Reset preserves root clipboard and both histories" computerName="yunMacBook-Pro" duration="00:00:00.0023647" startTime="2026-09-27T21:53:10.6040130+08:00" endTime="2026-09-27T21:53:10.6063880+08:00" testType="13cdc9d9-ddb5-4fa4-a97d-d965ccfc6d4b" outcome="Passed" testListId="8c84fa94-04c1-424b-9868-57a2d4851a1d" relativeResultsDirectory="ba91e6bf-a367-468c-961f-95281b520719" />
    <UnitTestResult executionId="3195070d-a1c6-43a5-acaa-63ce9db6a744" testId="1f9f3f54-f1d1-5e1b-daa3-0f6e262105df" testName="L02 Domain has no Console TextWriter or XML presentation dependencies" computerName="yunMacBook-Pro" duration="00:00:00.0007838" startTime="2026-09-27T21:53:10.5111540+08:00" endTime="2026-09-27T21:53:10.5119490+08:00" testType="13cdc9d9-ddb5-4fa4-a97d-d965ccfc6d4b" outcome="Passed" testListId="8c84fa94-04c1-424b-9868-57a2d4851a1d" relativeResultsDirectory="3195070d-a1c6-43a5-acaa-63ce9db6a744" />
    <UnitTestResult executionId="5ce207bc-b65d-4ec5-ab43-e9f5962100d2" testId="97ebc00a-3a2f-5498-b1d3-c1685ed6e842" testName="L04 negative control detects fully qualified Application reference in method body" computerName="yunMacBook-Pro" duration="00:00:00.0007006" startTime="2026-09-27T21:53:10.5120600+08:00" endTime="2026-09-27T21:53:10.5127690+08:00" testType="13cdc9d9-ddb5-4fa4-a97d-d965ccfc6d4b" outcome="Passed" testListId="8c84fa94-04c1-424b-9868-57a2d4851a1d" relativeResultsDirectory="5ce207bc-b65d-4ec5-ab43-e9f5962100d2" />
    <UnitTestResult executionId="b2180f3a-c6e5-47fe-97d5-02fbc9b31c58" testId="b7728d61-757c-127b-2ef4-c2549c467b48" testName="A04 production search visitor type filtering normalization readonly" computerName="yunMacBook-Pro" duration="00:00:00.0011564" startTime="2026-09-27T21:53:10.6087320+08:00" endTime="2026-09-27T21:53:10.6099030+08:00" testType="13cdc9d9-ddb5-4fa4-a97d-d965ccfc6d4b" outcome="Passed" testListId="8c84fa94-04c1-424b-9868-57a2d4851a1d" relativeResultsDirectory="b2180f3a-c6e5-47fe-97d5-02fbc9b31c58" />
    <UnitTestResult executionId="785bb624-5054-4d88-b360-a98a7aa11939" testId="46338258-5bcb-d275-9cd2-0f434bc2afa2" testName="A10 shared references use one Command history and preserve failure/noop" computerName="yunMacBook-Pro" duration="00:00:00.0003196" startTime="2026-09-27T21:53:10.6065140+08:00" endTime="2026-09-27T21:53:10.6068430+08:00" testType="13cdc9d9-ddb5-4fa4-a97d-d965ccfc6d4b" outcome="Passed" testListId="8c84fa94-04c1-424b-9868-57a2d4851a1d" relativeResultsDirectory="785bb624-5054-4d88-b360-a98a7aa11939" />
    <UnitTestResult executionId="49ab6319-e2a2-41a8-bdfa-2ef5534c13df" testId="8d32fdc8-d8b4-3294-0b24-f91cd1200a6f" testName="A06 invalid visitor/search arguments do not visit" computerName="yunMacBook-Pro" duration="00:00:00.0002668" startTime="2026-09-27T21:53:10.6510080+08:00" endTime="2026-09-27T21:53:10.6512910+08:00" testType="13cdc9d9-ddb5-4fa4-a97d-d965ccfc6d4b" outcome="Passed" testListId="8c84fa94-04c1-424b-9868-57a2d4851a1d" relativeResultsDirectory="49ab6319-e2a2-41a8-bdfa-2ef5534c13df" />
  </Results>
  <TestDefinitions>
    <UnitTest name="A01 singleton identity private construction explicit initialization" storage="/users/juyunho/documents/code/winbond/cloudfilemanager/tests/cloudfilemanager.architecturetests/bin/release/net10.0/cloudfilemanager.architecturetests.dll" id="0357f55c-8212-063f-2c8f-033590b47d5f">
      <Execution id="4ecbd5d6-ff16-4582-9afe-0fec83ab3249" />
      <TestMethod codeBase="/Users/juyunho/Documents/Code/winbond/CloudFileManager/tests/CloudFileManager.ArchitectureTests/bin/Release/net10.0/CloudFileManager.ArchitectureTests.dll" adapterTypeName="executor://xunit/VsTestRunner3/netcore/" className="CloudFileManager.ArchitectureTests.SessionLifecycleTests" name="A01" />
    </UnitTest>
    <UnitTest name="A05 visitor deep traversal and checked overflow" storage="/users/juyunho/documents/code/winbond/cloudfilemanager/tests/cloudfilemanager.architecturetests/bin/release/net10.0/cloudfilemanager.architecturetests.dll" id="b0c0cce7-8d26-f7fe-cd5b-538608b46ada">
      <Execution id="cc0db6c9-4fb9-4986-9a04-54aca3841434" />
      <TestMethod codeBase="/Users/juyunho/Documents/Code/winbond/CloudFileManager/tests/CloudFileManager.ArchitectureTests/bin/Release/net10.0/CloudFileManager.ArchitectureTests.dll" adapterTypeName="executor://xunit/VsTestRunner3/netcore/" className="CloudFileManager.ArchitectureTests.VisitorBehaviorTests" name="A05" />
    </UnitTest>
    <UnitTest name="L03 all production types classified; Application stays inward" storage="/users/juyunho/documents/code/winbond/cloudfilemanager/tests/cloudfilemanager.architecturetests/bin/release/net10.0/cloudfilemanager.architecturetests.dll" id="68a525fc-0f0b-0be4-8cc5-dd3bdb095a0b">
      <Execution id="42e7d784-222f-4619-b88d-70995fe936ef" />
      <TestMethod codeBase="/Users/juyunho/Documents/Code/winbond/CloudFileManager/tests/CloudFileManager.ArchitectureTests/bin/Release/net10.0/CloudFileManager.ArchitectureTests.dll" adapterTypeName="executor://xunit/VsTestRunner3/netcore/" className="CloudFileManager.ArchitectureTests.LayerDependencyTests" name="L03" />
    </UnitTest>
    <UnitTest name="A12 serial Reset cycles prevent previous case state leaks" storage="/users/juyunho/documents/code/winbond/cloudfilemanager/tests/cloudfilemanager.architecturetests/bin/release/net10.0/cloudfilemanager.architecturetests.dll" id="2ea4866e-7868-b878-1ab9-23f863a998d7">
      <Execution id="f6586aaa-f254-4320-9e0b-6b1ab311ac3e" />
      <TestMethod codeBase="/Users/juyunho/Documents/Code/winbond/CloudFileManager/tests/CloudFileManager.ArchitectureTests/bin/Release/net10.0/CloudFileManager.ArchitectureTests.dll" adapterTypeName="executor://xunit/VsTestRunner3/netcore/" className="CloudFileManager.ArchitectureTests.SessionLifecycleTests" name="A12" />
    </UnitTest>
    <UnitTest name="A04 production search visitor type filtering normalization readonly" storage="/users/juyunho/documents/code/winbond/cloudfilemanager/tests/cloudfilemanager.architecturetests/bin/release/net10.0/cloudfilemanager.architecturetests.dll" id="b7728d61-757c-127b-2ef4-c2549c467b48">
      <Execution id="b2180f3a-c6e5-47fe-97d5-02fbc9b31c58" />
      <TestMethod codeBase="/Users/juyunho/Documents/Code/winbond/CloudFileManager/tests/CloudFileManager.ArchitectureTests/bin/Release/net10.0/CloudFileManager.ArchitectureTests.dll" adapterTypeName="executor://xunit/VsTestRunner3/netcore/" className="CloudFileManager.ArchitectureTests.VisitorBehaviorTests" name="A04" />
    </UnitTest>
    <UnitTest name="A03 production size visitor all types and repeated call isolation" storage="/users/juyunho/documents/code/winbond/cloudfilemanager/tests/cloudfilemanager.architecturetests/bin/release/net10.0/cloudfilemanager.architecturetests.dll" id="a1bdec1d-4f85-05be-26f3-e57d3fc6e19a">
      <Execution id="e0ca12b0-ac5d-4819-abe1-b4a20cdaaf1e" />
      <TestMethod codeBase="/Users/juyunho/Documents/Code/winbond/CloudFileManager/tests/CloudFileManager.ArchitectureTests/bin/Release/net10.0/CloudFileManager.ArchitectureTests.dll" adapterTypeName="executor://xunit/VsTestRunner3/netcore/" className="CloudFileManager.ArchitectureTests.VisitorBehaviorTests" name="A03" />
    </UnitTest>
    <UnitTest name="L05 negative control detects Application nested generic and signature dependency" storage="/users/juyunho/documents/code/winbond/cloudfilemanager/tests/cloudfilemanager.architecturetests/bin/release/net10.0/cloudfilemanager.architecturetests.dll" id="d14c67ab-5098-337d-ec32-70b10be4b6b3">
      <Execution id="a401983e-8451-4af6-a91d-d8b5a34dfdc0" />
      <TestMethod codeBase="/Users/juyunho/Documents/Code/winbond/CloudFileManager/tests/CloudFileManager.ArchitectureTests/bin/Release/net10.0/CloudFileManager.ArchitectureTests.dll" adapterTypeName="executor://xunit/VsTestRunner3/netcore/" className="CloudFileManager.ArchitectureTests.LayerDependencyTests" name="L05" />
    </UnitTest>
    <UnitTest name="A09 same Root Reset cleans session without clearing domain" storage="/users/juyunho/documents/code/winbond/cloudfilemanager/tests/cloudfilemanager.architecturetests/bin/release/net10.0/cloudfilemanager.architecturetests.dll" id="e7efc74a-1cd0-66b5-90a3-26630f166bc5">
      <Execution id="0b213b90-7af3-4b41-91cc-d4d47385665b" />
      <TestMethod codeBase="/Users/juyunho/Documents/Code/winbond/CloudFileManager/tests/CloudFileManager.ArchitectureTests/bin/Release/net10.0/CloudFileManager.ArchitectureTests.dll" adapterTypeName="executor://xunit/VsTestRunner3/netcore/" className="CloudFileManager.ArchitectureTests.SessionLifecycleTests" name="A09" />
    </UnitTest>
    <UnitTest name="A06 invalid visitor/search arguments do not visit" storage="/users/juyunho/documents/code/winbond/cloudfilemanager/tests/cloudfilemanager.architecturetests/bin/release/net10.0/cloudfilemanager.architecturetests.dll" id="8d32fdc8-d8b4-3294-0b24-f91cd1200a6f">
      <Execution id="49ab6319-e2a2-41a8-bdfa-2ef5534c13df" />
      <TestMethod codeBase="/Users/juyunho/Documents/Code/winbond/CloudFileManager/tests/CloudFileManager.ArchitectureTests/bin/Release/net10.0/CloudFileManager.ArchitectureTests.dll" adapterTypeName="executor://xunit/VsTestRunner3/netcore/" className="CloudFileManager.ArchitectureTests.VisitorBehaviorTests" name="A06" />
    </UnitTest>
    <UnitTest name="A08 invalid Reset preserves root clipboard and both histories" storage="/users/juyunho/documents/code/winbond/cloudfilemanager/tests/cloudfilemanager.architecturetests/bin/release/net10.0/cloudfilemanager.architecturetests.dll" id="f6a380b1-5c9d-47eb-6f04-00e65595169f">
      <Execution id="ba91e6bf-a367-468c-961f-95281b520719" />
      <TestMethod codeBase="/Users/juyunho/Documents/Code/winbond/CloudFileManager/tests/CloudFileManager.ArchitectureTests/bin/Release/net10.0/CloudFileManager.ArchitectureTests.dll" adapterTypeName="executor://xunit/VsTestRunner3/netcore/" className="CloudFileManager.ArchitectureTests.SessionLifecycleTests" name="A08" />
    </UnitTest>
    <UnitTest name="L04 negative control detects fully qualified Application reference in method body" storage="/users/juyunho/documents/code/winbond/cloudfilemanager/tests/cloudfilemanager.architecturetests/bin/release/net10.0/cloudfilemanager.architecturetests.dll" id="97ebc00a-3a2f-5498-b1d3-c1685ed6e842">
      <Execution id="5ce207bc-b65d-4ec5-ab43-e9f5962100d2" />
      <TestMethod codeBase="/Users/juyunho/Documents/Code/winbond/CloudFileManager/tests/CloudFileManager.ArchitectureTests/bin/Release/net10.0/CloudFileManager.ArchitectureTests.dll" adapterTypeName="executor://xunit/VsTestRunner3/netcore/" className="CloudFileManager.ArchitectureTests.LayerDependencyTests" name="L04" />
    </UnitTest>
    <UnitTest name="L06 Application mutation access limited to approved commands bootstrap and revision reader" storage="/users/juyunho/documents/code/winbond/cloudfilemanager/tests/cloudfilemanager.architecturetests/bin/release/net10.0/cloudfilemanager.architecturetests.dll" id="fcb1aa50-5d63-f854-3b0b-9e3a524f8b73">
      <Execution id="92b9a1f1-dc66-4ffc-ab4e-90d4df583a53" />
      <TestMethod codeBase="/Users/juyunho/Documents/Code/winbond/CloudFileManager/tests/CloudFileManager.ArchitectureTests/bin/Release/net10.0/CloudFileManager.ArchitectureTests.dll" adapterTypeName="executor://xunit/VsTestRunner3/netcore/" className="CloudFileManager.ArchitectureTests.LayerDependencyTests" name="L06" />
    </UnitTest>
    <UnitTest name="A11 Reset does not alter independent EditingSession" storage="/users/juyunho/documents/code/winbond/cloudfilemanager/tests/cloudfilemanager.architecturetests/bin/release/net10.0/cloudfilemanager.architecturetests.dll" id="10f8b8ad-c723-580e-d7bf-23bd2ef3a683">
      <Execution id="3c595b57-1e05-4618-8c61-b460a7e3f968" />
      <TestMethod codeBase="/Users/juyunho/Documents/Code/winbond/CloudFileManager/tests/CloudFileManager.ArchitectureTests/bin/Release/net10.0/CloudFileManager.ArchitectureTests.dll" adapterTypeName="executor://xunit/VsTestRunner3/netcore/" className="CloudFileManager.ArchitectureTests.SessionLifecycleTests" name="A11" />
    </UnitTest>
    <UnitTest name="L02 Domain has no Console TextWriter or XML presentation dependencies" storage="/users/juyunho/documents/code/winbond/cloudfilemanager/tests/cloudfilemanager.architecturetests/bin/release/net10.0/cloudfilemanager.architecturetests.dll" id="1f9f3f54-f1d1-5e1b-daa3-0f6e262105df">
      <Execution id="3195070d-a1c6-43a5-acaa-63ce9db6a744" />
      <TestMethod codeBase="/Users/juyunho/Documents/Code/winbond/CloudFileManager/tests/CloudFileManager.ArchitectureTests/bin/Release/net10.0/CloudFileManager.ArchitectureTests.dll" adapterTypeName="executor://xunit/VsTestRunner3/netcore/" className="CloudFileManager.ArchitectureTests.LayerDependencyTests" name="L02" />
    </UnitTest>
    <UnitTest name="A10 shared references use one Command history and preserve failure/noop" storage="/users/juyunho/documents/code/winbond/cloudfilemanager/tests/cloudfilemanager.architecturetests/bin/release/net10.0/cloudfilemanager.architecturetests.dll" id="46338258-5bcb-d275-9cd2-0f434bc2afa2">
      <Execution id="785bb624-5054-4d88-b360-a98a7aa11939" />
      <TestMethod codeBase="/Users/juyunho/Documents/Code/winbond/CloudFileManager/tests/CloudFileManager.ArchitectureTests/bin/Release/net10.0/CloudFileManager.ArchitectureTests.dll" adapterTypeName="executor://xunit/VsTestRunner3/netcore/" className="CloudFileManager.ArchitectureTests.SessionLifecycleTests" name="A10" />
    </UnitTest>
    <UnitTest name="A02 typed Accept dispatch is one node, traversal owns DFS" storage="/users/juyunho/documents/code/winbond/cloudfilemanager/tests/cloudfilemanager.architecturetests/bin/release/net10.0/cloudfilemanager.architecturetests.dll" id="6a317b73-4df6-c26b-5acb-c57e84477b4f">
      <Execution id="1fa3c6a0-4835-44ad-a5a4-0936e6b2927e" />
      <TestMethod codeBase="/Users/juyunho/Documents/Code/winbond/CloudFileManager/tests/CloudFileManager.ArchitectureTests/bin/Release/net10.0/CloudFileManager.ArchitectureTests.dll" adapterTypeName="executor://xunit/VsTestRunner3/netcore/" className="CloudFileManager.ArchitectureTests.VisitorBehaviorTests" name="A02" />
    </UnitTest>
    <UnitTest name="L01 Domain compiled metadata and IL depend only on Domain or BCL" storage="/users/juyunho/documents/code/winbond/cloudfilemanager/tests/cloudfilemanager.architecturetests/bin/release/net10.0/cloudfilemanager.architecturetests.dll" id="ce27e6cb-3f10-c749-125f-30d31638844b">
      <Execution id="fd2d41b7-e0db-4c16-804d-38f32b5c6717" />
      <TestMethod codeBase="/Users/juyunho/Documents/Code/winbond/CloudFileManager/tests/CloudFileManager.ArchitectureTests/bin/Release/net10.0/CloudFileManager.ArchitectureTests.dll" adapterTypeName="executor://xunit/VsTestRunner3/netcore/" className="CloudFileManager.ArchitectureTests.LayerDependencyTests" name="L01" />
    </UnitTest>
    <UnitTest name="A07 reset replaces Root clears populated clipboard undo redo" storage="/users/juyunho/documents/code/winbond/cloudfilemanager/tests/cloudfilemanager.architecturetests/bin/release/net10.0/cloudfilemanager.architecturetests.dll" id="d22702e2-8176-82f8-e7cb-387f5c5dcd6e">
      <Execution id="6e7e8b09-90cf-447a-9c3f-32b7b8dbe38c" />
      <TestMethod codeBase="/Users/juyunho/Documents/Code/winbond/CloudFileManager/tests/CloudFileManager.ArchitectureTests/bin/Release/net10.0/CloudFileManager.ArchitectureTests.dll" adapterTypeName="executor://xunit/VsTestRunner3/netcore/" className="CloudFileManager.ArchitectureTests.SessionLifecycleTests" name="A07" />
    </UnitTest>
  </TestDefinitions>
  <TestEntries>
    <TestEntry testId="6a317b73-4df6-c26b-5acb-c57e84477b4f" executionId="1fa3c6a0-4835-44ad-a5a4-0936e6b2927e" testListId="8c84fa94-04c1-424b-9868-57a2d4851a1d" />
    <TestEntry testId="b0c0cce7-8d26-f7fe-cd5b-538608b46ada" executionId="cc0db6c9-4fb9-4986-9a04-54aca3841434" testListId="8c84fa94-04c1-424b-9868-57a2d4851a1d" />
    <TestEntry testId="a1bdec1d-4f85-05be-26f3-e57d3fc6e19a" executionId="e0ca12b0-ac5d-4819-abe1-b4a20cdaaf1e" testListId="8c84fa94-04c1-424b-9868-57a2d4851a1d" />
    <TestEntry testId="10f8b8ad-c723-580e-d7bf-23bd2ef3a683" executionId="3c595b57-1e05-4618-8c61-b460a7e3f968" testListId="8c84fa94-04c1-424b-9868-57a2d4851a1d" />
    <TestEntry testId="68a525fc-0f0b-0be4-8cc5-dd3bdb095a0b" executionId="42e7d784-222f-4619-b88d-70995fe936ef" testListId="8c84fa94-04c1-424b-9868-57a2d4851a1d" />
    <TestEntry testId="d14c67ab-5098-337d-ec32-70b10be4b6b3" executionId="a401983e-8451-4af6-a91d-d8b5a34dfdc0" testListId="8c84fa94-04c1-424b-9868-57a2d4851a1d" />
    <TestEntry testId="ce27e6cb-3f10-c749-125f-30d31638844b" executionId="fd2d41b7-e0db-4c16-804d-38f32b5c6717" testListId="8c84fa94-04c1-424b-9868-57a2d4851a1d" />
    <TestEntry testId="e7efc74a-1cd0-66b5-90a3-26630f166bc5" executionId="0b213b90-7af3-4b41-91cc-d4d47385665b" testListId="8c84fa94-04c1-424b-9868-57a2d4851a1d" />
    <TestEntry testId="0357f55c-8212-063f-2c8f-033590b47d5f" executionId="4ecbd5d6-ff16-4582-9afe-0fec83ab3249" testListId="8c84fa94-04c1-424b-9868-57a2d4851a1d" />
    <TestEntry testId="fcb1aa50-5d63-f854-3b0b-9e3a524f8b73" executionId="92b9a1f1-dc66-4ffc-ab4e-90d4df583a53" testListId="8c84fa94-04c1-424b-9868-57a2d4851a1d" />
    <TestEntry testId="d22702e2-8176-82f8-e7cb-387f5c5dcd6e" executionId="6e7e8b09-90cf-447a-9c3f-32b7b8dbe38c" testListId="8c84fa94-04c1-424b-9868-57a2d4851a1d" />
    <TestEntry testId="2ea4866e-7868-b878-1ab9-23f863a998d7" executionId="f6586aaa-f254-4320-9e0b-6b1ab311ac3e" testListId="8c84fa94-04c1-424b-9868-57a2d4851a1d" />
    <TestEntry testId="f6a380b1-5c9d-47eb-6f04-00e65595169f" executionId="ba91e6bf-a367-468c-961f-95281b520719" testListId="8c84fa94-04c1-424b-9868-57a2d4851a1d" />
    <TestEntry testId="1f9f3f54-f1d1-5e1b-daa3-0f6e262105df" executionId="3195070d-a1c6-43a5-acaa-63ce9db6a744" testListId="8c84fa94-04c1-424b-9868-57a2d4851a1d" />
    <TestEntry testId="97ebc00a-3a2f-5498-b1d3-c1685ed6e842" executionId="5ce207bc-b65d-4ec5-ab43-e9f5962100d2" testListId="8c84fa94-04c1-424b-9868-57a2d4851a1d" />
    <TestEntry testId="b7728d61-757c-127b-2ef4-c2549c467b48" executionId="b2180f3a-c6e5-47fe-97d5-02fbc9b31c58" testListId="8c84fa94-04c1-424b-9868-57a2d4851a1d" />
    <TestEntry testId="46338258-5bcb-d275-9cd2-0f434bc2afa2" executionId="785bb624-5054-4d88-b360-a98a7aa11939" testListId="8c84fa94-04c1-424b-9868-57a2d4851a1d" />
    <TestEntry testId="8d32fdc8-d8b4-3294-0b24-f91cd1200a6f" executionId="49ab6319-e2a2-41a8-bdfa-2ef5534c13df" testListId="8c84fa94-04c1-424b-9868-57a2d4851a1d" />
  </TestEntries>
  <TestLists>
    <TestList name="Results Not in a List" id="8c84fa94-04c1-424b-9868-57a2d4851a1d" />
    <TestList name="All Loaded Results" id="19431567-8539-422a-85d7-44ee4e166bda" />
  </TestLists>
  <ResultSummary outcome="Completed">
    <Counters total="18" executed="18" passed="18" failed="0" error="0" timeout="0" aborted="0" inconclusive="0" passedButRunAborted="0" notRunnable="0" notExecuted="0" disconnected="0" warning="0" completed="0" inProgress="0" pending="0" />
    <Output>
      <StdOut>[xUnit.net 00:00:00.00] xUnit.net VSTest Adapter v3.1.5+1b188a7b0a (64-bit .NET 10.0.12)
[xUnit.net 00:00:00.53]   Discovering: CloudFileManager.ArchitectureTests
[xUnit.net 00:00:00.66]   Discovered:  CloudFileManager.ArchitectureTests
[xUnit.net 00:00:00.79]   Starting:    CloudFileManager.ArchitectureTests
[xUnit.net 00:00:00.97]   Finished:    CloudFileManager.ArchitectureTests (ID = 'e5fcbe0cd9c4f2ebb38ac055517eab9a4244c1cce1010963d176306f158fd342')
</StdOut>
    </Output>
  </ResultSummary>
</TestRun>